T4EE8 000:001.520   SEGGER J-Link V9.14a Log File
T4EE8 000:001.682   DLL Compiled: Jan 28 2026 17:11:52
T4EE8 000:001.689   Logging started @ 2026-08-13 06:56
T4EE8 000:001.696   Process: C:\Users\28379\.eclipse\com.renesas.platform_1363202710\DebugComp\RA\e2-server-gdb.exe
T4EE8 000:001.710 - 1.704ms 
T4EE8 000:001.726 JLINK_GetDLLVersion()
T4EE8 000:001.733 - 0.007ms returns 91401
T4EE8 000:004.283 JLINK_OpenEx(...)
T4EE8 000:013.967   Firmware: J-Link OB-RA4M2 compiled Dec 10 2025 15:52:53
T4EE8 000:014.521   Firmware: J-Link OB-RA4M2 compiled Dec 10 2025 15:52:53
T4EE8 000:026.207   Hardware: V1.00
T4EE8 000:026.235   S/N: 1082778351
T4EE8 000:026.242   OEM: SEGGER
T4EE8 000:026.256   Feature(s): None
T4EE8 000:026.928   Bootloader: 2021 May 14
T4EE8 000:027.333   USB speed mode: Full speed (12 MBit/s)
T4EE8 000:027.732   TELNET listener socket opened on port 19021
T4EE8 000:027.977   WEBSRV WEBSRV_Init(): Starting webserver thread(s)
T4EE8 000:028.283   WEBSRV Webserver running on local port 19080
T4EE8 000:028.423   Looking for J-Link GUI Server exe at: C:\Users\28379\.eclipse\com.renesas.platform_1363202710\DebugComp\RA\ARM\Segger_v9.14.1\JLinkGUIServer.exe
T4EE8 000:028.538   Looking for J-Link GUI Server exe at: D:\Programs\SEGGER\JLink_V966\JLinkGUIServer.exe
T4EE8 000:028.581   Forking J-Link GUI Server: D:\Programs\SEGGER\JLink_V966\JLinkGUIServer.exe
T4EE8 000:060.107   J-Link GUI Server info: "J-Link GUI server V9.66 "
T4EE8 000:067.847 - 63.555ms returns "O.K."
T4EE8 000:067.988 JLINK_TIF_Select(JLINKARM_TIF_SWD)
T4EE8 000:068.566 - 0.578ms returns 0x00
T4EE8 000:068.596 JLINK_ClrRESET()
T4EE8 000:068.775 - 0.178ms 
T4EE8 000:119.256 JLINK_SetSpeed(1500)
T4EE8 000:119.431 - 0.181ms 
T4EE8 000:119.452 JLINK_CORESIGHT_Configure(PerformTIFInit=0)
T4EE8 000:119.813 - 0.363ms returns 0
T4EE8 000:120.296 JLINK_CORESIGHT_ReadAPDPReg(DP reg 0x00)
T4EE8 000:120.720   Value=0x6BA02477
T4EE8 000:120.740 - 0.449ms returns 0
T4EE8 000:120.753 JLINK_CORESIGHT_WriteAPDPReg(DP reg 0x00, 0x0000001F)
T4EE8 000:120.954 - 0.201ms returns 0
T4EE8 000:120.968 JLINK_CORESIGHT_ReadAPDPReg(DP reg 0x00)
T4EE8 000:121.191   Value=0x6BA02477
T4EE8 000:121.199 - 0.231ms returns 0
T4EE8 000:121.206 JLINK_CORESIGHT_WriteAPDPReg(DP reg 0x02, 0x00000000)
T4EE8 000:121.458 - 0.251ms returns 0
T4EE8 000:121.474 JLINK_CORESIGHT_WriteAPDPReg(DP reg 0x01, 0x50000000)
T4EE8 000:121.663 - 0.188ms returns 0
T4EE8 000:121.679 JLINK_CORESIGHT_ReadAPDPReg(DP reg 0x01)
T4EE8 000:121.896   Value=0xF0000040
T4EE8 000:121.916 - 0.237ms returns 0
T4EE8 000:121.926 JLINK_CORESIGHT_WriteAPDPReg(DP reg 0x00, 0x0000001F)
T4EE8 000:122.138 - 0.211ms returns 0
T4EE8 000:122.156 JLINK_CORESIGHT_ReadAPDPReg(DP reg 0x00)
T4EE8 000:122.363   Value=0x6BA02477
T4EE8 000:122.384 - 0.228ms returns 0
T4EE8 000:122.394 JLINK_CORESIGHT_WriteAPDPReg(DP reg 0x01, 0x54000000)
T4EE8 000:122.612 - 0.217ms returns 0
T4EE8 000:122.629 JLINK_CORESIGHT_WriteAPDPReg(DP reg 0x01, 0x50000F00)
T4EE8 000:122.838 - 0.208ms returns 0
T4EE8 000:122.858 JLINK_CORESIGHT_WriteAPDPReg(DP reg 0x02, 0x01000000)
T4EE8 000:123.058 - 0.200ms returns 0
T4EE8 000:123.070 JLINK_CORESIGHT_WriteAPDPReg(AP reg 0x00, 0x80000002)
T4EE8 000:123.327 - 0.257ms returns 0
T4EE8 000:123.340 JLINK_CORESIGHT_WriteAPDPReg(AP reg 0x01, 0x80011100)
T4EE8 000:123.550 - 0.210ms returns 0
T4EE8 000:123.570 JLINK_CORESIGHT_WriteAPDPReg(AP reg 0x03, 0x000000A5)
T4EE8 000:123.776 - 0.205ms returns 0
T4EE8 000:123.794 JLINK_CORESIGHT_WriteAPDPReg(AP reg 0x00, 0x80000002)
T4EE8 000:123.999 - 0.204ms returns 0
T4EE8 000:124.015 JLINK_CORESIGHT_WriteAPDPReg(AP reg 0x01, 0x80011100)
T4EE8 000:124.213 - 0.197ms returns 0
T4EE8 000:124.230 JLINK_CORESIGHT_ReadAPDPReg(AP reg 0x03)
T4EE8 000:124.503   Value=0x000000A5
T4EE8 000:124.519 - 0.288ms returns 0
T4EE8 000:124.528 JLINK_ClrTMS()
T4EE8 000:124.598 - 0.070ms 
T4EE8 000:130.244 JLINK_SetTCK()
T4EE8 000:130.377 - 0.132ms returns 0
T4EE8 000:136.239 JLINK_SetRESET()
T4EE8 000:136.391 - 0.150ms 
T4EE8 000:336.944 JLINK_CORESIGHT_WriteAPDPReg(AP reg 0x00, 0x80000002)
T4EE8 000:337.429 - 0.485ms returns 0
T4EE8 000:337.443 JLINK_CORESIGHT_WriteAPDPReg(AP reg 0x01, 0x80011100)
T4EE8 000:337.683 - 0.240ms returns 0
T4EE8 000:337.694 JLINK_CORESIGHT_ReadAPDPReg(AP reg 0x03)
T4EE8 000:337.985   Value=0x00000000
T4EE8 000:337.997 - 0.303ms returns 0
T4EE8 000:338.009 JLINK_CORESIGHT_WriteAPDPReg(AP reg 0x00, 0x80000002)
T4EE8 000:338.230 - 0.221ms returns 0
T4EE8 000:338.238 JLINK_CORESIGHT_WriteAPDPReg(AP reg 0x01, 0x80011140)
T4EE8 000:338.458 - 0.219ms returns 0
T4EE8 000:338.470 JLINK_CORESIGHT_ReadAPDPReg(AP reg 0x03)
T4EE8 000:338.714   Value=0x00000002
T4EE8 000:338.723 - 0.253ms returns 0
T4EE8 000:338.730 JLINK_CORESIGHT_WriteAPDPReg(AP reg 0x00, 0x80000002)
T4EE8 000:338.934 - 0.204ms returns 0
T4EE8 000:338.943 JLINK_CORESIGHT_WriteAPDPReg(AP reg 0x01, 0x80011120)
T4EE8 000:339.196 - 0.253ms returns 0
T4EE8 000:339.205 JLINK_CORESIGHT_WriteAPDPReg(AP reg 0x03, 0x00000055)
T4EE8 000:339.410 - 0.205ms returns 0
T4EE8 000:339.419 JLINK_CORESIGHT_WriteAPDPReg(AP reg 0x00, 0x80000002)
T4EE8 000:339.624 - 0.204ms returns 0
T4EE8 000:339.636 JLINK_CORESIGHT_WriteAPDPReg(AP reg 0x01, 0x80011140)
T4EE8 000:339.851 - 0.215ms returns 0
T4EE8 000:339.870 JLINK_CORESIGHT_ReadAPDPReg(AP reg 0x03)
T4EE8 000:340.194   Value=0x00000002
T4EE8 000:340.202 - 0.332ms returns 0
T4EE8 000:340.210 JLINK_CORESIGHT_ReadAPDPReg(AP reg 0x03)
T4EE8 000:340.456   Value=0x00000002
T4EE8 000:340.465 - 0.255ms returns 0
T4EE8 000:340.471 JLINK_CORESIGHT_ReadAPDPReg(AP reg 0x03)
T4EE8 000:340.693   Value=0x00000002
T4EE8 000:340.702 - 0.230ms returns 0
T4EE8 000:340.708 JLINK_CORESIGHT_ReadAPDPReg(AP reg 0x03)
T4EE8 000:340.937   Value=0x00000002
T4EE8 000:340.945 - 0.236ms returns 0
T4EE8 000:340.952 JLINK_CORESIGHT_ReadAPDPReg(AP reg 0x03)
T4EE8 000:341.193   Value=0x00000002
T4EE8 000:341.201 - 0.249ms returns 0
T4EE8 000:341.207 JLINK_CORESIGHT_ReadAPDPReg(AP reg 0x03)
T4EE8 000:341.437   Value=0x00000002
T4EE8 000:341.446 - 0.238ms returns 0
T4EE8 000:341.452 JLINK_CORESIGHT_ReadAPDPReg(AP reg 0x03)
T4EE8 000:341.679   Value=0x00000002
T4EE8 000:341.687 - 0.234ms returns 0
T4EE8 000:341.693 JLINK_CORESIGHT_ReadAPDPReg(AP reg 0x03)
T4EE8 000:341.938   Value=0x00000002
T4EE8 000:341.945 - 0.252ms returns 0
T4EE8 000:341.952 JLINK_CORESIGHT_ReadAPDPReg(AP reg 0x03)
T4EE8 000:342.194   Value=0x00000002
T4EE8 000:342.201 - 0.249ms returns 0
T4EE8 000:342.208 JLINK_CORESIGHT_ReadAPDPReg(AP reg 0x03)
T4EE8 000:342.436   Value=0x00000002
T4EE8 000:342.443 - 0.235ms returns 0
T4EE8 000:342.449 JLINK_CORESIGHT_ReadAPDPReg(AP reg 0x03)
T4EE8 000:342.678   Value=0x00000002
T4EE8 000:342.685 - 0.235ms returns 0
T4EE8 000:342.691 JLINK_CORESIGHT_ReadAPDPReg(AP reg 0x03)
T4EE8 000:342.946   Value=0x00000002
T4EE8 000:342.953 - 0.262ms returns 0
T4EE8 000:342.959 JLINK_CORESIGHT_ReadAPDPReg(AP reg 0x03)
T4EE8 000:343.196   Value=0x00000002
T4EE8 000:343.204 - 0.244ms returns 0
T4EE8 000:343.210 JLINK_CORESIGHT_ReadAPDPReg(AP reg 0x03)
T4EE8 000:343.451   Value=0x00000002
T4EE8 000:343.458 - 0.248ms returns 0
T4EE8 000:343.465 JLINK_CORESIGHT_ReadAPDPReg(AP reg 0x03)
T4EE8 000:343.694   Value=0x00000002
T4EE8 000:343.701 - 0.236ms returns 0
T4EE8 000:343.707 JLINK_CORESIGHT_ReadAPDPReg(AP reg 0x03)
T4EE8 000:343.942   Value=0x00000002
T4EE8 000:343.949 - 0.242ms returns 0
T4EE8 000:343.956 JLINK_CORESIGHT_ReadAPDPReg(AP reg 0x03)
T4EE8 000:344.193   Value=0x00000002
T4EE8 000:344.200 - 0.244ms returns 0
T4EE8 000:344.206 JLINK_CORESIGHT_ReadAPDPReg(AP reg 0x03)
T4EE8 000:344.470   Value=0x00000002
T4EE8 000:344.492 - 0.286ms returns 0
T4EE8 000:344.503 JLINK_CORESIGHT_ReadAPDPReg(AP reg 0x03)
T4EE8 000:344.749   Value=0x00000002
T4EE8 000:344.765 - 0.262ms returns 0
T4EE8 000:344.773 JLINK_CORESIGHT_ReadAPDPReg(AP reg 0x03)
T4EE8 000:345.044   Value=0x00000002
T4EE8 000:345.052 - 0.278ms returns 0
T4EE8 000:345.059 JLINK_CORESIGHT_ReadAPDPReg(AP reg 0x03)
T4EE8 000:345.348   Value=0x00000002
T4EE8 000:345.366 - 0.307ms returns 0
T4EE8 000:345.374 JLINK_CORESIGHT_ReadAPDPReg(AP reg 0x03)
T4EE8 000:345.612   Value=0x00000002
T4EE8 000:345.622 - 0.247ms returns 0
T4EE8 000:345.630 JLINK_CORESIGHT_ReadAPDPReg(AP reg 0x03)
T4EE8 000:345.886   Value=0x00000002
T4EE8 000:345.895 - 0.265ms returns 0
T4EE8 000:345.903 JLINK_CORESIGHT_ReadAPDPReg(AP reg 0x03)
T4EE8 000:346.197   Value=0x00000002
T4EE8 000:346.208 - 0.304ms returns 0
T4EE8 000:346.216 JLINK_CORESIGHT_ReadAPDPReg(AP reg 0x03)
T4EE8 000:346.458   Value=0x00000002
T4EE8 000:346.466 - 0.250ms returns 0
T4EE8 000:346.472 JLINK_CORESIGHT_ReadAPDPReg(AP reg 0x03)
T4EE8 000:346.719   Value=0x00000002
T4EE8 000:346.726 - 0.254ms returns 0
T4EE8 000:346.732 JLINK_CORESIGHT_ReadAPDPReg(AP reg 0x03)
T4EE8 000:346.989   Value=0x00000002
T4EE8 000:347.000 - 0.267ms returns 0
T4EE8 000:347.009 JLINK_CORESIGHT_ReadAPDPReg(AP reg 0x03)
T4EE8 000:347.247   Value=0x00000002
T4EE8 000:347.256 - 0.247ms returns 0
T4EE8 000:347.264 JLINK_CORESIGHT_ReadAPDPReg(AP reg 0x03)
T4EE8 000:347.493   Value=0x00000002
T4EE8 000:347.502 - 0.238ms returns 0
T4EE8 000:347.509 JLINK_CORESIGHT_ReadAPDPReg(AP reg 0x03)
T4EE8 000:347.755   Value=0x00000002
T4EE8 000:347.762 - 0.253ms returns 0
T4EE8 000:347.769 JLINK_CORESIGHT_ReadAPDPReg(AP reg 0x03)
T4EE8 000:348.002   Value=0x00000002
T4EE8 000:348.011 - 0.242ms returns 0
T4EE8 000:348.019 JLINK_CORESIGHT_ReadAPDPReg(AP reg 0x03)
T4EE8 000:348.279   Value=0x00000002
T4EE8 000:348.289 - 0.270ms returns 0
T4EE8 000:348.296 JLINK_CORESIGHT_ReadAPDPReg(AP reg 0x03)
T4EE8 000:348.574   Value=0x00000002
T4EE8 000:348.596 - 0.299ms returns 0
T4EE8 000:348.607 JLINK_CORESIGHT_ReadAPDPReg(AP reg 0x03)
T4EE8 000:348.856   Value=0x00000002
T4EE8 000:348.865 - 0.258ms returns 0
T4EE8 000:348.872 JLINK_CORESIGHT_ReadAPDPReg(AP reg 0x03)
T4EE8 000:349.119   Value=0x00000002
T4EE8 000:349.136 - 0.263ms returns 0
T4EE8 000:349.145 JLINK_CORESIGHT_ReadAPDPReg(AP reg 0x03)
T4EE8 000:349.411   Value=0x00000002
T4EE8 000:349.438 - 0.293ms returns 0
T4EE8 000:349.450 JLINK_CORESIGHT_ReadAPDPReg(AP reg 0x03)
T4EE8 000:349.703   Value=0x00000002
T4EE8 000:349.719 - 0.268ms returns 0
T4EE8 000:349.727 JLINK_CORESIGHT_ReadAPDPReg(AP reg 0x03)
T4EE8 000:349.965   Value=0x00000002
T4EE8 000:349.977 - 0.249ms returns 0
T4EE8 000:349.996 JLINK_CORESIGHT_ReadAPDPReg(AP reg 0x03)
T4EE8 000:350.241   Value=0x00000002
T4EE8 000:350.262 - 0.265ms returns 0
T4EE8 000:350.859 JLINK_CORESIGHT_ReadAPDPReg(AP reg 0x03)
T4EE8 000:351.212   Value=0x00000000
T4EE8 000:351.228 - 0.369ms returns 0
T4EE8 000:351.237 JLINK_CORESIGHT_WriteAPDPReg(AP reg 0x00, 0x80000002)
T4EE8 000:351.463 - 0.226ms returns 0
T4EE8 000:351.480 JLINK_CORESIGHT_WriteAPDPReg(AP reg 0x01, 0x80011130)
T4EE8 000:351.695 - 0.214ms returns 0
T4EE8 000:351.712 JLINK_CORESIGHT_ReadAPDPReg(AP reg 0x03)
T4EE8 000:351.956   Value=0x000000C6
T4EE8 000:351.977 - 0.265ms returns 0
T4EE8 000:352.002 JLINK_CORESIGHT_WriteAPDPReg(AP reg 0x00, 0x80000002)
T4EE8 000:352.218 - 0.216ms returns 0
T4EE8 000:352.236 JLINK_CORESIGHT_WriteAPDPReg(AP reg 0x01, 0x80011140)
T4EE8 000:352.478 - 0.242ms returns 0
T4EE8 000:352.494 JLINK_CORESIGHT_ReadAPDPReg(AP reg 0x03)
T4EE8 000:352.748   Value=0x00000002
T4EE8 000:352.763 - 0.268ms returns 0
T4EE8 000:352.771 JLINK_CORESIGHT_WriteAPDPReg(AP reg 0x00, 0x80000002)
T4EE8 000:353.007 - 0.235ms returns 0
T4EE8 000:353.027 JLINK_CORESIGHT_WriteAPDPReg(AP reg 0x01, 0x80011120)
T4EE8 000:353.241 - 0.213ms returns 0
T4EE8 000:353.257 JLINK_CORESIGHT_WriteAPDPReg(AP reg 0x03, 0x3A010001)
T4EE8 000:353.466 - 0.208ms returns 0
T4EE8 000:353.483 JLINK_CORESIGHT_WriteAPDPReg(AP reg 0x00, 0x80000002)
T4EE8 000:353.691 - 0.207ms returns 0
T4EE8 000:353.712 JLINK_CORESIGHT_WriteAPDPReg(AP reg 0x01, 0x80011140)
T4EE8 000:353.942 - 0.229ms returns 0
T4EE8 000:353.975 JLINK_CORESIGHT_ReadAPDPReg(AP reg 0x03)
T4EE8 000:354.263   Value=0x00000002
T4EE8 000:354.280 - 0.304ms returns 0
T4EE8 000:354.288 JLINK_CORESIGHT_WriteAPDPReg(AP reg 0x00, 0x80000002)
T4EE8 000:354.489 - 0.200ms returns 0
T4EE8 000:354.509 JLINK_CORESIGHT_WriteAPDPReg(AP reg 0x01, 0x80011120)
T4EE8 000:354.712 - 0.203ms returns 0
T4EE8 000:354.731 JLINK_CORESIGHT_WriteAPDPReg(AP reg 0x03, 0x000003C5)
T4EE8 000:354.937 - 0.205ms returns 0
T4EE8 000:354.957 JLINK_CORESIGHT_WriteAPDPReg(AP reg 0x00, 0x80000002)
T4EE8 000:355.199 - 0.242ms returns 0
T4EE8 000:355.217 JLINK_CORESIGHT_WriteAPDPReg(AP reg 0x01, 0x80011140)
T4EE8 000:355.415 - 0.198ms returns 0
T4EE8 000:355.426 JLINK_CORESIGHT_ReadAPDPReg(AP reg 0x03)
T4EE8 000:355.685   Value=0x00000002
T4EE8 000:355.704 - 0.277ms returns 0
T4EE8 000:355.714 JLINK_CORESIGHT_ReadAPDPReg(AP reg 0x03)
T4EE8 000:355.967   Value=0x00000002
T4EE8 000:355.987 - 0.273ms returns 0
T4EE8 000:355.997 JLINK_CORESIGHT_ReadAPDPReg(AP reg 0x03)
T4EE8 000:356.234   Value=0x00000002
T4EE8 000:356.250 - 0.253ms returns 0
T4EE8 000:356.259 JLINK_CORESIGHT_ReadAPDPReg(AP reg 0x03)
T4EE8 000:356.521   Value=0x00000002
T4EE8 000:356.537 - 0.278ms returns 0
T4EE8 000:356.546 JLINK_CORESIGHT_ReadAPDPReg(AP reg 0x03)
T4EE8 000:356.801   Value=0x00000002
T4EE8 000:356.810 - 0.264ms returns 0
T4EE8 000:356.817 JLINK_CORESIGHT_ReadAPDPReg(AP reg 0x03)
T4EE8 000:357.063   Value=0x00000000
T4EE8 000:357.079 - 0.262ms returns 0
T4EE8 000:357.088 JLINK_CORESIGHT_WriteAPDPReg(AP reg 0x00, 0x80000002)
T4EE8 000:357.318 - 0.230ms returns 0
T4EE8 000:357.339 JLINK_CORESIGHT_WriteAPDPReg(AP reg 0x01, 0x80011130)
T4EE8 000:357.542 - 0.203ms returns 0
T4EE8 000:357.559 JLINK_CORESIGHT_ReadAPDPReg(AP reg 0x03)
T4EE8 000:357.796   Value=0x3A2A0081
T4EE8 000:357.816 - 0.256ms returns 0
T4EE8 000:357.828 JLINK_CORESIGHT_WriteAPDPReg(AP reg 0x00, 0x80000002)
T4EE8 000:358.022 - 0.194ms returns 0
T4EE8 000:358.035 JLINK_CORESIGHT_WriteAPDPReg(AP reg 0x01, 0x80011140)
T4EE8 000:358.231 - 0.196ms returns 0
T4EE8 000:358.253 JLINK_CORESIGHT_ReadAPDPReg(AP reg 0x03)
T4EE8 000:358.505   Value=0x00000000
T4EE8 000:358.521 - 0.268ms returns 0
T4EE8 000:358.530 JLINK_CORESIGHT_WriteAPDPReg(AP reg 0x00, 0x80000002)
T4EE8 000:358.746 - 0.216ms returns 0
T4EE8 000:358.764 JLINK_CORESIGHT_WriteAPDPReg(AP reg 0x01, 0x80011130)
T4EE8 000:358.961 - 0.197ms returns 0
T4EE8 000:358.978 JLINK_CORESIGHT_ReadAPDPReg(AP reg 0x03)
T4EE8 000:359.258   Value=0x808D5B00
T4EE8 000:359.279 - 0.300ms returns 0
T4EE8 000:359.290 JLINK_CORESIGHT_WriteAPDPReg(AP reg 0x00, 0x80000002)
T4EE8 000:359.490 - 0.199ms returns 0
T4EE8 000:359.505 JLINK_CORESIGHT_WriteAPDPReg(AP reg 0x01, 0x80011140)
T4EE8 000:359.704 - 0.198ms returns 0
T4EE8 000:359.719 JLINK_CORESIGHT_ReadAPDPReg(AP reg 0x03)
T4EE8 000:359.985   Value=0x00000000
T4EE8 000:360.004 - 0.285ms returns 0
T4EE8 000:360.015 JLINK_CORESIGHT_WriteAPDPReg(AP reg 0x00, 0x80000002)
T4EE8 000:360.214 - 0.199ms returns 0
T4EE8 000:360.227 JLINK_CORESIGHT_WriteAPDPReg(AP reg 0x01, 0x80011130)
T4EE8 000:360.457 - 0.229ms returns 0
T4EE8 000:360.479 JLINK_CORESIGHT_ReadAPDPReg(AP reg 0x03)
T4EE8 000:360.764   Value=0x0406070A
T4EE8 000:360.774 - 0.295ms returns 0
T4EE8 000:360.783 JLINK_CORESIGHT_WriteAPDPReg(AP reg 0x00, 0x80000002)
T4EE8 000:361.000 - 0.217ms returns 0
T4EE8 000:361.022 JLINK_CORESIGHT_WriteAPDPReg(AP reg 0x01, 0x80011140)
T4EE8 000:361.244 - 0.222ms returns 0
T4EE8 000:361.262 JLINK_CORESIGHT_ReadAPDPReg(AP reg 0x03)
T4EE8 000:361.534   Value=0x00000000
T4EE8 000:361.553 - 0.291ms returns 0
T4EE8 000:361.564 JLINK_CORESIGHT_WriteAPDPReg(AP reg 0x00, 0x80000002)
T4EE8 000:361.778 - 0.213ms returns 0
T4EE8 000:361.797 JLINK_CORESIGHT_WriteAPDPReg(AP reg 0x01, 0x80011130)
T4EE8 000:361.990 - 0.193ms returns 0
T4EE8 000:362.001 JLINK_CORESIGHT_ReadAPDPReg(AP reg 0x03)
T4EE8 000:362.257   Value=0x3254540B
T4EE8 000:362.266 - 0.264ms returns 0
T4EE8 000:362.272 JLINK_CORESIGHT_WriteAPDPReg(AP reg 0x00, 0x80000002)
T4EE8 000:362.459 - 0.186ms returns 0
T4EE8 000:362.480 JLINK_CORESIGHT_WriteAPDPReg(AP reg 0x01, 0x80011140)
T4EE8 000:362.688 - 0.207ms returns 0
T4EE8 000:362.772 JLINK_CORESIGHT_ReadAPDPReg(AP reg 0x03)
T4EE8 000:363.029   Value=0x00000000
T4EE8 000:363.049 - 0.277ms returns 0
T4EE8 000:363.059 JLINK_CORESIGHT_WriteAPDPReg(AP reg 0x00, 0x80000002)
T4EE8 000:363.302 - 0.242ms returns 0
T4EE8 000:363.321 JLINK_CORESIGHT_WriteAPDPReg(AP reg 0x01, 0x80011130)
T4EE8 000:363.521 - 0.200ms returns 0
T4EE8 000:363.535 JLINK_CORESIGHT_ReadAPDPReg(AP reg 0x03)
T4EE8 000:363.769   Value=0x54A35059
T4EE8 000:363.779 - 0.244ms returns 0
T4EE8 000:363.786 JLINK_CORESIGHT_WriteAPDPReg(AP reg 0x00, 0x80000002)
T4EE8 000:363.991 - 0.205ms returns 0
T4EE8 000:364.013 JLINK_CORESIGHT_WriteAPDPReg(AP reg 0x01, 0x80011140)
T4EE8 000:364.232 - 0.218ms returns 0
T4EE8 000:364.252 JLINK_CORESIGHT_ReadAPDPReg(AP reg 0x03)
T4EE8 000:364.530   Value=0x00000000
T4EE8 000:364.548 - 0.295ms returns 0
T4EE8 000:364.557 JLINK_CORESIGHT_WriteAPDPReg(AP reg 0x00, 0x80000002)
T4EE8 000:364.756 - 0.198ms returns 0
T4EE8 000:364.769 JLINK_CORESIGHT_WriteAPDPReg(AP reg 0x01, 0x80011130)
T4EE8 000:364.974 - 0.205ms returns 0
T4EE8 000:364.986 JLINK_CORESIGHT_ReadAPDPReg(AP reg 0x03)
T4EE8 000:365.224   Value=0x34325736
T4EE8 000:365.240 - 0.254ms returns 0
T4EE8 000:365.249 JLINK_CORESIGHT_WriteAPDPReg(AP reg 0x00, 0x80000002)
T4EE8 000:365.453 - 0.203ms returns 0
T4EE8 000:365.462 JLINK_CORESIGHT_WriteAPDPReg(AP reg 0x01, 0x80011140)
T4EE8 000:365.665 - 0.202ms returns 0
T4EE8 000:365.687 JLINK_CORESIGHT_ReadAPDPReg(AP reg 0x03)
T4EE8 000:365.938   Value=0x00000000
T4EE8 000:365.954 - 0.267ms returns 0
T4EE8 000:365.963 JLINK_CORESIGHT_WriteAPDPReg(AP reg 0x00, 0x80000002)
T4EE8 000:366.206 - 0.242ms returns 0
T4EE8 000:366.223 JLINK_CORESIGHT_WriteAPDPReg(AP reg 0x01, 0x80011130)
T4EE8 000:366.462 - 0.239ms returns 0
T4EE8 000:366.478 JLINK_CORESIGHT_ReadAPDPReg(AP reg 0x03)
T4EE8 000:366.737   Value=0x88082D30
T4EE8 000:366.757 - 0.278ms returns 0
T4EE8 000:366.768 JLINK_CORESIGHT_WriteAPDPReg(AP reg 0x00, 0x80000002)
T4EE8 000:366.971 - 0.202ms returns 0
T4EE8 000:366.986 JLINK_CORESIGHT_WriteAPDPReg(AP reg 0x01, 0x80011140)
T4EE8 000:367.199 - 0.213ms returns 0
T4EE8 000:367.218 JLINK_CORESIGHT_ReadAPDPReg(AP reg 0x03)
T4EE8 000:367.477   Value=0x00000000
T4EE8 000:367.493 - 0.275ms returns 0
T4EE8 000:367.503 JLINK_CORESIGHT_WriteAPDPReg(AP reg 0x00, 0x80000002)
T4EE8 000:367.712 - 0.209ms returns 0
T4EE8 000:367.728 JLINK_CORESIGHT_WriteAPDPReg(AP reg 0x01, 0x80011130)
T4EE8 000:367.931 - 0.203ms returns 0
T4EE8 000:367.942 JLINK_CORESIGHT_ReadAPDPReg(AP reg 0x03)
T4EE8 000:368.477   Value=0x4B375269
T4EE8 000:368.495 - 0.552ms returns 0
T4EE8 000:368.504 JLINK_CORESIGHT_WriteAPDPReg(AP reg 0x00, 0x80000002)
T4EE8 000:368.709 - 0.204ms returns 0
T4EE8 000:368.724 JLINK_CORESIGHT_WriteAPDPReg(AP reg 0x01, 0x80011140)
T4EE8 000:368.937 - 0.212ms returns 0
T4EE8 000:368.953 JLINK_CORESIGHT_ReadAPDPReg(AP reg 0x03)
T4EE8 000:369.221   Value=0x00000000
T4EE8 000:369.232 - 0.279ms returns 0
T4EE8 000:369.239 JLINK_CORESIGHT_WriteAPDPReg(AP reg 0x00, 0x80000002)
T4EE8 000:369.450 - 0.210ms returns 0
T4EE8 000:369.460 JLINK_CORESIGHT_WriteAPDPReg(AP reg 0x01, 0x80011130)
T4EE8 000:369.813 - 0.351ms returns 0
T4EE8 000:369.835 JLINK_CORESIGHT_ReadAPDPReg(AP reg 0x03)
T4EE8 000:370.102   Value=0x31503841
T4EE8 000:370.122 - 0.286ms returns 0
T4EE8 000:370.132 JLINK_CORESIGHT_WriteAPDPReg(AP reg 0x00, 0x80000002)
T4EE8 000:370.360 - 0.227ms returns 0
T4EE8 000:370.381 JLINK_CORESIGHT_WriteAPDPReg(AP reg 0x01, 0x80011140)
T4EE8 000:370.594 - 0.212ms returns 0
T4EE8 000:370.612 JLINK_CORESIGHT_ReadAPDPReg(AP reg 0x03)
T4EE8 000:370.858   Value=0x00000000
T4EE8 000:370.872 - 0.259ms returns 0
T4EE8 000:370.880 JLINK_CORESIGHT_WriteAPDPReg(AP reg 0x00, 0x80000002)
T4EE8 000:371.078 - 0.197ms returns 0
T4EE8 000:371.099 JLINK_CORESIGHT_WriteAPDPReg(AP reg 0x01, 0x80011130)
T4EE8 000:371.358 - 0.258ms returns 0
T4EE8 000:371.375 JLINK_CORESIGHT_ReadAPDPReg(AP reg 0x03)
T4EE8 000:371.655   Value=0x434C464B
T4EE8 000:371.673 - 0.297ms returns 0
T4EE8 000:371.690 JLINK_CORESIGHT_WriteAPDPReg(AP reg 0x00, 0x80000002)
T4EE8 000:371.893 - 0.203ms returns 0
T4EE8 000:371.915 JLINK_CORESIGHT_WriteAPDPReg(AP reg 0x01, 0x80011140)
T4EE8 000:372.117 - 0.202ms returns 0
T4EE8 000:372.135 JLINK_CORESIGHT_ReadAPDPReg(AP reg 0x03)
T4EE8 000:372.379   Value=0x00000000
T4EE8 000:372.390 - 0.254ms returns 0
T4EE8 000:372.397 JLINK_CORESIGHT_WriteAPDPReg(AP reg 0x00, 0x80000002)
T4EE8 000:372.595 - 0.197ms returns 0
T4EE8 000:372.611 JLINK_CORESIGHT_WriteAPDPReg(AP reg 0x01, 0x80011130)
T4EE8 000:372.812 - 0.201ms returns 0
T4EE8 000:372.829 JLINK_CORESIGHT_ReadAPDPReg(AP reg 0x03)
T4EE8 000:373.094   Value=0x20204341
T4EE8 000:373.121 - 0.292ms returns 0
T4EE8 000:373.132 JLINK_CORESIGHT_WriteAPDPReg(AP reg 0x00, 0x80000002)
T4EE8 000:373.364 - 0.231ms returns 0
T4EE8 000:373.381 JLINK_CORESIGHT_WriteAPDPReg(AP reg 0x01, 0x80011140)
T4EE8 000:373.593 - 0.211ms returns 0
T4EE8 000:373.613 JLINK_CORESIGHT_ReadAPDPReg(AP reg 0x03)
T4EE8 000:373.877   Value=0x00000000
T4EE8 000:373.894 - 0.282ms returns 0
T4EE8 000:373.905 JLINK_CORESIGHT_WriteAPDPReg(AP reg 0x00, 0x80000002)
T4EE8 000:374.118 - 0.213ms returns 0
T4EE8 000:374.139 JLINK_CORESIGHT_WriteAPDPReg(AP reg 0x01, 0x80011130)
T4EE8 000:374.348 - 0.209ms returns 0
T4EE8 000:374.364 JLINK_CORESIGHT_ReadAPDPReg(AP reg 0x03)
T4EE8 000:374.638   Value=0x00037920
T4EE8 000:374.657 - 0.293ms returns 0
T4EE8 000:374.732 JLINK_CORESIGHT_WriteAPDPReg(AP reg 0x00, 0x80000002)
T4EE8 000:374.956 - 0.224ms returns 0
T4EE8 000:374.968 JLINK_CORESIGHT_WriteAPDPReg(AP reg 0x01, 0x80011140)
T4EE8 000:375.207 - 0.238ms returns 0
T4EE8 000:375.222 JLINK_CORESIGHT_ReadAPDPReg(AP reg 0x03)
T4EE8 000:375.514   Value=0x00000002
T4EE8 000:375.534 - 0.311ms returns 0
T4EE8 000:375.552 JLINK_CORESIGHT_WriteAPDPReg(AP reg 0x00, 0x80000002)
T4EE8 000:375.760 - 0.208ms returns 0
T4EE8 000:375.782 JLINK_CORESIGHT_WriteAPDPReg(AP reg 0x01, 0x80011120)
T4EE8 000:375.969 - 0.186ms returns 0
T4EE8 000:375.990 JLINK_CORESIGHT_WriteAPDPReg(AP reg 0x03, 0x39020001)
T4EE8 000:376.205 - 0.214ms returns 0
T4EE8 000:376.228 JLINK_CORESIGHT_WriteAPDPReg(AP reg 0x00, 0x80000002)
T4EE8 000:376.459 - 0.230ms returns 0
T4EE8 000:376.471 JLINK_CORESIGHT_WriteAPDPReg(AP reg 0x01, 0x80011140)
T4EE8 000:376.662 - 0.190ms returns 0
T4EE8 000:376.687 JLINK_CORESIGHT_ReadAPDPReg(AP reg 0x03)
T4EE8 000:376.950   Value=0x00000002
T4EE8 000:376.966 - 0.278ms returns 0
T4EE8 000:376.979 JLINK_CORESIGHT_WriteAPDPReg(AP reg 0x00, 0x80000002)
T4EE8 000:377.204 - 0.225ms returns 0
T4EE8 000:377.215 JLINK_CORESIGHT_WriteAPDPReg(AP reg 0x01, 0x80011120)
T4EE8 000:377.408 - 0.192ms returns 0
T4EE8 000:377.432 JLINK_CORESIGHT_WriteAPDPReg(AP reg 0x03, 0x0003B312)
T4EE8 000:377.658 - 0.225ms returns 0
T4EE8 000:377.684 JLINK_CORESIGHT_WriteAPDPReg(AP reg 0x00, 0x80000002)
T4EE8 000:377.907 - 0.223ms returns 0
T4EE8 000:377.931 JLINK_CORESIGHT_WriteAPDPReg(AP reg 0x01, 0x80011140)
T4EE8 000:378.199 - 0.268ms returns 0
T4EE8 000:378.216 JLINK_CORESIGHT_ReadAPDPReg(AP reg 0x03)
T4EE8 000:378.476   Value=0x00000000
T4EE8 000:378.487 - 0.271ms returns 0
T4EE8 000:378.499 JLINK_CORESIGHT_WriteAPDPReg(AP reg 0x00, 0x80000002)
T4EE8 000:380.561 - 2.061ms returns 0
T4EE8 000:380.602 JLINK_CORESIGHT_WriteAPDPReg(AP reg 0x01, 0x80011130)
T4EE8 000:380.843 - 0.240ms returns 0
T4EE8 000:380.865 JLINK_CORESIGHT_ReadAPDPReg(AP reg 0x03)
T4EE8 000:381.132   Value=0xB90A0081
T4EE8 000:381.147 - 0.282ms returns 0
T4EE8 000:381.161 JLINK_CORESIGHT_WriteAPDPReg(AP reg 0x00, 0x80000002)
T4EE8 000:381.373 - 0.211ms returns 0
T4EE8 000:381.394 JLINK_CORESIGHT_WriteAPDPReg(AP reg 0x01, 0x80011140)
T4EE8 000:381.597 - 0.203ms returns 0
T4EE8 000:381.613 JLINK_CORESIGHT_ReadAPDPReg(AP reg 0x03)
T4EE8 000:381.855   Value=0x00000000
T4EE8 000:381.864 - 0.251ms returns 0
T4EE8 000:381.875 JLINK_CORESIGHT_WriteAPDPReg(AP reg 0x00, 0x80000002)
T4EE8 000:382.072 - 0.196ms returns 0
T4EE8 000:382.094 JLINK_CORESIGHT_WriteAPDPReg(AP reg 0x01, 0x80011130)
T4EE8 000:382.310 - 0.216ms returns 0
T4EE8 000:382.337 JLINK_CORESIGHT_ReadAPDPReg(AP reg 0x03)
T4EE8 000:382.625   Value=0xFFFFFFC0
T4EE8 000:382.639 - 0.302ms returns 0
T4EE8 000:382.655 JLINK_CORESIGHT_WriteAPDPReg(AP reg 0x00, 0x80000002)
T4EE8 000:382.863 - 0.207ms returns 0
T4EE8 000:382.884 JLINK_CORESIGHT_WriteAPDPReg(AP reg 0x01, 0x80011140)
T4EE8 000:383.081 - 0.197ms returns 0
T4EE8 000:383.565 JLINK_CORESIGHT_ReadAPDPReg(AP reg 0x03)
T4EE8 000:383.849   Value=0x00000000
T4EE8 000:383.864 - 0.299ms returns 0
T4EE8 000:383.874 JLINK_CORESIGHT_WriteAPDPReg(AP reg 0x00, 0x80000002)
T4EE8 000:384.084 - 0.209ms returns 0
T4EE8 000:384.096 JLINK_CORESIGHT_WriteAPDPReg(AP reg 0x01, 0x80011130)
T4EE8 000:384.312 - 0.216ms returns 0
T4EE8 000:384.326 JLINK_CORESIGHT_ReadAPDPReg(AP reg 0x03)
T4EE8 000:384.582   Value=0xFFFFFFFF
T4EE8 000:384.595 - 0.269ms returns 0
T4EE8 000:384.605 JLINK_CORESIGHT_WriteAPDPReg(AP reg 0x00, 0x80000002)
T4EE8 000:384.803 - 0.198ms returns 0
T4EE8 000:384.812 JLINK_CORESIGHT_WriteAPDPReg(AP reg 0x01, 0x80011140)
T4EE8 000:385.014 - 0.202ms returns 0
T4EE8 000:385.028 JLINK_CORESIGHT_ReadAPDPReg(AP reg 0x03)
T4EE8 000:385.267   Value=0x00000000
T4EE8 000:385.276 - 0.247ms returns 0
T4EE8 000:385.284 JLINK_CORESIGHT_WriteAPDPReg(AP reg 0x00, 0x80000002)
T4EE8 000:385.473 - 0.189ms returns 0
T4EE8 000:385.498 JLINK_CORESIGHT_WriteAPDPReg(AP reg 0x01, 0x80011130)
T4EE8 000:385.718 - 0.220ms returns 0
T4EE8 000:385.728 JLINK_CORESIGHT_ReadAPDPReg(AP reg 0x03)
T4EE8 000:385.966   Value=0x000385FF
T4EE8 000:385.977 - 0.249ms returns 0
T4EE8 000:386.059 JLINK_CORESIGHT_WriteAPDPReg(AP reg 0x00, 0x80000002)
T4EE8 000:386.307 - 0.247ms returns 0
T4EE8 000:386.317 JLINK_CORESIGHT_WriteAPDPReg(AP reg 0x01, 0x80011140)
T4EE8 000:386.505 - 0.188ms returns 0
T4EE8 000:386.514 JLINK_CORESIGHT_ReadAPDPReg(AP reg 0x03)
T4EE8 000:386.755   Value=0x00000002
T4EE8 000:386.765 - 0.251ms returns 0
T4EE8 000:386.772 JLINK_CORESIGHT_WriteAPDPReg(AP reg 0x00, 0x80000002)
T4EE8 000:386.963 - 0.191ms returns 0
T4EE8 000:386.972 JLINK_CORESIGHT_WriteAPDPReg(AP reg 0x01, 0x80011120)
T4EE8 000:387.195 - 0.222ms returns 0
T4EE8 000:387.206 JLINK_CORESIGHT_WriteAPDPReg(AP reg 0x03, 0x2C010001)
T4EE8 000:387.425 - 0.218ms returns 0
T4EE8 000:387.451 JLINK_CORESIGHT_WriteAPDPReg(AP reg 0x00, 0x80000002)
T4EE8 000:387.693 - 0.242ms returns 0
T4EE8 000:387.713 JLINK_CORESIGHT_WriteAPDPReg(AP reg 0x01, 0x80011140)
T4EE8 000:387.932 - 0.218ms returns 0
T4EE8 000:387.942 JLINK_CORESIGHT_ReadAPDPReg(AP reg 0x03)
T4EE8 000:388.236   Value=0x00000002
T4EE8 000:388.257 - 0.314ms returns 0
T4EE8 000:388.267 JLINK_CORESIGHT_WriteAPDPReg(AP reg 0x00, 0x80000002)
T4EE8 000:388.485 - 0.218ms returns 0
T4EE8 000:388.496 JLINK_CORESIGHT_WriteAPDPReg(AP reg 0x01, 0x80011120)
T4EE8 000:388.692 - 0.196ms returns 0
T4EE8 000:388.701 JLINK_CORESIGHT_WriteAPDPReg(AP reg 0x03, 0x000003D3)
T4EE8 000:388.889 - 0.188ms returns 0
T4EE8 000:388.898 JLINK_CORESIGHT_WriteAPDPReg(AP reg 0x00, 0x80000002)
T4EE8 000:389.084 - 0.186ms returns 0
T4EE8 000:389.094 JLINK_CORESIGHT_WriteAPDPReg(AP reg 0x01, 0x80011140)
T4EE8 000:389.338 - 0.244ms returns 0
T4EE8 000:389.346 JLINK_CORESIGHT_ReadAPDPReg(AP reg 0x03)
T4EE8 000:389.588   Value=0x00000000
T4EE8 000:389.597 - 0.250ms returns 0
T4EE8 000:389.603 JLINK_CORESIGHT_WriteAPDPReg(AP reg 0x00, 0x80000002)
T4EE8 000:389.803 - 0.199ms returns 0
T4EE8 000:389.827 JLINK_CORESIGHT_WriteAPDPReg(AP reg 0x01, 0x80011130)
T4EE8 000:390.032 - 0.205ms returns 0
T4EE8 000:390.042 JLINK_CORESIGHT_ReadAPDPReg(AP reg 0x03)
T4EE8 000:390.282   Value=0x2C020081
T4EE8 000:390.293 - 0.251ms returns 0
T4EE8 000:390.301 JLINK_CORESIGHT_WriteAPDPReg(AP reg 0x00, 0x80000002)
T4EE8 000:390.506 - 0.204ms returns 0
T4EE8 000:390.518 JLINK_CORESIGHT_WriteAPDPReg(AP reg 0x01, 0x80011140)
T4EE8 000:390.712 - 0.194ms returns 0
T4EE8 000:390.723 JLINK_CORESIGHT_ReadAPDPReg(AP reg 0x03)
T4EE8 000:390.985   Value=0x00000000
T4EE8 000:390.995 - 0.272ms returns 0
T4EE8 000:391.011 JLINK_CORESIGHT_WriteAPDPReg(AP reg 0x00, 0x80000002)
T4EE8 000:391.214 - 0.203ms returns 0
T4EE8 000:391.232 JLINK_CORESIGHT_WriteAPDPReg(AP reg 0x01, 0x80011130)
T4EE8 000:391.459 - 0.226ms returns 0
T4EE8 000:391.481 JLINK_CORESIGHT_ReadAPDPReg(AP reg 0x03)
T4EE8 000:391.764   Value=0x0003CE04
T4EE8 000:391.781 - 0.300ms returns 0
T4EE8 000:391.802 JLINK_CORESIGHT_WriteAPDPReg(AP reg 0x00, 0x80000002)
T4EE8 000:392.035 - 0.233ms returns 0
T4EE8 000:392.045 JLINK_CORESIGHT_WriteAPDPReg(AP reg 0x01, 0x80011140)
T4EE8 000:392.338 - 0.293ms returns 0
T4EE8 000:392.348 JLINK_CORESIGHT_ReadAPDPReg(AP reg 0x03)
T4EE8 000:392.582   Value=0x00000002
T4EE8 000:392.591 - 0.243ms returns 0
T4EE8 000:392.598 JLINK_CORESIGHT_WriteAPDPReg(AP reg 0x00, 0x80000002)
T4EE8 000:392.804 - 0.206ms returns 0
T4EE8 000:392.811 JLINK_CORESIGHT_WriteAPDPReg(AP reg 0x01, 0x80011120)
T4EE8 000:393.011 - 0.199ms returns 0
T4EE8 000:393.032 JLINK_CORESIGHT_WriteAPDPReg(AP reg 0x03, 0x73010001)
T4EE8 000:393.223 - 0.191ms returns 0
T4EE8 000:393.233 JLINK_CORESIGHT_WriteAPDPReg(AP reg 0x00, 0x80000002)
T4EE8 000:393.464 - 0.230ms returns 0
T4EE8 000:393.484 JLINK_CORESIGHT_WriteAPDPReg(AP reg 0x01, 0x80011140)
T4EE8 000:393.717 - 0.232ms returns 0
T4EE8 000:393.728 JLINK_CORESIGHT_ReadAPDPReg(AP reg 0x03)
T4EE8 000:394.001   Value=0x00000002
T4EE8 000:394.013 - 0.284ms returns 0
T4EE8 000:394.022 JLINK_CORESIGHT_WriteAPDPReg(AP reg 0x00, 0x80000002)
T4EE8 000:394.200 - 0.178ms returns 0
T4EE8 000:394.208 JLINK_CORESIGHT_WriteAPDPReg(AP reg 0x01, 0x80011120)
T4EE8 000:394.399 - 0.190ms returns 0
T4EE8 000:394.416 JLINK_CORESIGHT_WriteAPDPReg(AP reg 0x03, 0x0000038C)
T4EE8 000:394.635 - 0.218ms returns 0
T4EE8 000:394.654 JLINK_CORESIGHT_WriteAPDPReg(AP reg 0x00, 0x80000002)
T4EE8 000:394.861 - 0.206ms returns 0
T4EE8 000:394.870 JLINK_CORESIGHT_WriteAPDPReg(AP reg 0x01, 0x80011140)
T4EE8 000:395.082 - 0.211ms returns 0
T4EE8 000:395.109 JLINK_CORESIGHT_ReadAPDPReg(AP reg 0x03)
T4EE8 000:395.364   Value=0x00000002
T4EE8 000:395.383 - 0.273ms returns 0
T4EE8 000:395.392 JLINK_CORESIGHT_ReadAPDPReg(AP reg 0x03)
T4EE8 000:395.633   Value=0x00000002
T4EE8 000:395.651 - 0.259ms returns 0
T4EE8 000:395.659 JLINK_CORESIGHT_ReadAPDPReg(AP reg 0x03)
T4EE8 000:395.890   Value=0x00000002
T4EE8 000:395.901 - 0.242ms returns 0
T4EE8 000:395.909 JLINK_CORESIGHT_ReadAPDPReg(AP reg 0x03)
T4EE8 000:396.231   Value=0x00000002
T4EE8 000:396.250 - 0.341ms returns 0
T4EE8 000:396.259 JLINK_CORESIGHT_ReadAPDPReg(AP reg 0x03)
T4EE8 000:396.507   Value=0x00000002
T4EE8 000:396.524 - 0.264ms returns 0
T4EE8 000:396.535 JLINK_CORESIGHT_ReadAPDPReg(AP reg 0x03)
T4EE8 000:396.805   Value=0x00000002
T4EE8 000:396.825 - 0.289ms returns 0
T4EE8 000:396.834 JLINK_CORESIGHT_ReadAPDPReg(AP reg 0x03)
T4EE8 000:397.092   Value=0x00000002
T4EE8 000:397.112 - 0.277ms returns 0
T4EE8 000:397.121 JLINK_CORESIGHT_ReadAPDPReg(AP reg 0x03)
T4EE8 000:397.367   Value=0x00000002
T4EE8 000:397.388 - 0.266ms returns 0
T4EE8 000:397.398 JLINK_CORESIGHT_ReadAPDPReg(AP reg 0x03)
T4EE8 000:397.792   Value=0x00000002
T4EE8 000:397.862 - 0.462ms returns 0
T4EE8 000:397.912 JLINK_CORESIGHT_ReadAPDPReg(AP reg 0x03)
T4EE8 000:400.444   Value=0x00000000
T4EE8 000:400.477 - 2.567ms returns 0
T4EE8 000:400.490 JLINK_CORESIGHT_WriteAPDPReg(AP reg 0x00, 0x80000002)
T4EE8 000:400.708 - 0.218ms returns 0
T4EE8 000:400.724 JLINK_CORESIGHT_WriteAPDPReg(AP reg 0x01, 0x80011130)
T4EE8 000:400.930 - 0.205ms returns 0
T4EE8 000:400.941 JLINK_CORESIGHT_ReadAPDPReg(AP reg 0x03)
T4EE8 000:401.206   Value=0x73020081
T4EE8 000:401.226 - 0.285ms returns 0
T4EE8 000:401.236 JLINK_CORESIGHT_WriteAPDPReg(AP reg 0x00, 0x80000002)
T4EE8 000:401.460 - 0.223ms returns 0
T4EE8 000:401.472 JLINK_CORESIGHT_WriteAPDPReg(AP reg 0x01, 0x80011140)
T4EE8 000:401.682 - 0.209ms returns 0
T4EE8 000:401.693 JLINK_CORESIGHT_ReadAPDPReg(AP reg 0x03)
T4EE8 000:401.932   Value=0x00000000
T4EE8 000:401.942 - 0.248ms returns 0
T4EE8 000:402.010 JLINK_CORESIGHT_WriteAPDPReg(AP reg 0x00, 0x80000002)
T4EE8 000:402.216 - 0.206ms returns 0
T4EE8 000:402.226 JLINK_CORESIGHT_WriteAPDPReg(AP reg 0x01, 0x80011130)
T4EE8 000:402.416 - 0.190ms returns 0
T4EE8 000:402.426 JLINK_CORESIGHT_ReadAPDPReg(AP reg 0x03)
T4EE8 000:402.670   Value=0x00038902
T4EE8 000:402.681 - 0.254ms returns 0
T4EE8 000:402.691 JLINK_CORESIGHT_WriteAPDPReg(AP reg 0x00, 0x80000002)
T4EE8 000:402.886 - 0.194ms returns 0
T4EE8 000:402.907 JLINK_CORESIGHT_WriteAPDPReg(AP reg 0x01, 0x80011140)
T4EE8 000:403.129 - 0.222ms returns 0
T4EE8 000:403.140 JLINK_CORESIGHT_ReadAPDPReg(AP reg 0x03)
T4EE8 000:403.389   Value=0x00000002
T4EE8 000:403.413 - 0.272ms returns 0
T4EE8 000:403.424 JLINK_CORESIGHT_WriteAPDPReg(AP reg 0x00, 0x80000002)
T4EE8 000:403.612 - 0.188ms returns 0
T4EE8 000:403.623 JLINK_CORESIGHT_WriteAPDPReg(AP reg 0x01, 0x80011120)
T4EE8 000:403.843 - 0.220ms returns 0
T4EE8 000:403.857 JLINK_CORESIGHT_WriteAPDPReg(AP reg 0x03, 0x75010001)
T4EE8 000:404.067 - 0.210ms returns 0
T4EE8 000:404.089 JLINK_CORESIGHT_WriteAPDPReg(AP reg 0x00, 0x80000002)
T4EE8 000:404.324 - 0.235ms returns 0
T4EE8 000:404.342 JLINK_CORESIGHT_WriteAPDPReg(AP reg 0x01, 0x80011140)
T4EE8 000:404.550 - 0.207ms returns 0
T4EE8 000:404.572 JLINK_CORESIGHT_ReadAPDPReg(AP reg 0x03)
T4EE8 000:404.838   Value=0x00000002
T4EE8 000:404.848 - 0.276ms returns 0
T4EE8 000:404.856 JLINK_CORESIGHT_WriteAPDPReg(AP reg 0x00, 0x80000002)
T4EE8 000:405.062 - 0.205ms returns 0
T4EE8 000:405.069 JLINK_CORESIGHT_WriteAPDPReg(AP reg 0x01, 0x80011120)
T4EE8 000:405.313 - 0.244ms returns 0
T4EE8 000:405.324 JLINK_CORESIGHT_WriteAPDPReg(AP reg 0x03, 0x0000038A)
T4EE8 000:405.529 - 0.205ms returns 0
T4EE8 000:405.537 JLINK_CORESIGHT_WriteAPDPReg(AP reg 0x00, 0x80000002)
T4EE8 000:405.729 - 0.192ms returns 0
T4EE8 000:405.736 JLINK_CORESIGHT_WriteAPDPReg(AP reg 0x01, 0x80011140)
T4EE8 000:405.934 - 0.197ms returns 0
T4EE8 000:405.946 JLINK_CORESIGHT_ReadAPDPReg(AP reg 0x03)
T4EE8 000:406.185   Value=0x00000002
T4EE8 000:406.195 - 0.249ms returns 0
T4EE8 000:406.201 JLINK_CORESIGHT_ReadAPDPReg(AP reg 0x03)
T4EE8 000:406.426   Value=0x00000002
T4EE8 000:406.436 - 0.234ms returns 0
T4EE8 000:406.443 JLINK_CORESIGHT_ReadAPDPReg(AP reg 0x03)
T4EE8 000:406.684   Value=0x00000002
T4EE8 000:406.694 - 0.251ms returns 0
T4EE8 000:406.700 JLINK_CORESIGHT_ReadAPDPReg(AP reg 0x03)
T4EE8 000:406.953   Value=0x00000002
T4EE8 000:406.962 - 0.261ms returns 0
T4EE8 000:406.969 JLINK_CORESIGHT_ReadAPDPReg(AP reg 0x03)
T4EE8 000:407.208   Value=0x00000000
T4EE8 000:407.217 - 0.247ms returns 0
T4EE8 000:407.224 JLINK_CORESIGHT_WriteAPDPReg(AP reg 0x00, 0x80000002)
T4EE8 000:407.404 - 0.180ms returns 0
T4EE8 000:407.413 JLINK_CORESIGHT_WriteAPDPReg(AP reg 0x01, 0x80011130)
T4EE8 000:407.596 - 0.183ms returns 0
T4EE8 000:407.605 JLINK_CORESIGHT_ReadAPDPReg(AP reg 0x03)
T4EE8 000:407.858   Value=0x75020081
T4EE8 000:407.883 - 0.277ms returns 0
T4EE8 000:407.894 JLINK_CORESIGHT_WriteAPDPReg(AP reg 0x00, 0x80000002)
T4EE8 000:408.086 - 0.191ms returns 0
T4EE8 000:408.096 JLINK_CORESIGHT_WriteAPDPReg(AP reg 0x01, 0x80011140)
T4EE8 000:408.311 - 0.214ms returns 0
T4EE8 000:408.321 JLINK_CORESIGHT_ReadAPDPReg(AP reg 0x03)
T4EE8 000:408.561   Value=0x00000000
T4EE8 000:408.577 - 0.256ms returns 0
T4EE8 000:408.595 JLINK_CORESIGHT_WriteAPDPReg(AP reg 0x00, 0x80000002)
T4EE8 000:408.812 - 0.217ms returns 0
T4EE8 000:408.826 JLINK_CORESIGHT_WriteAPDPReg(AP reg 0x01, 0x80011130)
T4EE8 000:409.033 - 0.207ms returns 0
T4EE8 000:409.048 JLINK_CORESIGHT_ReadAPDPReg(AP reg 0x03)
T4EE8 000:409.354   Value=0x00038702
T4EE8 000:409.364 - 0.315ms returns 0
T4EE8 000:409.880 JLINK_CORESIGHT_WriteAPDPReg(AP reg 0x00, 0x80000002)
T4EE8 000:410.087 - 0.206ms returns 0
T4EE8 000:410.100 JLINK_CORESIGHT_WriteAPDPReg(AP reg 0x01, 0x80011140)
T4EE8 000:410.311 - 0.211ms returns 0
T4EE8 000:410.321 JLINK_CORESIGHT_ReadAPDPReg(AP reg 0x03)
T4EE8 000:410.583   Value=0x00000002
T4EE8 000:410.597 - 0.276ms returns 0
T4EE8 000:410.617 JLINK_CORESIGHT_WriteAPDPReg(AP reg 0x00, 0x80000002)
T4EE8 000:410.812 - 0.195ms returns 0
T4EE8 000:410.827 JLINK_CORESIGHT_WriteAPDPReg(AP reg 0x01, 0x80011120)
T4EE8 000:411.029 - 0.202ms returns 0
T4EE8 000:411.049 JLINK_CORESIGHT_WriteAPDPReg(AP reg 0x03, 0x4F010001)
T4EE8 000:411.315 - 0.266ms returns 0
T4EE8 000:411.332 JLINK_CORESIGHT_WriteAPDPReg(AP reg 0x00, 0x80000002)
T4EE8 000:411.538 - 0.205ms returns 0
T4EE8 000:411.558 JLINK_CORESIGHT_WriteAPDPReg(AP reg 0x01, 0x80011140)
T4EE8 000:411.772 - 0.214ms returns 0
T4EE8 000:411.782 JLINK_CORESIGHT_ReadAPDPReg(AP reg 0x03)
T4EE8 000:412.028   Value=0x00000002
T4EE8 000:412.048 - 0.265ms returns 0
T4EE8 000:412.058 JLINK_CORESIGHT_WriteAPDPReg(AP reg 0x00, 0x80000002)
T4EE8 000:412.293 - 0.235ms returns 0
T4EE8 000:412.302 JLINK_CORESIGHT_WriteAPDPReg(AP reg 0x01, 0x80011120)
T4EE8 000:412.491 - 0.188ms returns 0
T4EE8 000:412.501 JLINK_CORESIGHT_WriteAPDPReg(AP reg 0x03, 0x000003B0)
T4EE8 000:412.695 - 0.193ms returns 0
T4EE8 000:412.705 JLINK_CORESIGHT_WriteAPDPReg(AP reg 0x00, 0x80000002)
T4EE8 000:412.954 - 0.249ms returns 0
T4EE8 000:412.964 JLINK_CORESIGHT_WriteAPDPReg(AP reg 0x01, 0x80011140)
T4EE8 000:413.196 - 0.232ms returns 0
T4EE8 000:413.206 JLINK_CORESIGHT_ReadAPDPReg(AP reg 0x03)
T4EE8 000:413.456   Value=0x00000002
T4EE8 000:413.466 - 0.260ms returns 0
T4EE8 000:413.474 JLINK_CORESIGHT_ReadAPDPReg(AP reg 0x03)
T4EE8 000:413.703   Value=0x00000002
T4EE8 000:413.712 - 0.237ms returns 0
T4EE8 000:413.718 JLINK_CORESIGHT_ReadAPDPReg(AP reg 0x03)
T4EE8 000:413.951   Value=0x00000002
T4EE8 000:413.959 - 0.241ms returns 0
T4EE8 000:413.966 JLINK_CORESIGHT_ReadAPDPReg(AP reg 0x03)
T4EE8 000:414.196   Value=0x00000002
T4EE8 000:414.204 - 0.238ms returns 0
T4EE8 000:414.211 JLINK_CORESIGHT_ReadAPDPReg(AP reg 0x03)
T4EE8 000:414.464   Value=0x00000002
T4EE8 000:414.476 - 0.265ms returns 0
T4EE8 000:414.485 JLINK_CORESIGHT_ReadAPDPReg(AP reg 0x03)
T4EE8 000:414.734   Value=0x00000002
T4EE8 000:414.744 - 0.259ms returns 0
T4EE8 000:414.752 JLINK_CORESIGHT_ReadAPDPReg(AP reg 0x03)
T4EE8 000:415.002   Value=0x00000002
T4EE8 000:415.013 - 0.260ms returns 0
T4EE8 000:415.021 JLINK_CORESIGHT_ReadAPDPReg(AP reg 0x03)
T4EE8 000:415.263   Value=0x00000002
T4EE8 000:415.274 - 0.253ms returns 0
T4EE8 000:415.282 JLINK_CORESIGHT_ReadAPDPReg(AP reg 0x03)
T4EE8 000:415.532   Value=0x00000002
T4EE8 000:415.549 - 0.266ms returns 0
T4EE8 000:415.558 JLINK_CORESIGHT_ReadAPDPReg(AP reg 0x03)
T4EE8 000:415.826   Value=0x00000002
T4EE8 000:415.835 - 0.277ms returns 0
T4EE8 000:415.844 JLINK_CORESIGHT_ReadAPDPReg(AP reg 0x03)
T4EE8 000:416.088   Value=0x00000002
T4EE8 000:416.108 - 0.264ms returns 0
T4EE8 000:416.118 JLINK_CORESIGHT_ReadAPDPReg(AP reg 0x03)
T4EE8 000:416.356   Value=0x00000002
T4EE8 000:416.366 - 0.248ms returns 0
T4EE8 000:416.374 JLINK_CORESIGHT_ReadAPDPReg(AP reg 0x03)
T4EE8 000:416.610   Value=0x00000002
T4EE8 000:416.621 - 0.247ms returns 0
T4EE8 000:416.629 JLINK_CORESIGHT_ReadAPDPReg(AP reg 0x03)
T4EE8 000:416.877   Value=0x00000000
T4EE8 000:416.887 - 0.258ms returns 0
T4EE8 000:416.896 JLINK_CORESIGHT_WriteAPDPReg(AP reg 0x00, 0x80000002)
T4EE8 000:417.087 - 0.191ms returns 0
T4EE8 000:417.096 JLINK_CORESIGHT_WriteAPDPReg(AP reg 0x01, 0x80011130)
T4EE8 000:417.307 - 0.211ms returns 0
T4EE8 000:417.321 JLINK_CORESIGHT_ReadAPDPReg(AP reg 0x03)
T4EE8 000:417.572   Value=0x4F0B0081
T4EE8 000:417.581 - 0.260ms returns 0
T4EE8 000:417.588 JLINK_CORESIGHT_WriteAPDPReg(AP reg 0x00, 0x80000002)
T4EE8 000:417.787 - 0.199ms returns 0
T4EE8 000:417.794 JLINK_CORESIGHT_WriteAPDPReg(AP reg 0x01, 0x80011140)
T4EE8 000:417.992 - 0.198ms returns 0
T4EE8 000:417.999 JLINK_CORESIGHT_ReadAPDPReg(AP reg 0x03)
T4EE8 000:418.237   Value=0x00000000
T4EE8 000:418.247 - 0.247ms returns 0
T4EE8 000:418.256 JLINK_CORESIGHT_WriteAPDPReg(AP reg 0x00, 0x80000002)
T4EE8 000:418.449 - 0.193ms returns 0
T4EE8 000:418.456 JLINK_CORESIGHT_WriteAPDPReg(AP reg 0x01, 0x80011130)
T4EE8 000:418.639 - 0.182ms returns 0
T4EE8 000:418.656 JLINK_CORESIGHT_ReadAPDPReg(AP reg 0x03)
T4EE8 000:418.902   Value=0x20000000
T4EE8 000:418.912 - 0.255ms returns 0
T4EE8 000:418.920 JLINK_CORESIGHT_WriteAPDPReg(AP reg 0x00, 0x80000002)
T4EE8 000:419.110 - 0.190ms returns 0
T4EE8 000:419.117 JLINK_CORESIGHT_WriteAPDPReg(AP reg 0x01, 0x80011140)
T4EE8 000:419.305 - 0.188ms returns 0
T4EE8 000:419.316 JLINK_CORESIGHT_ReadAPDPReg(AP reg 0x03)
T4EE8 000:419.559   Value=0x00000000
T4EE8 000:419.568 - 0.252ms returns 0
T4EE8 000:419.575 JLINK_CORESIGHT_WriteAPDPReg(AP reg 0x00, 0x80000002)
T4EE8 000:419.769 - 0.193ms returns 0
T4EE8 000:419.779 JLINK_CORESIGHT_WriteAPDPReg(AP reg 0x01, 0x80011130)
T4EE8 000:419.980 - 0.201ms returns 0
T4EE8 000:419.990 JLINK_CORESIGHT_ReadAPDPReg(AP reg 0x03)
T4EE8 000:420.239   Value=0x00000000
T4EE8 000:420.249 - 0.259ms returns 0
T4EE8 000:420.257 JLINK_CORESIGHT_WriteAPDPReg(AP reg 0x00, 0x80000002)
T4EE8 000:420.458 - 0.200ms returns 0
T4EE8 000:420.467 JLINK_CORESIGHT_WriteAPDPReg(AP reg 0x01, 0x80011140)
T4EE8 000:420.667 - 0.200ms returns 0
T4EE8 000:420.678 JLINK_CORESIGHT_ReadAPDPReg(AP reg 0x03)
T4EE8 000:420.930   Value=0x00000000
T4EE8 000:420.939 - 0.261ms returns 0
T4EE8 000:420.946 JLINK_CORESIGHT_WriteAPDPReg(AP reg 0x00, 0x80000002)
T4EE8 000:421.203 - 0.257ms returns 0
T4EE8 000:421.211 JLINK_CORESIGHT_WriteAPDPReg(AP reg 0x01, 0x80011130)
T4EE8 000:421.403 - 0.192ms returns 0
T4EE8 000:421.411 JLINK_CORESIGHT_ReadAPDPReg(AP reg 0x03)
T4EE8 000:421.656   Value=0x03860000
T4EE8 000:421.667 - 0.256ms returns 0
T4EE8 000:421.861 JLINK_CORESIGHT_ReadAPDPReg(DP reg 0x01)
T4EE8 000:422.072   Value=0xF0000F40
T4EE8 000:422.082 - 0.222ms returns 0
T4EE8 000:422.091 JLINK_CORESIGHT_WriteAPDPReg(DP reg 0x01, 0xA0000F40)
T4EE8 000:422.303 - 0.212ms returns 0
T4EE8 000:422.313 JLINK_CORESIGHT_ReadAPDPReg(DP reg 0x01)
T4EE8 000:422.500   Value=0x00000F40
T4EE8 000:422.510 - 0.197ms returns 0
T4EE8 000:422.519 JLINK_ClrRESET()
T4EE8 000:422.723 - 0.203ms 
T4EE8 000:530.109 JLINK_Close()
T4EE8 000:544.584 - 14.472ms
T4EE8 000:544.645   
T4EE8 000:544.650   Closed
