T2F50 000:001.365   SEGGER J-Link V9.14a Log File
T2F50 000:001.500   DLL Compiled: Jan 28 2026 17:11:52
T2F50 000:001.515   Logging started @ 2026-09-03 06:20
T2F50 000:001.528   Process: C:\Users\28379\.eclipse\com.renesas.platform_1363202710\DebugComp\RA\e2-server-gdb.exe
T2F50 000:001.547 - 1.543ms 
T2F50 000:001.570 JLINK_GetDLLVersion()
T2F50 000:001.584 - 0.014ms returns 91401
T2F50 000:066.077 JLINK_OpenEx(...)
T2F50 000:076.951   Firmware: J-Link OB-RA4M2 compiled May  6 2026 16:18:23
T2F50 000:079.987   Firmware: J-Link OB-RA4M2 compiled May  6 2026 16:18:23
T2F50 000:101.878   Hardware: V1.00
T2F50 000:101.935   S/N: 1080359929
T2F50 000:101.956   OEM: SEGGER
T2F50 000:101.981   Feature(s): None
T2F50 000:107.355   Bootloader: 2021 May 14
T2F50 000:109.355   USB speed mode: Full speed (12 MBit/s)
T2F50 000:110.573   TELNET listener socket opened on port 19021
T2F50 000:110.743   WEBSRV WEBSRV_Init(): Starting webserver thread(s)
T2F50 000:110.839   WEBSRV Failed to put socket into listener state (port 19080)
T2F50 000:111.015   WEBSRV Webserver running on local port 19081
T2F50 000:111.135   Looking for J-Link GUI Server exe at: C:\Users\28379\.eclipse\com.renesas.platform_1363202710\DebugComp\RA\ARM\Segger_v9.14.1\JLinkGUIServer.exe
T2F50 000:111.262   Looking for J-Link GUI Server exe at: D:\Programs\SEGGER\JLink_V966\JLinkGUIServer.exe
T2F50 000:111.316   Forking J-Link GUI Server: D:\Programs\SEGGER\JLink_V966\JLinkGUIServer.exe
T2F50 000:139.427   J-Link GUI Server info: "J-Link GUI server V9.64 "
T2F50 000:139.832 - 73.745ms returns "O.K."
T2F50 000:140.013 JLINK_TIF_Select(JLINKARM_TIF_SWD)
T2F50 000:144.901 - 4.887ms returns 0x00
T2F50 000:144.967 JLINK_ClrRESET()
T2F50 000:169.864 - 24.894ms 
T2F50 000:220.071 JLINK_SetSpeed(1500)
T2F50 000:220.311 - 0.247ms 
T2F50 000:220.341 JLINK_CORESIGHT_Configure(PerformTIFInit=0)
T2F50 000:220.758 - 0.419ms returns 0
T2F50 000:220.787 JLINK_CORESIGHT_ReadAPDPReg(DP reg 0x00)
T2F50 000:221.037   Value=0x6BA02477
T2F50 000:221.059 - 0.274ms returns 0
T2F50 000:221.111 JLINK_CORESIGHT_WriteAPDPReg(DP reg 0x00, 0x0000001F)
T2F50 000:221.423 - 0.311ms returns 0
T2F50 000:221.463 JLINK_CORESIGHT_ReadAPDPReg(DP reg 0x00)
T2F50 000:221.756   Value=0x6BA02477
T2F50 000:221.766 - 0.303ms returns 0
T2F50 000:221.784 JLINK_CORESIGHT_WriteAPDPReg(DP reg 0x02, 0x00000000)
T2F50 000:222.040 - 0.255ms returns 0
T2F50 000:222.072 JLINK_CORESIGHT_WriteAPDPReg(DP reg 0x01, 0x50000000)
T2F50 000:222.312 - 0.241ms returns 0
T2F50 000:222.339 JLINK_CORESIGHT_ReadAPDPReg(DP reg 0x01)
T2F50 000:222.568   Value=0xF0000000
T2F50 000:222.577 - 0.238ms returns 0
T2F50 000:222.597 JLINK_CORESIGHT_WriteAPDPReg(DP reg 0x00, 0x0000001F)
T2F50 000:222.912 - 0.315ms returns 0
T2F50 000:222.958 JLINK_CORESIGHT_ReadAPDPReg(DP reg 0x00)
T2F50 000:223.245   Value=0x6BA02477
T2F50 000:223.256 - 0.298ms returns 0
T2F50 000:223.282 JLINK_CORESIGHT_WriteAPDPReg(DP reg 0x01, 0x54000000)
T2F50 000:223.577 - 0.294ms returns 0
T2F50 000:223.612 JLINK_CORESIGHT_WriteAPDPReg(DP reg 0x01, 0x50000F00)
T2F50 000:223.905 - 0.292ms returns 0
T2F50 000:223.979 JLINK_CORESIGHT_WriteAPDPReg(DP reg 0x02, 0x01000000)
T2F50 000:224.294 - 0.315ms returns 0
T2F50 000:224.323 JLINK_CORESIGHT_WriteAPDPReg(AP reg 0x00, 0x80000002)
T2F50 000:224.613 - 0.290ms returns 0
T2F50 000:224.670 JLINK_CORESIGHT_WriteAPDPReg(AP reg 0x01, 0x80011100)
T2F50 000:224.946 - 0.276ms returns 0
T2F50 000:224.996 JLINK_CORESIGHT_WriteAPDPReg(AP reg 0x03, 0x000000A5)
T2F50 000:225.262 - 0.266ms returns 0
T2F50 000:225.291 JLINK_CORESIGHT_WriteAPDPReg(AP reg 0x00, 0x80000002)
T2F50 000:225.559 - 0.267ms returns 0
T2F50 000:225.596 JLINK_CORESIGHT_WriteAPDPReg(AP reg 0x01, 0x80011100)
T2F50 000:225.877 - 0.280ms returns 0
T2F50 000:225.907 JLINK_CORESIGHT_ReadAPDPReg(AP reg 0x03)
T2F50 000:226.226   Value=0x000000A5
T2F50 000:226.241 - 0.334ms returns 0
T2F50 000:226.278 JLINK_ClrTMS()
T2F50 000:226.394 - 0.115ms 
T2F50 000:232.056 JLINK_SetTCK()
T2F50 000:232.633 - 0.576ms returns 0
T2F50 000:238.216 JLINK_SetRESET()
T2F50 000:238.447 - 0.231ms 
T2F50 000:439.039 JLINK_CORESIGHT_WriteAPDPReg(AP reg 0x00, 0x80000002)
T2F50 000:439.413 - 0.374ms returns 0
T2F50 000:439.444 JLINK_CORESIGHT_WriteAPDPReg(AP reg 0x01, 0x80011100)
T2F50 000:439.764 - 0.320ms returns 0
T2F50 000:439.786 JLINK_CORESIGHT_ReadAPDPReg(AP reg 0x03)
T2F50 000:440.107   failed
T2F50 000:440.121 - 0.335ms returns -1
T2F50 000:440.202 JLINK_ClrRESET()
T2F50 000:440.490 - 0.287ms 
T2F50 000:490.652 JLINK_SetSpeed(1500)
T2F50 000:490.883 - 0.230ms 
T2F50 000:490.917 JLINK_CORESIGHT_Configure(PerformTIFInit=0)
T2F50 000:491.485 - 0.568ms returns 0
T2F50 000:491.522 JLINK_CORESIGHT_ReadAPDPReg(DP reg 0x00)
T2F50 000:491.779   Value=0x6BA02477
T2F50 000:491.790 - 0.268ms returns 0
T2F50 000:491.812 JLINK_CORESIGHT_WriteAPDPReg(DP reg 0x00, 0x0000001F)
T2F50 000:492.078 - 0.265ms returns 0
T2F50 000:492.114 JLINK_CORESIGHT_ReadAPDPReg(DP reg 0x00)
T2F50 000:492.380   Value=0x6BA02477
T2F50 000:492.391 - 0.277ms returns 0
T2F50 000:492.415 JLINK_CORESIGHT_WriteAPDPReg(DP reg 0x02, 0x00000000)
T2F50 000:492.666 - 0.251ms returns 0
T2F50 000:492.691 JLINK_CORESIGHT_WriteAPDPReg(DP reg 0x01, 0x50000000)
T2F50 000:492.937 - 0.246ms returns 0
T2F50 000:492.962 JLINK_CORESIGHT_ReadAPDPReg(DP reg 0x01)
T2F50 000:493.224   Value=0xF0000000
T2F50 000:493.234 - 0.272ms returns 0
T2F50 000:493.255 JLINK_CORESIGHT_WriteAPDPReg(DP reg 0x00, 0x0000001F)
T2F50 000:493.575 - 0.319ms returns 0
T2F50 000:493.649 JLINK_CORESIGHT_ReadAPDPReg(DP reg 0x00)
T2F50 000:493.928   Value=0x6BA02477
T2F50 000:493.949 - 0.300ms returns 0
T2F50 000:493.996 JLINK_CORESIGHT_WriteAPDPReg(DP reg 0x01, 0x54000000)
T2F50 000:494.237 - 0.240ms returns 0
T2F50 000:494.264 JLINK_CORESIGHT_WriteAPDPReg(DP reg 0x01, 0x50000F00)
T2F50 000:494.502 - 0.237ms returns 0
T2F50 000:494.524 JLINK_CORESIGHT_WriteAPDPReg(DP reg 0x02, 0x01000000)
T2F50 000:494.751 - 0.227ms returns 0
T2F50 000:494.772 JLINK_CORESIGHT_WriteAPDPReg(AP reg 0x00, 0x80000002)
T2F50 000:495.009 - 0.237ms returns 0
T2F50 000:495.027 JLINK_CORESIGHT_WriteAPDPReg(AP reg 0x01, 0x80011100)
T2F50 000:495.254 - 0.228ms returns 0
T2F50 000:495.272 JLINK_CORESIGHT_WriteAPDPReg(AP reg 0x03, 0x000000A5)
T2F50 000:495.496 - 0.224ms returns 0
T2F50 000:495.513 JLINK_CORESIGHT_WriteAPDPReg(AP reg 0x00, 0x80000002)
T2F50 000:495.748 - 0.235ms returns 0
T2F50 000:495.766 JLINK_CORESIGHT_WriteAPDPReg(AP reg 0x01, 0x80011100)
T2F50 000:496.009 - 0.243ms returns 0
T2F50 000:496.027 JLINK_CORESIGHT_ReadAPDPReg(AP reg 0x03)
T2F50 000:496.301   Value=0x000000A5
T2F50 000:496.309 - 0.282ms returns 0
T2F50 000:496.325 JLINK_ClrTMS()
T2F50 000:496.415 - 0.089ms 
T2F50 000:502.127 JLINK_SetTCK()
T2F50 000:502.343 - 0.215ms returns 0
T2F50 000:507.598 JLINK_SetRESET()
T2F50 000:507.763 - 0.164ms 
T2F50 000:707.859 JLINK_CORESIGHT_WriteAPDPReg(AP reg 0x00, 0x80000002)
T2F50 000:708.282 - 0.423ms returns 0
T2F50 000:708.310 JLINK_CORESIGHT_WriteAPDPReg(AP reg 0x01, 0x80011100)
T2F50 000:708.561 - 0.251ms returns 0
T2F50 000:708.583 JLINK_CORESIGHT_ReadAPDPReg(AP reg 0x03)
T2F50 000:708.908   failed
T2F50 000:708.920 - 0.337ms returns -1
T2F50 000:709.115 JLINK_CORESIGHT_ReadAPDPReg(DP reg 0x01)
T2F50 000:709.388   Value=0xF0000F00
T2F50 000:709.402 - 0.287ms returns 0
T2F50 000:709.424 JLINK_CORESIGHT_WriteAPDPReg(DP reg 0x01, 0xA0000F00)
T2F50 000:709.674 - 0.249ms returns 0
T2F50 000:709.695 JLINK_CORESIGHT_ReadAPDPReg(DP reg 0x01)
T2F50 000:710.011   Value=0x00000F00
T2F50 000:710.021 - 0.325ms returns 0
T2F50 000:710.042 JLINK_ClrRESET()
T2F50 000:710.291 - 0.248ms 
T2F50 000:819.747 JLINK_Close()
T2F50 000:821.308 - 1.560ms
T2F50 000:821.326   
T2F50 000:821.332   Closed
