T5AD8 000:001.253   SEGGER J-Link V9.14a Log File
T5AD8 000:001.385   DLL Compiled: Jan 28 2026 17:11:52
T5AD8 000:001.391   Logging started @ 2026-09-22 02:50
T5AD8 000:001.396   Process: C:\Users\28379\.eclipse\com.renesas.platform_1363202710\DebugComp\RA\e2-server-gdb.exe
T5AD8 000:001.412 - 1.405ms 
T5AD8 000:001.425 JLINK_GetDLLVersion()
T5AD8 000:001.430 - 0.005ms returns 91401
T5AD8 000:003.690 JLINK_OpenEx(...)
T5AD8 000:011.626   Firmware: J-Link OB-RA4M2 compiled May  6 2026 16:18:23
T5AD8 000:012.281   Firmware: J-Link OB-RA4M2 compiled May  6 2026 16:18:23
T5AD8 000:023.972   Hardware: V1.00
T5AD8 000:024.025   S/N: 1080521290
T5AD8 000:024.035   OEM: SEGGER
T5AD8 000:024.067   Feature(s): None
T5AD8 000:025.322   Bootloader: 2021 May 14
T5AD8 000:025.919   USB speed mode: Full speed (12 MBit/s)
T5AD8 000:026.356   TELNET listener socket opened on port 19021
T5AD8 000:026.589   WEBSRV WEBSRV_Init(): Starting webserver thread(s)
T5AD8 000:026.793   WEBSRV Webserver running on local port 19080
T5AD8 000:027.339   Looking for J-Link GUI Server exe at: C:\Users\28379\.eclipse\com.renesas.platform_1363202710\DebugComp\RA\ARM\Segger_v9.14.1\JLinkGUIServer.exe
T5AD8 000:027.464   Looking for J-Link GUI Server exe at: D:\Programs\SEGGER\JLink_V966\JLinkGUIServer.exe
T5AD8 000:027.503   Forking J-Link GUI Server: D:\Programs\SEGGER\JLink_V966\JLinkGUIServer.exe
T5AD8 000:056.592   J-Link GUI Server info: "J-Link GUI server V9.66 "
T5AD8 000:062.036 - 58.335ms returns "O.K."
T5AD8 000:062.178 JLINK_TIF_Select(JLINKARM_TIF_SWD)
T5AD8 000:062.646 - 0.468ms returns 0x00
T5AD8 000:062.664 JLINK_ClrRESET()
T5AD8 000:062.833 - 0.168ms 
T5AD8 000:114.179 JLINK_SetSpeed(1500)
T5AD8 000:114.342 - 0.171ms 
T5AD8 000:114.357 JLINK_CORESIGHT_Configure(PerformTIFInit=0)
T5AD8 000:114.731 - 0.376ms returns 0
T5AD8 000:114.753 JLINK_CORESIGHT_ReadAPDPReg(DP reg 0x00)
T5AD8 000:115.179   Value=0x6BA02477
T5AD8 000:115.205 - 0.453ms returns 0
T5AD8 000:115.222 JLINK_CORESIGHT_WriteAPDPReg(DP reg 0x00, 0x0000001F)
T5AD8 000:115.454 - 0.231ms returns 0
T5AD8 000:115.471 JLINK_CORESIGHT_ReadAPDPReg(DP reg 0x00)
T5AD8 000:115.681   Value=0x6BA02477
T5AD8 000:115.695 - 0.224ms returns 0
T5AD8 000:115.707 JLINK_CORESIGHT_WriteAPDPReg(DP reg 0x02, 0x00000000)
T5AD8 000:115.924 - 0.217ms returns 0
T5AD8 000:115.938 JLINK_CORESIGHT_WriteAPDPReg(DP reg 0x01, 0x50000000)
T5AD8 000:116.134 - 0.196ms returns 0
T5AD8 000:116.148 JLINK_CORESIGHT_ReadAPDPReg(DP reg 0x01)
T5AD8 000:116.342   Value=0xF0000000
T5AD8 000:116.352 - 0.203ms returns 0
T5AD8 000:116.359 JLINK_CORESIGHT_WriteAPDPReg(DP reg 0x00, 0x0000001F)
T5AD8 000:116.545 - 0.185ms returns 0
T5AD8 000:116.553 JLINK_CORESIGHT_ReadAPDPReg(DP reg 0x00)
T5AD8 000:116.741   Value=0x6BA02477
T5AD8 000:116.753 - 0.200ms returns 0
T5AD8 000:116.764 JLINK_CORESIGHT_WriteAPDPReg(DP reg 0x01, 0x54000000)
T5AD8 000:116.970 - 0.205ms returns 0
T5AD8 000:116.980 JLINK_CORESIGHT_WriteAPDPReg(DP reg 0x01, 0x50000F00)
T5AD8 000:117.166 - 0.186ms returns 0
T5AD8 000:117.179 JLINK_CORESIGHT_WriteAPDPReg(DP reg 0x02, 0x01000000)
T5AD8 000:117.419 - 0.240ms returns 0
T5AD8 000:117.431 JLINK_CORESIGHT_WriteAPDPReg(AP reg 0x00, 0x80000002)
T5AD8 000:117.610 - 0.179ms returns 0
T5AD8 000:117.619 JLINK_CORESIGHT_WriteAPDPReg(AP reg 0x01, 0x80011100)
T5AD8 000:117.863 - 0.243ms returns 0
T5AD8 000:117.875 JLINK_CORESIGHT_WriteAPDPReg(AP reg 0x03, 0x000000A5)
T5AD8 000:118.316 - 0.440ms returns 0
T5AD8 000:118.338 JLINK_CORESIGHT_WriteAPDPReg(AP reg 0x00, 0x80000002)
T5AD8 000:118.569 - 0.231ms returns 0
T5AD8 000:118.584 JLINK_CORESIGHT_WriteAPDPReg(AP reg 0x01, 0x80011100)
T5AD8 000:118.784 - 0.199ms returns 0
T5AD8 000:118.796 JLINK_CORESIGHT_ReadAPDPReg(AP reg 0x03)
T5AD8 000:119.073   Value=0x000000A5
T5AD8 000:119.116 - 0.318ms returns 0
T5AD8 000:119.141 JLINK_ClrTMS()
T5AD8 000:119.310 - 0.168ms 
T5AD8 000:124.928 JLINK_SetTCK()
T5AD8 000:125.245 - 0.315ms returns 0
T5AD8 000:130.934 JLINK_SetRESET()
T5AD8 000:131.289 - 0.354ms 
T5AD8 000:331.945 JLINK_CORESIGHT_WriteAPDPReg(AP reg 0x00, 0x80000002)
T5AD8 000:332.621 - 0.676ms returns 0
T5AD8 000:332.665 JLINK_CORESIGHT_WriteAPDPReg(AP reg 0x01, 0x80011100)
T5AD8 000:333.003 - 0.338ms returns 0
T5AD8 000:333.020 JLINK_CORESIGHT_ReadAPDPReg(AP reg 0x03)
T5AD8 000:333.344   Value=0x00000000
T5AD8 000:333.360 - 0.339ms returns 0
T5AD8 000:333.369 JLINK_CORESIGHT_WriteAPDPReg(AP reg 0x00, 0x80000002)
T5AD8 000:333.610 - 0.240ms returns 0
T5AD8 000:333.620 JLINK_CORESIGHT_WriteAPDPReg(AP reg 0x01, 0x80011140)
T5AD8 000:333.821 - 0.201ms returns 0
T5AD8 000:333.831 JLINK_CORESIGHT_ReadAPDPReg(AP reg 0x03)
T5AD8 000:334.063   Value=0x00000002
T5AD8 000:334.071 - 0.240ms returns 0
T5AD8 000:334.078 JLINK_CORESIGHT_WriteAPDPReg(AP reg 0x00, 0x80000002)
T5AD8 000:334.303 - 0.224ms returns 0
T5AD8 000:334.311 JLINK_CORESIGHT_WriteAPDPReg(AP reg 0x01, 0x80011120)
T5AD8 000:334.495 - 0.183ms returns 0
T5AD8 000:334.508 JLINK_CORESIGHT_WriteAPDPReg(AP reg 0x03, 0x00000055)
T5AD8 000:334.696 - 0.187ms returns 0
T5AD8 000:334.704 JLINK_CORESIGHT_WriteAPDPReg(AP reg 0x00, 0x80000002)
T5AD8 000:334.882 - 0.178ms returns 0
T5AD8 000:334.891 JLINK_CORESIGHT_WriteAPDPReg(AP reg 0x01, 0x80011140)
T5AD8 000:335.091 - 0.200ms returns 0
T5AD8 000:335.104 JLINK_CORESIGHT_ReadAPDPReg(AP reg 0x03)
T5AD8 000:335.365   Value=0x00000002
T5AD8 000:335.379 - 0.275ms returns 0
T5AD8 000:335.390 JLINK_CORESIGHT_ReadAPDPReg(AP reg 0x03)
T5AD8 000:335.685   Value=0x00000002
T5AD8 000:335.709 - 0.319ms returns 0
T5AD8 000:335.723 JLINK_CORESIGHT_ReadAPDPReg(AP reg 0x03)
T5AD8 000:336.015   Value=0x00000002
T5AD8 000:336.039 - 0.316ms returns 0
T5AD8 000:336.053 JLINK_CORESIGHT_ReadAPDPReg(AP reg 0x03)
T5AD8 000:336.310   Value=0x00000002
T5AD8 000:336.325 - 0.272ms returns 0
T5AD8 000:336.336 JLINK_CORESIGHT_ReadAPDPReg(AP reg 0x03)
T5AD8 000:336.590   Value=0x00000002
T5AD8 000:336.603 - 0.267ms returns 0
T5AD8 000:336.614 JLINK_CORESIGHT_ReadAPDPReg(AP reg 0x03)
T5AD8 000:336.860   Value=0x00000002
T5AD8 000:336.873 - 0.260ms returns 0
T5AD8 000:336.884 JLINK_CORESIGHT_ReadAPDPReg(AP reg 0x03)
T5AD8 000:337.134   Value=0x00000002
T5AD8 000:337.147 - 0.263ms returns 0
T5AD8 000:337.157 JLINK_CORESIGHT_ReadAPDPReg(AP reg 0x03)
T5AD8 000:337.453   Value=0x00000002
T5AD8 000:337.466 - 0.309ms returns 0
T5AD8 000:337.476 JLINK_CORESIGHT_ReadAPDPReg(AP reg 0x03)
T5AD8 000:337.699   Value=0x00000002
T5AD8 000:337.710 - 0.233ms returns 0
T5AD8 000:337.717 JLINK_CORESIGHT_ReadAPDPReg(AP reg 0x03)
T5AD8 000:337.936   Value=0x00000002
T5AD8 000:337.944 - 0.227ms returns 0
T5AD8 000:337.950 JLINK_CORESIGHT_ReadAPDPReg(AP reg 0x03)
T5AD8 000:338.161   Value=0x00000002
T5AD8 000:338.169 - 0.218ms returns 0
T5AD8 000:338.175 JLINK_CORESIGHT_ReadAPDPReg(AP reg 0x03)
T5AD8 000:338.446   Value=0x00000002
T5AD8 000:338.454 - 0.279ms returns 0
T5AD8 000:338.461 JLINK_CORESIGHT_ReadAPDPReg(AP reg 0x03)
T5AD8 000:338.696   Value=0x00000002
T5AD8 000:338.704 - 0.243ms returns 0
T5AD8 000:338.710 JLINK_CORESIGHT_ReadAPDPReg(AP reg 0x03)
T5AD8 000:338.937   Value=0x00000002
T5AD8 000:338.945 - 0.235ms returns 0
T5AD8 000:338.952 JLINK_CORESIGHT_ReadAPDPReg(AP reg 0x03)
T5AD8 000:339.168   Value=0x00000002
T5AD8 000:339.176 - 0.224ms returns 0
T5AD8 000:339.182 JLINK_CORESIGHT_ReadAPDPReg(AP reg 0x03)
T5AD8 000:339.446   Value=0x00000002
T5AD8 000:339.454 - 0.272ms returns 0
T5AD8 000:339.460 JLINK_CORESIGHT_ReadAPDPReg(AP reg 0x03)
T5AD8 000:339.685   Value=0x00000002
T5AD8 000:339.693 - 0.233ms returns 0
T5AD8 000:339.700 JLINK_CORESIGHT_ReadAPDPReg(AP reg 0x03)
T5AD8 000:339.914   Value=0x00000002
T5AD8 000:339.922 - 0.222ms returns 0
T5AD8 000:339.929 JLINK_CORESIGHT_ReadAPDPReg(AP reg 0x03)
T5AD8 000:340.151   Value=0x00000002
T5AD8 000:340.159 - 0.230ms returns 0
T5AD8 000:340.166 JLINK_CORESIGHT_ReadAPDPReg(AP reg 0x03)
T5AD8 000:340.446   Value=0x00000002
T5AD8 000:340.454 - 0.288ms returns 0
T5AD8 000:340.461 JLINK_CORESIGHT_ReadAPDPReg(AP reg 0x03)
T5AD8 000:340.685   Value=0x00000002
T5AD8 000:340.717 - 0.256ms returns 0
T5AD8 000:340.732 JLINK_CORESIGHT_ReadAPDPReg(AP reg 0x03)
T5AD8 000:343.481   Value=0x00000002
T5AD8 000:343.546 - 2.814ms returns 0
T5AD8 000:343.572 JLINK_CORESIGHT_ReadAPDPReg(AP reg 0x03)
T5AD8 000:343.974   Value=0x00000002
T5AD8 000:344.003 - 0.432ms returns 0
T5AD8 000:344.030 JLINK_CORESIGHT_ReadAPDPReg(AP reg 0x03)
T5AD8 000:344.463   Value=0x00000002
T5AD8 000:344.492 - 0.472ms returns 0
T5AD8 000:344.508 JLINK_CORESIGHT_ReadAPDPReg(AP reg 0x03)
T5AD8 000:344.879   Value=0x00000002
T5AD8 000:344.903 - 0.395ms returns 0
T5AD8 000:344.924 JLINK_CORESIGHT_ReadAPDPReg(AP reg 0x03)
T5AD8 000:345.195   Value=0x00000002
T5AD8 000:345.211 - 0.287ms returns 0
T5AD8 000:345.223 JLINK_CORESIGHT_ReadAPDPReg(AP reg 0x03)
T5AD8 000:345.480   Value=0x00000002
T5AD8 000:345.494 - 0.271ms returns 0
T5AD8 000:345.505 JLINK_CORESIGHT_ReadAPDPReg(AP reg 0x03)
T5AD8 000:345.760   Value=0x00000002
T5AD8 000:345.774 - 0.269ms returns 0
T5AD8 000:345.785 JLINK_CORESIGHT_ReadAPDPReg(AP reg 0x03)
T5AD8 000:346.055   Value=0x00000000
T5AD8 000:346.068 - 0.283ms returns 0
T5AD8 000:346.088 JLINK_CORESIGHT_WriteAPDPReg(AP reg 0x00, 0x80000002)
T5AD8 000:346.335 - 0.246ms returns 0
T5AD8 000:346.355 JLINK_CORESIGHT_WriteAPDPReg(AP reg 0x01, 0x80011130)
T5AD8 000:346.611 - 0.254ms returns 0
T5AD8 000:346.648 JLINK_CORESIGHT_ReadAPDPReg(AP reg 0x03)
T5AD8 000:346.953   Value=0x000000C6
T5AD8 000:346.977 - 0.328ms returns 0
T5AD8 000:347.022 JLINK_CORESIGHT_WriteAPDPReg(AP reg 0x00, 0x80000002)
T5AD8 000:347.520 - 0.498ms returns 0
T5AD8 000:347.563 JLINK_CORESIGHT_WriteAPDPReg(AP reg 0x01, 0x80011140)
T5AD8 000:347.802 - 0.239ms returns 0
T5AD8 000:347.833 JLINK_CORESIGHT_ReadAPDPReg(AP reg 0x03)
T5AD8 000:348.096   Value=0x00000002
T5AD8 000:348.109 - 0.275ms returns 0
T5AD8 000:348.125 JLINK_CORESIGHT_WriteAPDPReg(AP reg 0x00, 0x80000002)
T5AD8 000:348.330 - 0.205ms returns 0
T5AD8 000:348.345 JLINK_CORESIGHT_WriteAPDPReg(AP reg 0x01, 0x80011120)
T5AD8 000:348.544 - 0.199ms returns 0
T5AD8 000:348.559 JLINK_CORESIGHT_WriteAPDPReg(AP reg 0x03, 0x3A010001)
T5AD8 000:348.755 - 0.195ms returns 0
T5AD8 000:348.786 JLINK_CORESIGHT_WriteAPDPReg(AP reg 0x00, 0x80000002)
T5AD8 000:349.022 - 0.235ms returns 0
T5AD8 000:349.059 JLINK_CORESIGHT_WriteAPDPReg(AP reg 0x01, 0x80011140)
T5AD8 000:349.346 - 0.286ms returns 0
T5AD8 000:349.383 JLINK_CORESIGHT_ReadAPDPReg(AP reg 0x03)
T5AD8 000:349.631   Value=0x00000002
T5AD8 000:349.645 - 0.262ms returns 0
T5AD8 000:349.663 JLINK_CORESIGHT_WriteAPDPReg(AP reg 0x00, 0x80000002)
T5AD8 000:349.866 - 0.203ms returns 0
T5AD8 000:349.884 JLINK_CORESIGHT_WriteAPDPReg(AP reg 0x01, 0x80011120)
T5AD8 000:350.085 - 0.201ms returns 0
T5AD8 000:350.104 JLINK_CORESIGHT_WriteAPDPReg(AP reg 0x03, 0x000003C5)
T5AD8 000:350.310 - 0.206ms returns 0
T5AD8 000:350.327 JLINK_CORESIGHT_WriteAPDPReg(AP reg 0x00, 0x80000002)
T5AD8 000:350.523 - 0.195ms returns 0
T5AD8 000:350.542 JLINK_CORESIGHT_WriteAPDPReg(AP reg 0x01, 0x80011140)
T5AD8 000:350.741 - 0.199ms returns 0
T5AD8 000:350.758 JLINK_CORESIGHT_ReadAPDPReg(AP reg 0x03)
T5AD8 000:351.001   Value=0x00000002
T5AD8 000:351.015 - 0.257ms returns 0
T5AD8 000:351.031 JLINK_CORESIGHT_ReadAPDPReg(AP reg 0x03)
T5AD8 000:351.308   Value=0x00000002
T5AD8 000:351.325 - 0.294ms returns 0
T5AD8 000:351.341 JLINK_CORESIGHT_ReadAPDPReg(AP reg 0x03)
T5AD8 000:351.587   Value=0x00000002
T5AD8 000:351.600 - 0.259ms returns 0
T5AD8 000:351.614 JLINK_CORESIGHT_ReadAPDPReg(AP reg 0x03)
T5AD8 000:351.865   Value=0x00000002
T5AD8 000:351.882 - 0.268ms returns 0
T5AD8 000:351.898 JLINK_CORESIGHT_ReadAPDPReg(AP reg 0x03)
T5AD8 000:352.141   Value=0x00000002
T5AD8 000:352.155 - 0.256ms returns 0
T5AD8 000:352.171 JLINK_CORESIGHT_ReadAPDPReg(AP reg 0x03)
T5AD8 000:352.465   Value=0x00000002
T5AD8 000:352.484 - 0.313ms returns 0
T5AD8 000:352.915 JLINK_CORESIGHT_ReadAPDPReg(AP reg 0x03)
T5AD8 000:353.170   Value=0x00000002
T5AD8 000:353.185 - 0.269ms returns 0
T5AD8 000:353.196 JLINK_CORESIGHT_ReadAPDPReg(AP reg 0x03)
T5AD8 000:353.463   Value=0x00000000
T5AD8 000:353.478 - 0.282ms returns 0
T5AD8 000:353.490 JLINK_CORESIGHT_WriteAPDPReg(AP reg 0x00, 0x80000002)
T5AD8 000:353.705 - 0.214ms returns 0
T5AD8 000:353.719 JLINK_CORESIGHT_WriteAPDPReg(AP reg 0x01, 0x80011130)
T5AD8 000:353.924 - 0.205ms returns 0
T5AD8 000:353.938 JLINK_CORESIGHT_ReadAPDPReg(AP reg 0x03)
T5AD8 000:354.201   Value=0x3A2A0081
T5AD8 000:354.215 - 0.277ms returns 0
T5AD8 000:354.226 JLINK_CORESIGHT_WriteAPDPReg(AP reg 0x00, 0x80000002)
T5AD8 000:354.425 - 0.198ms returns 0
T5AD8 000:354.454 JLINK_CORESIGHT_WriteAPDPReg(AP reg 0x01, 0x80011140)
T5AD8 000:354.669 - 0.215ms returns 0
T5AD8 000:354.684 JLINK_CORESIGHT_ReadAPDPReg(AP reg 0x03)
T5AD8 000:354.934   Value=0x00000000
T5AD8 000:354.950 - 0.265ms returns 0
T5AD8 000:354.963 JLINK_CORESIGHT_WriteAPDPReg(AP reg 0x00, 0x80000002)
T5AD8 000:355.169 - 0.206ms returns 0
T5AD8 000:355.182 JLINK_CORESIGHT_WriteAPDPReg(AP reg 0x01, 0x80011130)
T5AD8 000:355.409 - 0.227ms returns 0
T5AD8 000:355.423 JLINK_CORESIGHT_ReadAPDPReg(AP reg 0x03)
T5AD8 000:355.670   Value=0x808D5B00
T5AD8 000:355.683 - 0.260ms returns 0
T5AD8 000:355.695 JLINK_CORESIGHT_WriteAPDPReg(AP reg 0x00, 0x80000002)
T5AD8 000:355.879 - 0.185ms returns 0
T5AD8 000:355.888 JLINK_CORESIGHT_WriteAPDPReg(AP reg 0x01, 0x80011140)
T5AD8 000:356.073 - 0.184ms returns 0
T5AD8 000:356.086 JLINK_CORESIGHT_ReadAPDPReg(AP reg 0x03)
T5AD8 000:356.333   Value=0x00000000
T5AD8 000:356.342 - 0.256ms returns 0
T5AD8 000:356.349 JLINK_CORESIGHT_WriteAPDPReg(AP reg 0x00, 0x80000002)
T5AD8 000:356.541 - 0.191ms returns 0
T5AD8 000:356.549 JLINK_CORESIGHT_WriteAPDPReg(AP reg 0x01, 0x80011130)
T5AD8 000:356.731 - 0.182ms returns 0
T5AD8 000:356.744 JLINK_CORESIGHT_ReadAPDPReg(AP reg 0x03)
T5AD8 000:356.974   Value=0x0806070A
T5AD8 000:356.984 - 0.240ms returns 0
T5AD8 000:356.991 JLINK_CORESIGHT_WriteAPDPReg(AP reg 0x00, 0x80000002)
T5AD8 000:357.165 - 0.174ms returns 0
T5AD8 000:357.174 JLINK_CORESIGHT_WriteAPDPReg(AP reg 0x01, 0x80011140)
T5AD8 000:357.407 - 0.233ms returns 0
T5AD8 000:357.419 JLINK_CORESIGHT_ReadAPDPReg(AP reg 0x03)
T5AD8 000:357.654   Value=0x00000000
T5AD8 000:357.666 - 0.246ms returns 0
T5AD8 000:357.677 JLINK_CORESIGHT_WriteAPDPReg(AP reg 0x00, 0x80000002)
T5AD8 000:357.865 - 0.188ms returns 0
T5AD8 000:357.876 JLINK_CORESIGHT_WriteAPDPReg(AP reg 0x01, 0x80011130)
T5AD8 000:358.069 - 0.192ms returns 0
T5AD8 000:358.083 JLINK_CORESIGHT_ReadAPDPReg(AP reg 0x03)
T5AD8 000:358.322   Value=0x33545414
T5AD8 000:358.335 - 0.252ms returns 0
T5AD8 000:358.345 JLINK_CORESIGHT_WriteAPDPReg(AP reg 0x00, 0x80000002)
T5AD8 000:358.546 - 0.201ms returns 0
T5AD8 000:358.558 JLINK_CORESIGHT_WriteAPDPReg(AP reg 0x01, 0x80011140)
T5AD8 000:358.749 - 0.190ms returns 0
T5AD8 000:358.762 JLINK_CORESIGHT_ReadAPDPReg(AP reg 0x03)
T5AD8 000:359.002   Value=0x00000000
T5AD8 000:359.016 - 0.254ms returns 0
T5AD8 000:359.027 JLINK_CORESIGHT_WriteAPDPReg(AP reg 0x00, 0x80000002)
T5AD8 000:359.218 - 0.191ms returns 0
T5AD8 000:359.226 JLINK_CORESIGHT_WriteAPDPReg(AP reg 0x01, 0x80011130)
T5AD8 000:359.413 - 0.186ms returns 0
T5AD8 000:359.425 JLINK_CORESIGHT_ReadAPDPReg(AP reg 0x03)
T5AD8 000:359.666   Value=0x541AAC93
T5AD8 000:359.675 - 0.249ms returns 0
T5AD8 000:359.681 JLINK_CORESIGHT_WriteAPDPReg(AP reg 0x00, 0x80000002)
T5AD8 000:359.863 - 0.181ms returns 0
T5AD8 000:359.872 JLINK_CORESIGHT_WriteAPDPReg(AP reg 0x01, 0x80011140)
T5AD8 000:360.065 - 0.192ms returns 0
T5AD8 000:360.077 JLINK_CORESIGHT_ReadAPDPReg(AP reg 0x03)
T5AD8 000:360.356   Value=0x00000000
T5AD8 000:360.371 - 0.293ms returns 0
T5AD8 000:360.381 JLINK_CORESIGHT_WriteAPDPReg(AP reg 0x00, 0x80000002)
T5AD8 000:360.598 - 0.217ms returns 0
T5AD8 000:360.605 JLINK_CORESIGHT_WriteAPDPReg(AP reg 0x01, 0x80011130)
T5AD8 000:360.794 - 0.188ms returns 0
T5AD8 000:360.801 JLINK_CORESIGHT_ReadAPDPReg(AP reg 0x03)
T5AD8 000:361.086   Value=0x30365936
T5AD8 000:361.122 - 0.320ms returns 0
T5AD8 000:361.217 JLINK_CORESIGHT_WriteAPDPReg(AP reg 0x00, 0x80000002)
T5AD8 000:361.444 - 0.228ms returns 0
T5AD8 000:361.453 JLINK_CORESIGHT_WriteAPDPReg(AP reg 0x01, 0x80011140)
T5AD8 000:361.639 - 0.186ms returns 0
T5AD8 000:361.661 JLINK_CORESIGHT_ReadAPDPReg(AP reg 0x03)
T5AD8 000:362.051   Value=0x00000000
T5AD8 000:362.091 - 0.429ms returns 0
T5AD8 000:362.108 JLINK_CORESIGHT_WriteAPDPReg(AP reg 0x00, 0x80000002)
T5AD8 000:362.420 - 0.311ms returns 0
T5AD8 000:362.436 JLINK_CORESIGHT_WriteAPDPReg(AP reg 0x01, 0x80011130)
T5AD8 000:362.648 - 0.211ms returns 0
T5AD8 000:362.672 JLINK_CORESIGHT_ReadAPDPReg(AP reg 0x03)
T5AD8 000:362.929   Value=0x5B062D35
T5AD8 000:362.944 - 0.271ms returns 0
T5AD8 000:362.955 JLINK_CORESIGHT_WriteAPDPReg(AP reg 0x00, 0x80000002)
T5AD8 000:363.142 - 0.187ms returns 0
T5AD8 000:363.156 JLINK_CORESIGHT_WriteAPDPReg(AP reg 0x01, 0x80011140)
T5AD8 000:363.345 - 0.189ms returns 0
T5AD8 000:363.354 JLINK_CORESIGHT_ReadAPDPReg(AP reg 0x03)
T5AD8 000:363.606   Value=0x00000000
T5AD8 000:363.621 - 0.266ms returns 0
T5AD8 000:363.633 JLINK_CORESIGHT_WriteAPDPReg(AP reg 0x00, 0x80000002)
T5AD8 000:363.826 - 0.193ms returns 0
T5AD8 000:363.840 JLINK_CORESIGHT_WriteAPDPReg(AP reg 0x01, 0x80011130)
T5AD8 000:364.023 - 0.183ms returns 0
T5AD8 000:364.035 JLINK_CORESIGHT_ReadAPDPReg(AP reg 0x03)
T5AD8 000:364.311   Value=0x4B375270
T5AD8 000:364.320 - 0.284ms returns 0
T5AD8 000:364.327 JLINK_CORESIGHT_WriteAPDPReg(AP reg 0x00, 0x80000002)
T5AD8 000:364.500 - 0.173ms returns 0
T5AD8 000:364.508 JLINK_CORESIGHT_WriteAPDPReg(AP reg 0x01, 0x80011140)
T5AD8 000:364.688 - 0.180ms returns 0
T5AD8 000:364.700 JLINK_CORESIGHT_ReadAPDPReg(AP reg 0x03)
T5AD8 000:364.936   Value=0x00000000
T5AD8 000:364.945 - 0.244ms returns 0
T5AD8 000:364.952 JLINK_CORESIGHT_WriteAPDPReg(AP reg 0x00, 0x80000002)
T5AD8 000:365.126 - 0.174ms returns 0
T5AD8 000:365.134 JLINK_CORESIGHT_WriteAPDPReg(AP reg 0x01, 0x80011130)
T5AD8 000:365.312 - 0.178ms returns 0
T5AD8 000:365.324 JLINK_CORESIGHT_ReadAPDPReg(AP reg 0x03)
T5AD8 000:365.558   Value=0x31503841
T5AD8 000:365.567 - 0.243ms returns 0
T5AD8 000:365.573 JLINK_CORESIGHT_WriteAPDPReg(AP reg 0x00, 0x80000002)
T5AD8 000:365.747 - 0.173ms returns 0
T5AD8 000:365.755 JLINK_CORESIGHT_WriteAPDPReg(AP reg 0x01, 0x80011140)
T5AD8 000:365.936 - 0.181ms returns 0
T5AD8 000:365.950 JLINK_CORESIGHT_ReadAPDPReg(AP reg 0x03)
T5AD8 000:366.187   Value=0x00000000
T5AD8 000:366.196 - 0.246ms returns 0
T5AD8 000:366.203 JLINK_CORESIGHT_WriteAPDPReg(AP reg 0x00, 0x80000002)
T5AD8 000:366.410 - 0.207ms returns 0
T5AD8 000:366.418 JLINK_CORESIGHT_WriteAPDPReg(AP reg 0x01, 0x80011130)
T5AD8 000:366.589 - 0.171ms returns 0
T5AD8 000:366.596 JLINK_CORESIGHT_ReadAPDPReg(AP reg 0x03)
T5AD8 000:366.819   Value=0x434C464B
T5AD8 000:366.828 - 0.231ms returns 0
T5AD8 000:366.834 JLINK_CORESIGHT_WriteAPDPReg(AP reg 0x00, 0x80000002)
T5AD8 000:367.008 - 0.173ms returns 0
T5AD8 000:367.016 JLINK_CORESIGHT_WriteAPDPReg(AP reg 0x01, 0x80011140)
T5AD8 000:367.185 - 0.169ms returns 0
T5AD8 000:367.192 JLINK_CORESIGHT_ReadAPDPReg(AP reg 0x03)
T5AD8 000:367.456   Value=0x00000000
T5AD8 000:367.463 - 0.270ms returns 0
T5AD8 000:367.469 JLINK_CORESIGHT_WriteAPDPReg(AP reg 0x00, 0x80000002)
T5AD8 000:367.651 - 0.181ms returns 0
T5AD8 000:367.666 JLINK_CORESIGHT_WriteAPDPReg(AP reg 0x01, 0x80011130)
T5AD8 000:367.868 - 0.202ms returns 0
T5AD8 000:367.875 JLINK_CORESIGHT_ReadAPDPReg(AP reg 0x03)
T5AD8 000:368.117   Value=0x20204341
T5AD8 000:368.131 - 0.255ms returns 0
T5AD8 000:368.143 JLINK_CORESIGHT_WriteAPDPReg(AP reg 0x00, 0x80000002)
T5AD8 000:368.332 - 0.189ms returns 0
T5AD8 000:368.346 JLINK_CORESIGHT_WriteAPDPReg(AP reg 0x01, 0x80011140)
T5AD8 000:368.544 - 0.198ms returns 0
T5AD8 000:368.551 JLINK_CORESIGHT_ReadAPDPReg(AP reg 0x03)
T5AD8 000:368.786   Value=0x00000000
T5AD8 000:368.795 - 0.244ms returns 0
T5AD8 000:368.802 JLINK_CORESIGHT_WriteAPDPReg(AP reg 0x00, 0x80000002)
T5AD8 000:368.988 - 0.185ms returns 0
T5AD8 000:368.996 JLINK_CORESIGHT_WriteAPDPReg(AP reg 0x01, 0x80011130)
T5AD8 000:369.190 - 0.193ms returns 0
T5AD8 000:369.202 JLINK_CORESIGHT_ReadAPDPReg(AP reg 0x03)
T5AD8 000:369.455   Value=0x00037F20
T5AD8 000:369.464 - 0.262ms returns 0
T5AD8 000:369.525 JLINK_CORESIGHT_WriteAPDPReg(AP reg 0x00, 0x80000002)
T5AD8 000:369.711 - 0.186ms returns 0
T5AD8 000:369.719 JLINK_CORESIGHT_WriteAPDPReg(AP reg 0x01, 0x80011140)
T5AD8 000:369.901 - 0.181ms returns 0
T5AD8 000:369.913 JLINK_CORESIGHT_ReadAPDPReg(AP reg 0x03)
T5AD8 000:370.160   Value=0x00000002
T5AD8 000:370.174 - 0.260ms returns 0
T5AD8 000:370.185 JLINK_CORESIGHT_WriteAPDPReg(AP reg 0x00, 0x80000002)
T5AD8 000:370.417 - 0.232ms returns 0
T5AD8 000:370.429 JLINK_CORESIGHT_WriteAPDPReg(AP reg 0x01, 0x80011120)
T5AD8 000:370.622 - 0.193ms returns 0
T5AD8 000:370.634 JLINK_CORESIGHT_WriteAPDPReg(AP reg 0x03, 0x39020001)
T5AD8 000:370.824 - 0.190ms returns 0
T5AD8 000:370.836 JLINK_CORESIGHT_WriteAPDPReg(AP reg 0x00, 0x80000002)
T5AD8 000:371.030 - 0.194ms returns 0
T5AD8 000:371.044 JLINK_CORESIGHT_WriteAPDPReg(AP reg 0x01, 0x80011140)
T5AD8 000:371.234 - 0.189ms returns 0
T5AD8 000:371.247 JLINK_CORESIGHT_ReadAPDPReg(AP reg 0x03)
T5AD8 000:371.507   Value=0x00000002
T5AD8 000:371.520 - 0.272ms returns 0
T5AD8 000:371.531 JLINK_CORESIGHT_WriteAPDPReg(AP reg 0x00, 0x80000002)
T5AD8 000:371.725 - 0.194ms returns 0
T5AD8 000:371.737 JLINK_CORESIGHT_WriteAPDPReg(AP reg 0x01, 0x80011120)
T5AD8 000:371.922 - 0.184ms returns 0
T5AD8 000:371.935 JLINK_CORESIGHT_WriteAPDPReg(AP reg 0x03, 0x0003B312)
T5AD8 000:372.142 - 0.207ms returns 0
T5AD8 000:372.156 JLINK_CORESIGHT_WriteAPDPReg(AP reg 0x00, 0x80000002)
T5AD8 000:372.347 - 0.191ms returns 0
T5AD8 000:372.361 JLINK_CORESIGHT_WriteAPDPReg(AP reg 0x01, 0x80011140)
T5AD8 000:372.558 - 0.197ms returns 0
T5AD8 000:372.567 JLINK_CORESIGHT_ReadAPDPReg(AP reg 0x03)
T5AD8 000:372.802   Value=0x00000000
T5AD8 000:372.815 - 0.247ms returns 0
T5AD8 000:372.826 JLINK_CORESIGHT_WriteAPDPReg(AP reg 0x00, 0x80000002)
T5AD8 000:373.013 - 0.187ms returns 0
T5AD8 000:373.022 JLINK_CORESIGHT_WriteAPDPReg(AP reg 0x01, 0x80011130)
T5AD8 000:373.204 - 0.182ms returns 0
T5AD8 000:373.216 JLINK_CORESIGHT_ReadAPDPReg(AP reg 0x03)
T5AD8 000:373.455   Value=0xB90A0081
T5AD8 000:373.464 - 0.247ms returns 0
T5AD8 000:373.470 JLINK_CORESIGHT_WriteAPDPReg(AP reg 0x00, 0x80000002)
T5AD8 000:373.654 - 0.183ms returns 0
T5AD8 000:373.667 JLINK_CORESIGHT_WriteAPDPReg(AP reg 0x01, 0x80011140)
T5AD8 000:373.845 - 0.178ms returns 0
T5AD8 000:373.852 JLINK_CORESIGHT_ReadAPDPReg(AP reg 0x03)
T5AD8 000:374.110   Value=0x00000000
T5AD8 000:374.124 - 0.272ms returns 0
T5AD8 000:374.136 JLINK_CORESIGHT_WriteAPDPReg(AP reg 0x00, 0x80000002)
T5AD8 000:374.325 - 0.189ms returns 0
T5AD8 000:374.338 JLINK_CORESIGHT_WriteAPDPReg(AP reg 0x01, 0x80011130)
T5AD8 000:374.515 - 0.177ms returns 0
T5AD8 000:374.522 JLINK_CORESIGHT_ReadAPDPReg(AP reg 0x03)
T5AD8 000:374.752   Value=0xFFFFFFC0
T5AD8 000:374.761 - 0.238ms returns 0
T5AD8 000:374.768 JLINK_CORESIGHT_WriteAPDPReg(AP reg 0x00, 0x80000002)
T5AD8 000:374.947 - 0.179ms returns 0
T5AD8 000:374.955 JLINK_CORESIGHT_WriteAPDPReg(AP reg 0x01, 0x80011140)
T5AD8 000:375.128 - 0.173ms returns 0
T5AD8 000:375.135 JLINK_CORESIGHT_ReadAPDPReg(AP reg 0x03)
T5AD8 000:375.374   Value=0x00000000
T5AD8 000:375.383 - 0.247ms returns 0
T5AD8 000:375.390 JLINK_CORESIGHT_WriteAPDPReg(AP reg 0x00, 0x80000002)
T5AD8 000:375.565 - 0.175ms returns 0
T5AD8 000:375.573 JLINK_CORESIGHT_WriteAPDPReg(AP reg 0x01, 0x80011130)
T5AD8 000:375.743 - 0.170ms returns 0
T5AD8 000:375.750 JLINK_CORESIGHT_ReadAPDPReg(AP reg 0x03)
T5AD8 000:375.969   Value=0xFFFFFFFF
T5AD8 000:375.978 - 0.228ms returns 0
T5AD8 000:375.985 JLINK_CORESIGHT_WriteAPDPReg(AP reg 0x00, 0x80000002)
T5AD8 000:376.163 - 0.177ms returns 0
T5AD8 000:376.170 JLINK_CORESIGHT_WriteAPDPReg(AP reg 0x01, 0x80011140)
T5AD8 000:376.416 - 0.245ms returns 0
T5AD8 000:376.428 JLINK_CORESIGHT_ReadAPDPReg(AP reg 0x03)
T5AD8 000:376.682   Value=0x00000000
T5AD8 000:376.701 - 0.273ms returns 0
T5AD8 000:376.712 JLINK_CORESIGHT_WriteAPDPReg(AP reg 0x00, 0x80000002)
T5AD8 000:376.897 - 0.184ms returns 0
T5AD8 000:376.908 JLINK_CORESIGHT_WriteAPDPReg(AP reg 0x01, 0x80011130)
T5AD8 000:377.167 - 0.257ms returns 0
T5AD8 000:377.203 JLINK_CORESIGHT_ReadAPDPReg(AP reg 0x03)
T5AD8 000:377.496   Value=0x000385FF
T5AD8 000:377.520 - 0.317ms returns 0
T5AD8 000:377.630 JLINK_CORESIGHT_WriteAPDPReg(AP reg 0x00, 0x80000002)
T5AD8 000:377.844 - 0.214ms returns 0
T5AD8 000:377.859 JLINK_CORESIGHT_WriteAPDPReg(AP reg 0x01, 0x80011140)
T5AD8 000:378.057 - 0.198ms returns 0
T5AD8 000:378.072 JLINK_CORESIGHT_ReadAPDPReg(AP reg 0x03)
T5AD8 000:378.309   Value=0x00000002
T5AD8 000:378.316 - 0.244ms returns 0
T5AD8 000:378.328 JLINK_CORESIGHT_WriteAPDPReg(AP reg 0x00, 0x80000002)
T5AD8 000:378.511 - 0.182ms returns 0
T5AD8 000:378.533 JLINK_CORESIGHT_WriteAPDPReg(AP reg 0x01, 0x80011120)
T5AD8 000:378.731 - 0.198ms returns 0
T5AD8 000:378.741 JLINK_CORESIGHT_WriteAPDPReg(AP reg 0x03, 0x2C010001)
T5AD8 000:378.937 - 0.195ms returns 0
T5AD8 000:378.956 JLINK_CORESIGHT_WriteAPDPReg(AP reg 0x00, 0x80000002)
T5AD8 000:379.145 - 0.188ms returns 0
T5AD8 000:379.162 JLINK_CORESIGHT_WriteAPDPReg(AP reg 0x01, 0x80011140)
T5AD8 000:379.450 - 0.287ms returns 0
T5AD8 000:379.794 JLINK_CORESIGHT_ReadAPDPReg(AP reg 0x03)
T5AD8 000:380.141   Value=0x00000002
T5AD8 000:380.176 - 0.381ms returns 0
T5AD8 000:380.197 JLINK_CORESIGHT_WriteAPDPReg(AP reg 0x00, 0x80000002)
T5AD8 000:382.415 - 2.218ms returns 0
T5AD8 000:382.447 JLINK_CORESIGHT_WriteAPDPReg(AP reg 0x01, 0x80011120)
T5AD8 000:382.705 - 0.258ms returns 0
T5AD8 000:382.730 JLINK_CORESIGHT_WriteAPDPReg(AP reg 0x03, 0x000003D3)
T5AD8 000:382.957 - 0.227ms returns 0
T5AD8 000:382.972 JLINK_CORESIGHT_WriteAPDPReg(AP reg 0x00, 0x80000002)
T5AD8 000:383.185 - 0.212ms returns 0
T5AD8 000:383.199 JLINK_CORESIGHT_WriteAPDPReg(AP reg 0x01, 0x80011140)
T5AD8 000:383.418 - 0.219ms returns 0
T5AD8 000:383.432 JLINK_CORESIGHT_ReadAPDPReg(AP reg 0x03)
T5AD8 000:383.693   Value=0x00000002
T5AD8 000:383.707 - 0.274ms returns 0
T5AD8 000:383.718 JLINK_CORESIGHT_ReadAPDPReg(AP reg 0x03)
T5AD8 000:383.967   Value=0x00000002
T5AD8 000:383.981 - 0.263ms returns 0
T5AD8 000:383.992 JLINK_CORESIGHT_ReadAPDPReg(AP reg 0x03)
T5AD8 000:384.233   Value=0x00000002
T5AD8 000:384.250 - 0.258ms returns 0
T5AD8 000:384.260 JLINK_CORESIGHT_ReadAPDPReg(AP reg 0x03)
T5AD8 000:384.495   Value=0x00000002
T5AD8 000:384.504 - 0.243ms returns 0
T5AD8 000:384.510 JLINK_CORESIGHT_ReadAPDPReg(AP reg 0x03)
T5AD8 000:384.735   Value=0x00000002
T5AD8 000:384.743 - 0.233ms returns 0
T5AD8 000:384.749 JLINK_CORESIGHT_ReadAPDPReg(AP reg 0x03)
T5AD8 000:384.976   Value=0x00000002
T5AD8 000:384.984 - 0.235ms returns 0
T5AD8 000:384.991 JLINK_CORESIGHT_ReadAPDPReg(AP reg 0x03)
T5AD8 000:385.218   Value=0x00000002
T5AD8 000:385.226 - 0.235ms returns 0
T5AD8 000:385.234 JLINK_CORESIGHT_ReadAPDPReg(AP reg 0x03)
T5AD8 000:385.479   Value=0x00000002
T5AD8 000:385.487 - 0.253ms returns 0
T5AD8 000:385.494 JLINK_CORESIGHT_ReadAPDPReg(AP reg 0x03)
T5AD8 000:385.718   Value=0x00000000
T5AD8 000:385.726 - 0.232ms returns 0
T5AD8 000:385.733 JLINK_CORESIGHT_WriteAPDPReg(AP reg 0x00, 0x80000002)
T5AD8 000:385.910 - 0.177ms returns 0
T5AD8 000:385.918 JLINK_CORESIGHT_WriteAPDPReg(AP reg 0x01, 0x80011130)
T5AD8 000:386.100 - 0.181ms returns 0
T5AD8 000:386.125 JLINK_CORESIGHT_ReadAPDPReg(AP reg 0x03)
T5AD8 000:386.367   Value=0x2C020081
T5AD8 000:386.377 - 0.251ms returns 0
T5AD8 000:386.383 JLINK_CORESIGHT_WriteAPDPReg(AP reg 0x00, 0x80000002)
T5AD8 000:386.565 - 0.181ms returns 0
T5AD8 000:386.573 JLINK_CORESIGHT_WriteAPDPReg(AP reg 0x01, 0x80011140)
T5AD8 000:386.760 - 0.186ms returns 0
T5AD8 000:386.774 JLINK_CORESIGHT_ReadAPDPReg(AP reg 0x03)
T5AD8 000:387.010   Value=0x00000000
T5AD8 000:387.019 - 0.245ms returns 0
T5AD8 000:387.026 JLINK_CORESIGHT_WriteAPDPReg(AP reg 0x00, 0x80000002)
T5AD8 000:387.202 - 0.176ms returns 0
T5AD8 000:387.212 JLINK_CORESIGHT_WriteAPDPReg(AP reg 0x01, 0x80011130)
T5AD8 000:387.414 - 0.201ms returns 0
T5AD8 000:387.429 JLINK_CORESIGHT_ReadAPDPReg(AP reg 0x03)
T5AD8 000:387.666   Value=0x0003CE04
T5AD8 000:387.675 - 0.246ms returns 0
T5AD8 000:387.684 JLINK_CORESIGHT_WriteAPDPReg(AP reg 0x00, 0x80000002)
T5AD8 000:387.860 - 0.176ms returns 0
T5AD8 000:387.868 JLINK_CORESIGHT_WriteAPDPReg(AP reg 0x01, 0x80011140)
T5AD8 000:388.044 - 0.176ms returns 0
T5AD8 000:388.057 JLINK_CORESIGHT_ReadAPDPReg(AP reg 0x03)
T5AD8 000:388.302   Value=0x00000002
T5AD8 000:388.311 - 0.254ms returns 0
T5AD8 000:388.317 JLINK_CORESIGHT_WriteAPDPReg(AP reg 0x00, 0x80000002)
T5AD8 000:388.499 - 0.182ms returns 0
T5AD8 000:388.507 JLINK_CORESIGHT_WriteAPDPReg(AP reg 0x01, 0x80011120)
T5AD8 000:388.689 - 0.182ms returns 0
T5AD8 000:388.702 JLINK_CORESIGHT_WriteAPDPReg(AP reg 0x03, 0x73010001)
T5AD8 000:388.885 - 0.183ms returns 0
T5AD8 000:388.894 JLINK_CORESIGHT_WriteAPDPReg(AP reg 0x00, 0x80000002)
T5AD8 000:389.084 - 0.190ms returns 0
T5AD8 000:389.097 JLINK_CORESIGHT_WriteAPDPReg(AP reg 0x01, 0x80011140)
T5AD8 000:389.302 - 0.205ms returns 0
T5AD8 000:389.314 JLINK_CORESIGHT_ReadAPDPReg(AP reg 0x03)
T5AD8 000:389.558   Value=0x00000002
T5AD8 000:389.567 - 0.253ms returns 0
T5AD8 000:389.574 JLINK_CORESIGHT_WriteAPDPReg(AP reg 0x00, 0x80000002)
T5AD8 000:389.757 - 0.182ms returns 0
T5AD8 000:389.764 JLINK_CORESIGHT_WriteAPDPReg(AP reg 0x01, 0x80011120)
T5AD8 000:389.946 - 0.181ms returns 0
T5AD8 000:389.958 JLINK_CORESIGHT_WriteAPDPReg(AP reg 0x03, 0x0000038C)
T5AD8 000:390.144 - 0.185ms returns 0
T5AD8 000:390.153 JLINK_CORESIGHT_WriteAPDPReg(AP reg 0x00, 0x80000002)
T5AD8 000:390.339 - 0.186ms returns 0
T5AD8 000:390.346 JLINK_CORESIGHT_WriteAPDPReg(AP reg 0x01, 0x80011140)
T5AD8 000:390.547 - 0.201ms returns 0
T5AD8 000:390.554 JLINK_CORESIGHT_ReadAPDPReg(AP reg 0x03)
T5AD8 000:390.794   Value=0x00000000
T5AD8 000:390.809 - 0.255ms returns 0
T5AD8 000:390.821 JLINK_CORESIGHT_WriteAPDPReg(AP reg 0x00, 0x80000002)
T5AD8 000:391.007 - 0.186ms returns 0
T5AD8 000:391.020 JLINK_CORESIGHT_WriteAPDPReg(AP reg 0x01, 0x80011130)
T5AD8 000:391.208 - 0.188ms returns 0
T5AD8 000:391.215 JLINK_CORESIGHT_ReadAPDPReg(AP reg 0x03)
T5AD8 000:391.462   Value=0x73020081
T5AD8 000:391.476 - 0.260ms returns 0
T5AD8 000:391.487 JLINK_CORESIGHT_WriteAPDPReg(AP reg 0x00, 0x80000002)
T5AD8 000:391.678 - 0.190ms returns 0
T5AD8 000:391.692 JLINK_CORESIGHT_WriteAPDPReg(AP reg 0x01, 0x80011140)
T5AD8 000:391.874 - 0.183ms returns 0
T5AD8 000:391.882 JLINK_CORESIGHT_ReadAPDPReg(AP reg 0x03)
T5AD8 000:392.118   Value=0x00000000
T5AD8 000:392.132 - 0.250ms returns 0
T5AD8 000:392.143 JLINK_CORESIGHT_WriteAPDPReg(AP reg 0x00, 0x80000002)
T5AD8 000:392.332 - 0.188ms returns 0
T5AD8 000:392.345 JLINK_CORESIGHT_WriteAPDPReg(AP reg 0x01, 0x80011130)
T5AD8 000:392.523 - 0.178ms returns 0
T5AD8 000:392.530 JLINK_CORESIGHT_ReadAPDPReg(AP reg 0x03)
T5AD8 000:392.798   Value=0x00038902
T5AD8 000:392.819 - 0.289ms returns 0
T5AD8 000:392.834 JLINK_CORESIGHT_WriteAPDPReg(AP reg 0x00, 0x80000002)
T5AD8 000:393.115 - 0.280ms returns 0
T5AD8 000:393.152 JLINK_CORESIGHT_WriteAPDPReg(AP reg 0x01, 0x80011140)
T5AD8 000:393.419 - 0.267ms returns 0
T5AD8 000:393.438 JLINK_CORESIGHT_ReadAPDPReg(AP reg 0x03)
T5AD8 000:393.757   Value=0x00000002
T5AD8 000:393.793 - 0.355ms returns 0
T5AD8 000:393.814 JLINK_CORESIGHT_WriteAPDPReg(AP reg 0x00, 0x80000002)
T5AD8 000:394.033 - 0.219ms returns 0
T5AD8 000:394.055 JLINK_CORESIGHT_WriteAPDPReg(AP reg 0x01, 0x80011120)
T5AD8 000:394.326 - 0.271ms returns 0
T5AD8 000:394.390 JLINK_CORESIGHT_WriteAPDPReg(AP reg 0x03, 0x75010001)
T5AD8 000:394.616 - 0.227ms returns 0
T5AD8 000:394.646 JLINK_CORESIGHT_WriteAPDPReg(AP reg 0x00, 0x80000002)
T5AD8 000:394.868 - 0.222ms returns 0
T5AD8 000:394.891 JLINK_CORESIGHT_WriteAPDPReg(AP reg 0x01, 0x80011140)
T5AD8 000:395.088 - 0.197ms returns 0
T5AD8 000:395.114 JLINK_CORESIGHT_ReadAPDPReg(AP reg 0x03)
T5AD8 000:395.365   Value=0x00000002
T5AD8 000:395.442 - 0.328ms returns 0
T5AD8 000:395.455 JLINK_CORESIGHT_WriteAPDPReg(AP reg 0x00, 0x80000002)
T5AD8 000:395.652 - 0.197ms returns 0
T5AD8 000:395.665 JLINK_CORESIGHT_WriteAPDPReg(AP reg 0x01, 0x80011120)
T5AD8 000:395.849 - 0.183ms returns 0
T5AD8 000:395.862 JLINK_CORESIGHT_WriteAPDPReg(AP reg 0x03, 0x0000038A)
T5AD8 000:396.061 - 0.198ms returns 0
T5AD8 000:396.075 JLINK_CORESIGHT_WriteAPDPReg(AP reg 0x00, 0x80000002)
T5AD8 000:396.301 - 0.225ms returns 0
T5AD8 000:396.309 JLINK_CORESIGHT_WriteAPDPReg(AP reg 0x01, 0x80011140)
T5AD8 000:396.490 - 0.181ms returns 0
T5AD8 000:396.498 JLINK_CORESIGHT_ReadAPDPReg(AP reg 0x03)
T5AD8 000:396.730   Value=0x00000002
T5AD8 000:396.743 - 0.244ms returns 0
T5AD8 000:396.755 JLINK_CORESIGHT_ReadAPDPReg(AP reg 0x03)
T5AD8 000:396.992   Value=0x00000002
T5AD8 000:397.002 - 0.246ms returns 0
T5AD8 000:397.009 JLINK_CORESIGHT_ReadAPDPReg(AP reg 0x03)
T5AD8 000:397.227   Value=0x00000002
T5AD8 000:397.236 - 0.227ms returns 0
T5AD8 000:397.242 JLINK_CORESIGHT_ReadAPDPReg(AP reg 0x03)
T5AD8 000:397.462   Value=0x00000002
T5AD8 000:397.470 - 0.227ms returns 0
T5AD8 000:397.476 JLINK_CORESIGHT_ReadAPDPReg(AP reg 0x03)
T5AD8 000:397.700   Value=0x00000002
T5AD8 000:397.709 - 0.232ms returns 0
T5AD8 000:397.715 JLINK_CORESIGHT_ReadAPDPReg(AP reg 0x03)
T5AD8 000:397.931   Value=0x00000002
T5AD8 000:397.939 - 0.224ms returns 0
T5AD8 000:397.945 JLINK_CORESIGHT_ReadAPDPReg(AP reg 0x03)
T5AD8 000:398.164   Value=0x00000002
T5AD8 000:398.173 - 0.227ms returns 0
T5AD8 000:398.179 JLINK_CORESIGHT_ReadAPDPReg(AP reg 0x03)
T5AD8 000:398.445   Value=0x00000002
T5AD8 000:398.454 - 0.274ms returns 0
T5AD8 000:398.460 JLINK_CORESIGHT_ReadAPDPReg(AP reg 0x03)
T5AD8 000:398.677   Value=0x00000002
T5AD8 000:398.684 - 0.224ms returns 0
T5AD8 000:398.691 JLINK_CORESIGHT_ReadAPDPReg(AP reg 0x03)
T5AD8 000:398.910   Value=0x00000002
T5AD8 000:398.919 - 0.228ms returns 0
T5AD8 000:398.925 JLINK_CORESIGHT_ReadAPDPReg(AP reg 0x03)
T5AD8 000:399.142   Value=0x00000002
T5AD8 000:399.150 - 0.225ms returns 0
T5AD8 000:399.156 JLINK_CORESIGHT_ReadAPDPReg(AP reg 0x03)
T5AD8 000:399.373   Value=0x00000000
T5AD8 000:399.381 - 0.224ms returns 0
T5AD8 000:399.387 JLINK_CORESIGHT_WriteAPDPReg(AP reg 0x00, 0x80000002)
T5AD8 000:399.565 - 0.177ms returns 0
T5AD8 000:399.572 JLINK_CORESIGHT_WriteAPDPReg(AP reg 0x01, 0x80011130)
T5AD8 000:399.749 - 0.176ms returns 0
T5AD8 000:399.763 JLINK_CORESIGHT_ReadAPDPReg(AP reg 0x03)
T5AD8 000:399.995   Value=0x75020081
T5AD8 000:400.004 - 0.241ms returns 0
T5AD8 000:400.011 JLINK_CORESIGHT_WriteAPDPReg(AP reg 0x00, 0x80000002)
T5AD8 000:400.196 - 0.185ms returns 0
T5AD8 000:400.204 JLINK_CORESIGHT_WriteAPDPReg(AP reg 0x01, 0x80011140)
T5AD8 000:400.413 - 0.208ms returns 0
T5AD8 000:400.426 JLINK_CORESIGHT_ReadAPDPReg(AP reg 0x03)
T5AD8 000:400.718   Value=0x00000000
T5AD8 000:400.753 - 0.327ms returns 0
T5AD8 000:400.774 JLINK_CORESIGHT_WriteAPDPReg(AP reg 0x00, 0x80000002)
T5AD8 000:401.202 - 0.428ms returns 0
T5AD8 000:401.221 JLINK_CORESIGHT_WriteAPDPReg(AP reg 0x01, 0x80011130)
T5AD8 000:401.422 - 0.200ms returns 0
T5AD8 000:401.434 JLINK_CORESIGHT_ReadAPDPReg(AP reg 0x03)
T5AD8 000:401.672   Value=0x00038702
T5AD8 000:401.686 - 0.252ms returns 0
T5AD8 000:401.704 JLINK_CORESIGHT_WriteAPDPReg(AP reg 0x00, 0x80000002)
T5AD8 000:401.898 - 0.193ms returns 0
T5AD8 000:401.912 JLINK_CORESIGHT_WriteAPDPReg(AP reg 0x01, 0x80011140)
T5AD8 000:402.107 - 0.195ms returns 0
T5AD8 000:402.119 JLINK_CORESIGHT_ReadAPDPReg(AP reg 0x03)
T5AD8 000:402.365   Value=0x00000002
T5AD8 000:402.379 - 0.260ms returns 0
T5AD8 000:402.390 JLINK_CORESIGHT_WriteAPDPReg(AP reg 0x00, 0x80000002)
T5AD8 000:402.588 - 0.198ms returns 0
T5AD8 000:402.600 JLINK_CORESIGHT_WriteAPDPReg(AP reg 0x01, 0x80011120)
T5AD8 000:402.798 - 0.198ms returns 0
T5AD8 000:402.812 JLINK_CORESIGHT_WriteAPDPReg(AP reg 0x03, 0x4F010001)
T5AD8 000:403.005 - 0.192ms returns 0
T5AD8 000:403.019 JLINK_CORESIGHT_WriteAPDPReg(AP reg 0x00, 0x80000002)
T5AD8 000:403.217 - 0.198ms returns 0
T5AD8 000:403.234 JLINK_CORESIGHT_WriteAPDPReg(AP reg 0x01, 0x80011140)
T5AD8 000:403.446 - 0.212ms returns 0
T5AD8 000:403.460 JLINK_CORESIGHT_ReadAPDPReg(AP reg 0x03)
T5AD8 000:403.701   Value=0x00000002
T5AD8 000:403.715 - 0.255ms returns 0
T5AD8 000:403.726 JLINK_CORESIGHT_WriteAPDPReg(AP reg 0x00, 0x80000002)
T5AD8 000:403.917 - 0.191ms returns 0
T5AD8 000:403.930 JLINK_CORESIGHT_WriteAPDPReg(AP reg 0x01, 0x80011120)
T5AD8 000:404.121 - 0.191ms returns 0
T5AD8 000:404.129 JLINK_CORESIGHT_WriteAPDPReg(AP reg 0x03, 0x000003B0)
T5AD8 000:404.315 - 0.186ms returns 0
T5AD8 000:404.329 JLINK_CORESIGHT_WriteAPDPReg(AP reg 0x00, 0x80000002)
T5AD8 000:404.511 - 0.181ms returns 0
T5AD8 000:404.542 JLINK_CORESIGHT_WriteAPDPReg(AP reg 0x01, 0x80011140)
T5AD8 000:404.749 - 0.206ms returns 0
T5AD8 000:404.767 JLINK_CORESIGHT_ReadAPDPReg(AP reg 0x03)
T5AD8 000:405.010   Value=0x00000002
T5AD8 000:405.024 - 0.257ms returns 0
T5AD8 000:405.041 JLINK_CORESIGHT_ReadAPDPReg(AP reg 0x03)
T5AD8 000:405.309   Value=0x00000002
T5AD8 000:405.322 - 0.281ms returns 0
T5AD8 000:405.338 JLINK_CORESIGHT_ReadAPDPReg(AP reg 0x03)
T5AD8 000:405.572   Value=0x00000002
T5AD8 000:405.587 - 0.249ms returns 0
T5AD8 000:405.603 JLINK_CORESIGHT_ReadAPDPReg(AP reg 0x03)
T5AD8 000:405.835   Value=0x00000000
T5AD8 000:405.849 - 0.246ms returns 0
T5AD8 000:405.865 JLINK_CORESIGHT_WriteAPDPReg(AP reg 0x00, 0x80000002)
T5AD8 000:406.052 - 0.186ms returns 0
T5AD8 000:406.063 JLINK_CORESIGHT_WriteAPDPReg(AP reg 0x01, 0x80011130)
T5AD8 000:406.304 - 0.240ms returns 0
T5AD8 000:406.323 JLINK_CORESIGHT_ReadAPDPReg(AP reg 0x03)
T5AD8 000:406.557   Value=0x4F0B0081
T5AD8 000:406.566 - 0.244ms returns 0
T5AD8 000:406.576 JLINK_CORESIGHT_WriteAPDPReg(AP reg 0x00, 0x80000002)
T5AD8 000:406.748 - 0.172ms returns 0
T5AD8 000:406.759 JLINK_CORESIGHT_WriteAPDPReg(AP reg 0x01, 0x80011140)
T5AD8 000:406.948 - 0.188ms returns 0
T5AD8 000:406.964 JLINK_CORESIGHT_ReadAPDPReg(AP reg 0x03)
T5AD8 000:407.220   Value=0x00000000
T5AD8 000:407.227 - 0.263ms returns 0
T5AD8 000:407.236 JLINK_CORESIGHT_WriteAPDPReg(AP reg 0x00, 0x80000002)
T5AD8 000:407.414 - 0.177ms returns 0
T5AD8 000:407.426 JLINK_CORESIGHT_WriteAPDPReg(AP reg 0x01, 0x80011130)
T5AD8 000:407.606 - 0.179ms returns 0
T5AD8 000:407.616 JLINK_CORESIGHT_ReadAPDPReg(AP reg 0x03)
T5AD8 000:407.844   Value=0x20000000
T5AD8 000:407.853 - 0.236ms returns 0
T5AD8 000:407.862 JLINK_CORESIGHT_WriteAPDPReg(AP reg 0x00, 0x80000002)
T5AD8 000:408.042 - 0.179ms returns 0
T5AD8 000:408.062 JLINK_CORESIGHT_WriteAPDPReg(AP reg 0x01, 0x80011140)
T5AD8 000:408.311 - 0.249ms returns 0
T5AD8 000:408.348 JLINK_CORESIGHT_ReadAPDPReg(AP reg 0x03)
T5AD8 000:408.620   Value=0x00000000
T5AD8 000:408.634 - 0.286ms returns 0
T5AD8 000:408.646 JLINK_CORESIGHT_WriteAPDPReg(AP reg 0x00, 0x80000002)
T5AD8 000:408.845 - 0.199ms returns 0
T5AD8 000:408.857 JLINK_CORESIGHT_WriteAPDPReg(AP reg 0x01, 0x80011130)
T5AD8 000:409.041 - 0.184ms returns 0
T5AD8 000:409.061 JLINK_CORESIGHT_ReadAPDPReg(AP reg 0x03)
T5AD8 000:409.301   Value=0x00000000
T5AD8 000:409.311 - 0.249ms returns 0
T5AD8 000:409.321 JLINK_CORESIGHT_WriteAPDPReg(AP reg 0x00, 0x80000002)
T5AD8 000:409.499 - 0.178ms returns 0
T5AD8 000:409.510 JLINK_CORESIGHT_WriteAPDPReg(AP reg 0x01, 0x80011140)
T5AD8 000:409.683 - 0.173ms returns 0
T5AD8 000:409.695 JLINK_CORESIGHT_ReadAPDPReg(AP reg 0x03)
T5AD8 000:409.927   Value=0x00000000
T5AD8 000:409.936 - 0.241ms returns 0
T5AD8 000:409.946 JLINK_CORESIGHT_WriteAPDPReg(AP reg 0x00, 0x80000002)
T5AD8 000:410.118 - 0.172ms returns 0
T5AD8 000:410.129 JLINK_CORESIGHT_WriteAPDPReg(AP reg 0x01, 0x80011130)
T5AD8 000:410.299 - 0.169ms returns 0
T5AD8 000:410.309 JLINK_CORESIGHT_ReadAPDPReg(AP reg 0x03)
T5AD8 000:410.554   Value=0x03860000
T5AD8 000:410.567 - 0.257ms returns 0
T5AD8 000:411.082 JLINK_CORESIGHT_ReadAPDPReg(DP reg 0x01)
T5AD8 000:411.327   Value=0xF0000F40
T5AD8 000:411.349 - 0.267ms returns 0
T5AD8 000:411.361 JLINK_CORESIGHT_WriteAPDPReg(DP reg 0x01, 0xA0000F40)
T5AD8 000:411.574 - 0.212ms returns 0
T5AD8 000:411.587 JLINK_CORESIGHT_ReadAPDPReg(DP reg 0x01)
T5AD8 000:411.796   Value=0x00000F40
T5AD8 000:411.809 - 0.223ms returns 0
T5AD8 000:411.820 JLINK_ClrRESET()
T5AD8 000:411.996 - 0.175ms 
T5AD8 000:513.923 JLINK_Close()
T5AD8 000:526.639 - 12.714ms
T5AD8 000:526.679   
T5AD8 000:526.685   Closed
