T6B8C 000:001.196   SEGGER J-Link V9.14a Log File
T6B8C 000:001.555   DLL Compiled: Jan 28 2026 17:11:52
T6B8C 000:001.569   Logging started @ 2026-09-03 02:31
T6B8C 000:001.581   Process: C:\Users\28379\.eclipse\com.renesas.platform_1363202710\DebugComp\RA\e2-server-gdb.exe
T6B8C 000:001.604 - 1.595ms 
T6B8C 000:001.632 JLINK_GetDLLVersion()
T6B8C 000:001.645 - 0.015ms returns 91401
T6B8C 000:004.531 JLINK_OpenEx(...)
T6B8C 000:015.447   Firmware: J-Link OB-RA4M2 compiled May  6 2026 16:18:23
T6B8C 000:016.178   Firmware: J-Link OB-RA4M2 compiled May  6 2026 16:18:23
T6B8C 000:028.567   Hardware: V1.00
T6B8C 000:028.639   S/N: 1080359929
T6B8C 000:028.658   OEM: SEGGER
T6B8C 000:028.692   Feature(s): None
T6B8C 000:029.295   Bootloader: 2021 May 14
T6B8C 000:029.972   USB speed mode: Full speed (12 MBit/s)
T6B8C 000:030.439   TELNET listener socket opened on port 19021
T6B8C 000:030.675   WEBSRV WEBSRV_Init(): Starting webserver thread(s)
T6B8C 000:030.788   WEBSRV Failed to put socket into listener state (port 19080)
T6B8C 000:030.959   WEBSRV Webserver running on local port 19081
T6B8C 000:031.093   Looking for J-Link GUI Server exe at: C:\Users\28379\.eclipse\com.renesas.platform_1363202710\DebugComp\RA\ARM\Segger_v9.14.1\JLinkGUIServer.exe
T6B8C 000:031.207   Looking for J-Link GUI Server exe at: D:\Programs\SEGGER\JLink_V966\JLinkGUIServer.exe
T6B8C 000:031.254   Forking J-Link GUI Server: D:\Programs\SEGGER\JLink_V966\JLinkGUIServer.exe
T6B8C 000:038.205   J-Link GUI Server info: "J-Link GUI server V9.66 "
T6B8C 000:038.747 - 34.211ms returns "O.K."
T6B8C 000:038.838 JLINK_TIF_Select(JLINKARM_TIF_SWD)
T6B8C 000:042.603 - 3.763ms returns 0x00
T6B8C 000:042.633 JLINK_ClrRESET()
T6B8C 000:042.831 - 0.197ms 
T6B8C 000:093.025 JLINK_SetSpeed(1500)
T6B8C 000:093.339 - 0.332ms 
T6B8C 000:093.398 JLINK_CORESIGHT_Configure(PerformTIFInit=0)
T6B8C 000:094.001 - 0.613ms returns 0
T6B8C 000:094.068 JLINK_CORESIGHT_ReadAPDPReg(DP reg 0x00)
T6B8C 000:094.403   Value=0x6BA02477
T6B8C 000:094.449 - 0.386ms returns 0
T6B8C 000:094.493 JLINK_CORESIGHT_WriteAPDPReg(DP reg 0x00, 0x0000001F)
T6B8C 000:094.743 - 0.251ms returns 0
T6B8C 000:094.756 JLINK_CORESIGHT_ReadAPDPReg(DP reg 0x00)
T6B8C 000:094.985   Value=0x6BA02477
T6B8C 000:095.002 - 0.247ms returns 0
T6B8C 000:095.018 JLINK_CORESIGHT_WriteAPDPReg(DP reg 0x02, 0x00000000)
T6B8C 000:095.247 - 0.228ms returns 0
T6B8C 000:095.287 JLINK_CORESIGHT_WriteAPDPReg(DP reg 0x01, 0x50000000)
T6B8C 000:095.536 - 0.249ms returns 0
T6B8C 000:095.551 JLINK_CORESIGHT_ReadAPDPReg(DP reg 0x01)
T6B8C 000:095.749   Value=0xF0000040
T6B8C 000:095.757 - 0.206ms returns 0
T6B8C 000:095.767 JLINK_CORESIGHT_WriteAPDPReg(DP reg 0x00, 0x0000001F)
T6B8C 000:095.996 - 0.228ms returns 0
T6B8C 000:096.020 JLINK_CORESIGHT_ReadAPDPReg(DP reg 0x00)
T6B8C 000:096.216   Value=0x6BA02477
T6B8C 000:096.227 - 0.206ms returns 0
T6B8C 000:096.237 JLINK_CORESIGHT_WriteAPDPReg(DP reg 0x01, 0x54000000)
T6B8C 000:096.416 - 0.179ms returns 0
T6B8C 000:096.429 JLINK_CORESIGHT_WriteAPDPReg(DP reg 0x01, 0x50000F00)
T6B8C 000:096.716 - 0.286ms returns 0
T6B8C 000:096.756 JLINK_CORESIGHT_WriteAPDPReg(DP reg 0x02, 0x01000000)
T6B8C 000:096.946 - 0.190ms returns 0
T6B8C 000:096.959 JLINK_CORESIGHT_WriteAPDPReg(AP reg 0x00, 0x80000002)
T6B8C 000:097.154 - 0.195ms returns 0
T6B8C 000:097.173 JLINK_CORESIGHT_WriteAPDPReg(AP reg 0x01, 0x80011100)
T6B8C 000:097.371 - 0.198ms returns 0
T6B8C 000:097.383 JLINK_CORESIGHT_WriteAPDPReg(AP reg 0x03, 0x000000A5)
T6B8C 000:097.696 - 0.311ms returns 0
T6B8C 000:097.751 JLINK_CORESIGHT_WriteAPDPReg(AP reg 0x00, 0x80000002)
T6B8C 000:098.006 - 0.254ms returns 0
T6B8C 000:098.041 JLINK_CORESIGHT_WriteAPDPReg(AP reg 0x01, 0x80011100)
T6B8C 000:098.239 - 0.197ms returns 0
T6B8C 000:098.258 JLINK_CORESIGHT_ReadAPDPReg(AP reg 0x03)
T6B8C 000:098.566   Value=0x000000A5
T6B8C 000:098.582 - 0.325ms returns 0
T6B8C 000:098.598 JLINK_ClrTMS()
T6B8C 000:098.680 - 0.082ms 
T6B8C 000:103.810 JLINK_SetTCK()
T6B8C 000:104.131 - 0.321ms returns 0
T6B8C 000:120.487 JLINK_SetRESET()
T6B8C 000:120.943 - 0.454ms 
T6B8C 000:322.677 JLINK_CORESIGHT_WriteAPDPReg(AP reg 0x00, 0x80000002)
T6B8C 000:323.273 - 0.596ms returns 0
T6B8C 000:323.330 JLINK_CORESIGHT_WriteAPDPReg(AP reg 0x01, 0x80011100)
T6B8C 000:323.703 - 0.372ms returns 0
T6B8C 000:323.753 JLINK_CORESIGHT_ReadAPDPReg(AP reg 0x03)
T6B8C 000:324.412   Value=0x00000000
T6B8C 000:324.442 - 0.690ms returns 0
T6B8C 000:324.460 JLINK_CORESIGHT_WriteAPDPReg(AP reg 0x00, 0x80000002)
T6B8C 000:324.710 - 0.249ms returns 0
T6B8C 000:324.740 JLINK_CORESIGHT_WriteAPDPReg(AP reg 0x01, 0x80011140)
T6B8C 000:325.041 - 0.301ms returns 0
T6B8C 000:325.073 JLINK_CORESIGHT_ReadAPDPReg(AP reg 0x03)
T6B8C 000:325.850   Value=0x00000002
T6B8C 000:325.877 - 0.804ms returns 0
T6B8C 000:325.891 JLINK_CORESIGHT_WriteAPDPReg(AP reg 0x00, 0x80000002)
T6B8C 000:326.155 - 0.263ms returns 0
T6B8C 000:326.184 JLINK_CORESIGHT_WriteAPDPReg(AP reg 0x01, 0x80011120)
T6B8C 000:326.432 - 0.247ms returns 0
T6B8C 000:326.460 JLINK_CORESIGHT_WriteAPDPReg(AP reg 0x03, 0x00000055)
T6B8C 000:326.678 - 0.217ms returns 0
T6B8C 000:326.692 JLINK_CORESIGHT_WriteAPDPReg(AP reg 0x00, 0x80000002)
T6B8C 000:326.907 - 0.215ms returns 0
T6B8C 000:326.936 JLINK_CORESIGHT_WriteAPDPReg(AP reg 0x01, 0x80011140)
T6B8C 000:327.160 - 0.224ms returns 0
T6B8C 000:327.169 JLINK_CORESIGHT_ReadAPDPReg(AP reg 0x03)
T6B8C 000:327.419   Value=0x00000002
T6B8C 000:327.434 - 0.265ms returns 0
T6B8C 000:327.447 JLINK_CORESIGHT_ReadAPDPReg(AP reg 0x03)
T6B8C 000:327.700   Value=0x00000002
T6B8C 000:327.709 - 0.263ms returns 0
T6B8C 000:327.716 JLINK_CORESIGHT_ReadAPDPReg(AP reg 0x03)
T6B8C 000:327.943   Value=0x00000002
T6B8C 000:327.950 - 0.234ms returns 0
T6B8C 000:327.957 JLINK_CORESIGHT_ReadAPDPReg(AP reg 0x03)
T6B8C 000:328.201   Value=0x00000002
T6B8C 000:328.215 - 0.258ms returns 0
T6B8C 000:328.227 JLINK_CORESIGHT_ReadAPDPReg(AP reg 0x03)
T6B8C 000:328.535   Value=0x00000002
T6B8C 000:328.545 - 0.318ms returns 0
T6B8C 000:328.552 JLINK_CORESIGHT_ReadAPDPReg(AP reg 0x03)
T6B8C 000:328.792   Value=0x00000002
T6B8C 000:328.801 - 0.248ms returns 0
T6B8C 000:328.807 JLINK_CORESIGHT_ReadAPDPReg(AP reg 0x03)
T6B8C 000:329.040   Value=0x00000002
T6B8C 000:329.048 - 0.240ms returns 0
T6B8C 000:329.055 JLINK_CORESIGHT_ReadAPDPReg(AP reg 0x03)
T6B8C 000:329.280   Value=0x00000002
T6B8C 000:329.287 - 0.232ms returns 0
T6B8C 000:329.294 JLINK_CORESIGHT_ReadAPDPReg(AP reg 0x03)
T6B8C 000:329.542   Value=0x00000002
T6B8C 000:329.550 - 0.256ms returns 0
T6B8C 000:329.556 JLINK_CORESIGHT_ReadAPDPReg(AP reg 0x03)
T6B8C 000:329.791   Value=0x00000002
T6B8C 000:329.799 - 0.242ms returns 0
T6B8C 000:329.805 JLINK_CORESIGHT_ReadAPDPReg(AP reg 0x03)
T6B8C 000:330.035   Value=0x00000002
T6B8C 000:330.042 - 0.237ms returns 0
T6B8C 000:330.049 JLINK_CORESIGHT_ReadAPDPReg(AP reg 0x03)
T6B8C 000:330.282   Value=0x00000002
T6B8C 000:330.290 - 0.241ms returns 0
T6B8C 000:330.297 JLINK_CORESIGHT_ReadAPDPReg(AP reg 0x03)
T6B8C 000:330.532   Value=0x00000002
T6B8C 000:330.540 - 0.242ms returns 0
T6B8C 000:330.546 JLINK_CORESIGHT_ReadAPDPReg(AP reg 0x03)
T6B8C 000:330.786   Value=0x00000002
T6B8C 000:330.794 - 0.248ms returns 0
T6B8C 000:330.801 JLINK_CORESIGHT_ReadAPDPReg(AP reg 0x03)
T6B8C 000:331.051   Value=0x00000002
T6B8C 000:331.059 - 0.258ms returns 0
T6B8C 000:331.066 JLINK_CORESIGHT_ReadAPDPReg(AP reg 0x03)
T6B8C 000:331.301   Value=0x00000002
T6B8C 000:331.309 - 0.243ms returns 0
T6B8C 000:331.315 JLINK_CORESIGHT_ReadAPDPReg(AP reg 0x03)
T6B8C 000:331.543   Value=0x00000002
T6B8C 000:331.551 - 0.235ms returns 0
T6B8C 000:331.557 JLINK_CORESIGHT_ReadAPDPReg(AP reg 0x03)
T6B8C 000:331.791   Value=0x00000002
T6B8C 000:331.799 - 0.241ms returns 0
T6B8C 000:331.805 JLINK_CORESIGHT_ReadAPDPReg(AP reg 0x03)
T6B8C 000:332.031   Value=0x00000002
T6B8C 000:332.039 - 0.233ms returns 0
T6B8C 000:332.046 JLINK_CORESIGHT_ReadAPDPReg(AP reg 0x03)
T6B8C 000:332.278   Value=0x00000002
T6B8C 000:332.285 - 0.239ms returns 0
T6B8C 000:332.292 JLINK_CORESIGHT_ReadAPDPReg(AP reg 0x03)
T6B8C 000:332.538   Value=0x00000002
T6B8C 000:332.546 - 0.254ms returns 0
T6B8C 000:332.553 JLINK_CORESIGHT_ReadAPDPReg(AP reg 0x03)
T6B8C 000:332.797   Value=0x00000002
T6B8C 000:332.809 - 0.256ms returns 0
T6B8C 000:332.820 JLINK_CORESIGHT_ReadAPDPReg(AP reg 0x03)
T6B8C 000:333.064   Value=0x00000002
T6B8C 000:333.078 - 0.258ms returns 0
T6B8C 000:333.102 JLINK_CORESIGHT_ReadAPDPReg(AP reg 0x03)
T6B8C 000:333.355   Value=0x00000002
T6B8C 000:333.368 - 0.266ms returns 0
T6B8C 000:333.388 JLINK_CORESIGHT_ReadAPDPReg(AP reg 0x03)
T6B8C 000:333.698   Value=0x00000002
T6B8C 000:333.711 - 0.323ms returns 0
T6B8C 000:333.727 JLINK_CORESIGHT_ReadAPDPReg(AP reg 0x03)
T6B8C 000:333.976   Value=0x00000002
T6B8C 000:333.987 - 0.259ms returns 0
T6B8C 000:334.000 JLINK_CORESIGHT_ReadAPDPReg(AP reg 0x03)
T6B8C 000:334.228   Value=0x00000002
T6B8C 000:334.236 - 0.236ms returns 0
T6B8C 000:334.246 JLINK_CORESIGHT_ReadAPDPReg(AP reg 0x03)
T6B8C 000:334.532   Value=0x00000002
T6B8C 000:334.543 - 0.296ms returns 0
T6B8C 000:334.555 JLINK_CORESIGHT_ReadAPDPReg(AP reg 0x03)
T6B8C 000:334.791   Value=0x00000002
T6B8C 000:334.799 - 0.244ms returns 0
T6B8C 000:334.809 JLINK_CORESIGHT_ReadAPDPReg(AP reg 0x03)
T6B8C 000:335.035   Value=0x00000002
T6B8C 000:335.043 - 0.234ms returns 0
T6B8C 000:335.052 JLINK_CORESIGHT_ReadAPDPReg(AP reg 0x03)
T6B8C 000:335.286   Value=0x00000002
T6B8C 000:335.293 - 0.241ms returns 0
T6B8C 000:335.303 JLINK_CORESIGHT_ReadAPDPReg(AP reg 0x03)
T6B8C 000:335.527   Value=0x00000002
T6B8C 000:335.535 - 0.232ms returns 0
T6B8C 000:335.545 JLINK_CORESIGHT_ReadAPDPReg(AP reg 0x03)
T6B8C 000:335.863   Value=0x00000002
T6B8C 000:335.895 - 0.350ms returns 0
T6B8C 000:335.924 JLINK_CORESIGHT_ReadAPDPReg(AP reg 0x03)
T6B8C 000:336.255   Value=0x00000002
T6B8C 000:336.275 - 0.351ms returns 0
T6B8C 000:336.290 JLINK_CORESIGHT_ReadAPDPReg(AP reg 0x03)
T6B8C 000:336.543   Value=0x00000002
T6B8C 000:336.557 - 0.267ms returns 0
T6B8C 000:336.571 JLINK_CORESIGHT_ReadAPDPReg(AP reg 0x03)
T6B8C 000:336.830   Value=0x00000002
T6B8C 000:336.839 - 0.267ms returns 0
T6B8C 000:336.849 JLINK_CORESIGHT_ReadAPDPReg(AP reg 0x03)
T6B8C 000:337.081   Value=0x00000002
T6B8C 000:337.097 - 0.247ms returns 0
T6B8C 000:337.110 JLINK_CORESIGHT_ReadAPDPReg(AP reg 0x03)
T6B8C 000:337.335   Value=0x00000002
T6B8C 000:337.343 - 0.232ms returns 0
T6B8C 000:337.353 JLINK_CORESIGHT_ReadAPDPReg(AP reg 0x03)
T6B8C 000:337.584   Value=0x00000002
T6B8C 000:337.596 - 0.242ms returns 0
T6B8C 000:337.611 JLINK_CORESIGHT_ReadAPDPReg(AP reg 0x03)
T6B8C 000:337.874   Value=0x00000002
T6B8C 000:337.887 - 0.275ms returns 0
T6B8C 000:337.903 JLINK_CORESIGHT_ReadAPDPReg(AP reg 0x03)
T6B8C 000:338.149   Value=0x00000000
T6B8C 000:338.161 - 0.258ms returns 0
T6B8C 000:338.177 JLINK_CORESIGHT_WriteAPDPReg(AP reg 0x00, 0x80000002)
T6B8C 000:338.415 - 0.238ms returns 0
T6B8C 000:338.435 JLINK_CORESIGHT_WriteAPDPReg(AP reg 0x01, 0x80011130)
T6B8C 000:338.651 - 0.216ms returns 0
T6B8C 000:338.668 JLINK_CORESIGHT_ReadAPDPReg(AP reg 0x03)
T6B8C 000:338.925   Value=0x000000C6
T6B8C 000:338.940 - 0.272ms returns 0
T6B8C 000:339.508 JLINK_CORESIGHT_WriteAPDPReg(AP reg 0x00, 0x80000002)
T6B8C 000:339.740 - 0.232ms returns 0
T6B8C 000:339.753 JLINK_CORESIGHT_WriteAPDPReg(AP reg 0x01, 0x80011140)
T6B8C 000:339.975 - 0.221ms returns 0
T6B8C 000:339.994 JLINK_CORESIGHT_ReadAPDPReg(AP reg 0x03)
T6B8C 000:340.234   Value=0x00000002
T6B8C 000:340.242 - 0.248ms returns 0
T6B8C 000:340.249 JLINK_CORESIGHT_WriteAPDPReg(AP reg 0x00, 0x80000002)
T6B8C 000:340.443 - 0.194ms returns 0
T6B8C 000:340.451 JLINK_CORESIGHT_WriteAPDPReg(AP reg 0x01, 0x80011120)
T6B8C 000:340.646 - 0.194ms returns 0
T6B8C 000:340.659 JLINK_CORESIGHT_WriteAPDPReg(AP reg 0x03, 0x3A010001)
T6B8C 000:340.865 - 0.206ms returns 0
T6B8C 000:340.877 JLINK_CORESIGHT_WriteAPDPReg(AP reg 0x00, 0x80000002)
T6B8C 000:341.068 - 0.191ms returns 0
T6B8C 000:341.079 JLINK_CORESIGHT_WriteAPDPReg(AP reg 0x01, 0x80011140)
T6B8C 000:341.278 - 0.199ms returns 0
T6B8C 000:341.289 JLINK_CORESIGHT_ReadAPDPReg(AP reg 0x03)
T6B8C 000:341.536   Value=0x00000002
T6B8C 000:341.549 - 0.260ms returns 0
T6B8C 000:341.561 JLINK_CORESIGHT_WriteAPDPReg(AP reg 0x00, 0x80000002)
T6B8C 000:341.800 - 0.240ms returns 0
T6B8C 000:341.808 JLINK_CORESIGHT_WriteAPDPReg(AP reg 0x01, 0x80011120)
T6B8C 000:341.999 - 0.190ms returns 0
T6B8C 000:342.006 JLINK_CORESIGHT_WriteAPDPReg(AP reg 0x03, 0x000003C5)
T6B8C 000:342.197 - 0.190ms returns 0
T6B8C 000:342.209 JLINK_CORESIGHT_WriteAPDPReg(AP reg 0x00, 0x80000002)
T6B8C 000:342.417 - 0.207ms returns 0
T6B8C 000:342.425 JLINK_CORESIGHT_WriteAPDPReg(AP reg 0x01, 0x80011140)
T6B8C 000:342.694 - 0.269ms returns 0
T6B8C 000:342.707 JLINK_CORESIGHT_ReadAPDPReg(AP reg 0x03)
T6B8C 000:342.973   Value=0x00000002
T6B8C 000:342.986 - 0.279ms returns 0
T6B8C 000:342.997 JLINK_CORESIGHT_ReadAPDPReg(AP reg 0x03)
T6B8C 000:343.246   Value=0x00000002
T6B8C 000:343.259 - 0.261ms returns 0
T6B8C 000:343.270 JLINK_CORESIGHT_ReadAPDPReg(AP reg 0x03)
T6B8C 000:343.538   Value=0x00000002
T6B8C 000:343.550 - 0.279ms returns 0
T6B8C 000:343.560 JLINK_CORESIGHT_ReadAPDPReg(AP reg 0x03)
T6B8C 000:343.841   Value=0x00000002
T6B8C 000:343.854 - 0.294ms returns 0
T6B8C 000:343.864 JLINK_CORESIGHT_ReadAPDPReg(AP reg 0x03)
T6B8C 000:344.107   Value=0x00000002
T6B8C 000:344.119 - 0.255ms returns 0
T6B8C 000:344.129 JLINK_CORESIGHT_ReadAPDPReg(AP reg 0x03)
T6B8C 000:344.382   Value=0x00000002
T6B8C 000:344.393 - 0.264ms returns 0
T6B8C 000:344.403 JLINK_CORESIGHT_ReadAPDPReg(AP reg 0x03)
T6B8C 000:344.681   Value=0x00000002
T6B8C 000:344.692 - 0.289ms returns 0
T6B8C 000:344.703 JLINK_CORESIGHT_ReadAPDPReg(AP reg 0x03)
T6B8C 000:344.944   Value=0x00000002
T6B8C 000:344.952 - 0.250ms returns 0
T6B8C 000:344.959 JLINK_CORESIGHT_ReadAPDPReg(AP reg 0x03)
T6B8C 000:345.194   Value=0x00000002
T6B8C 000:345.201 - 0.242ms returns 0
T6B8C 000:345.207 JLINK_CORESIGHT_ReadAPDPReg(AP reg 0x03)
T6B8C 000:345.445   Value=0x00000000
T6B8C 000:345.453 - 0.245ms returns 0
T6B8C 000:345.459 JLINK_CORESIGHT_WriteAPDPReg(AP reg 0x00, 0x80000002)
T6B8C 000:345.677 - 0.217ms returns 0
T6B8C 000:345.684 JLINK_CORESIGHT_WriteAPDPReg(AP reg 0x01, 0x80011130)
T6B8C 000:345.873 - 0.188ms returns 0
T6B8C 000:345.885 JLINK_CORESIGHT_ReadAPDPReg(AP reg 0x03)
T6B8C 000:346.542   Value=0x3A2A0081
T6B8C 000:346.562 - 0.676ms returns 0
T6B8C 000:346.575 JLINK_CORESIGHT_WriteAPDPReg(AP reg 0x00, 0x80000002)
T6B8C 000:346.807 - 0.232ms returns 0
T6B8C 000:346.827 JLINK_CORESIGHT_WriteAPDPReg(AP reg 0x01, 0x80011140)
T6B8C 000:347.047 - 0.220ms returns 0
T6B8C 000:347.062 JLINK_CORESIGHT_ReadAPDPReg(AP reg 0x03)
T6B8C 000:347.324   Value=0x00000000
T6B8C 000:347.332 - 0.270ms returns 0
T6B8C 000:347.339 JLINK_CORESIGHT_WriteAPDPReg(AP reg 0x00, 0x80000002)
T6B8C 000:347.552 - 0.213ms returns 0
T6B8C 000:347.559 JLINK_CORESIGHT_WriteAPDPReg(AP reg 0x01, 0x80011130)
T6B8C 000:347.803 - 0.244ms returns 0
T6B8C 000:347.811 JLINK_CORESIGHT_ReadAPDPReg(AP reg 0x03)
T6B8C 000:348.070   Value=0x808D5B00
T6B8C 000:348.078 - 0.267ms returns 0
T6B8C 000:348.085 JLINK_CORESIGHT_WriteAPDPReg(AP reg 0x00, 0x80000002)
T6B8C 000:348.292 - 0.207ms returns 0
T6B8C 000:348.299 JLINK_CORESIGHT_WriteAPDPReg(AP reg 0x01, 0x80011140)
T6B8C 000:348.533 - 0.233ms returns 0
T6B8C 000:348.540 JLINK_CORESIGHT_ReadAPDPReg(AP reg 0x03)
T6B8C 000:348.795   Value=0x00000000
T6B8C 000:348.804 - 0.264ms returns 0
T6B8C 000:348.813 JLINK_CORESIGHT_WriteAPDPReg(AP reg 0x00, 0x80000002)
T6B8C 000:349.019 - 0.206ms returns 0
T6B8C 000:349.027 JLINK_CORESIGHT_WriteAPDPReg(AP reg 0x01, 0x80011130)
T6B8C 000:349.230 - 0.204ms returns 0
T6B8C 000:349.237 JLINK_CORESIGHT_ReadAPDPReg(AP reg 0x03)
T6B8C 000:349.535   Value=0x0406070A
T6B8C 000:349.542 - 0.305ms returns 0
T6B8C 000:349.549 JLINK_CORESIGHT_WriteAPDPReg(AP reg 0x00, 0x80000002)
T6B8C 000:349.733 - 0.184ms returns 0
T6B8C 000:349.740 JLINK_CORESIGHT_WriteAPDPReg(AP reg 0x01, 0x80011140)
T6B8C 000:350.016 - 0.275ms returns 0
T6B8C 000:350.026 JLINK_CORESIGHT_ReadAPDPReg(AP reg 0x03)
T6B8C 000:350.266   Value=0x00000000
T6B8C 000:350.273 - 0.247ms returns 0
T6B8C 000:350.280 JLINK_CORESIGHT_WriteAPDPReg(AP reg 0x00, 0x80000002)
T6B8C 000:350.529 - 0.249ms returns 0
T6B8C 000:350.536 JLINK_CORESIGHT_WriteAPDPReg(AP reg 0x01, 0x80011130)
T6B8C 000:350.730 - 0.193ms returns 0
T6B8C 000:350.736 JLINK_CORESIGHT_ReadAPDPReg(AP reg 0x03)
T6B8C 000:351.065   Value=0x3254540B
T6B8C 000:351.095 - 0.358ms returns 0
T6B8C 000:351.112 JLINK_CORESIGHT_WriteAPDPReg(AP reg 0x00, 0x80000002)
T6B8C 000:351.444 - 0.332ms returns 0
T6B8C 000:351.463 JLINK_CORESIGHT_WriteAPDPReg(AP reg 0x01, 0x80011140)
T6B8C 000:351.715 - 0.251ms returns 0
T6B8C 000:351.745 JLINK_CORESIGHT_ReadAPDPReg(AP reg 0x03)
T6B8C 000:352.077   Value=0x00000000
T6B8C 000:352.092 - 0.348ms returns 0
T6B8C 000:352.104 JLINK_CORESIGHT_WriteAPDPReg(AP reg 0x00, 0x80000002)
T6B8C 000:352.312 - 0.209ms returns 0
T6B8C 000:352.326 JLINK_CORESIGHT_WriteAPDPReg(AP reg 0x01, 0x80011130)
T6B8C 000:352.546 - 0.219ms returns 0
T6B8C 000:352.563 JLINK_CORESIGHT_ReadAPDPReg(AP reg 0x03)
T6B8C 000:352.843   Value=0x54A20A59
T6B8C 000:352.851 - 0.288ms returns 0
T6B8C 000:352.858 JLINK_CORESIGHT_WriteAPDPReg(AP reg 0x00, 0x80000002)
T6B8C 000:353.055 - 0.196ms returns 0
T6B8C 000:353.064 JLINK_CORESIGHT_WriteAPDPReg(AP reg 0x01, 0x80011140)
T6B8C 000:353.253 - 0.188ms returns 0
T6B8C 000:353.267 JLINK_CORESIGHT_ReadAPDPReg(AP reg 0x03)
T6B8C 000:353.547   Value=0x00000000
T6B8C 000:353.560 - 0.293ms returns 0
T6B8C 000:353.572 JLINK_CORESIGHT_WriteAPDPReg(AP reg 0x00, 0x80000002)
T6B8C 000:353.802 - 0.229ms returns 0
T6B8C 000:353.815 JLINK_CORESIGHT_WriteAPDPReg(AP reg 0x01, 0x80011130)
T6B8C 000:354.044 - 0.229ms returns 0
T6B8C 000:354.060 JLINK_CORESIGHT_ReadAPDPReg(AP reg 0x03)
T6B8C 000:354.346   Value=0x34325736
T6B8C 000:354.355 - 0.295ms returns 0
T6B8C 000:354.361 JLINK_CORESIGHT_WriteAPDPReg(AP reg 0x00, 0x80000002)
T6B8C 000:354.555 - 0.193ms returns 0
T6B8C 000:354.562 JLINK_CORESIGHT_WriteAPDPReg(AP reg 0x01, 0x80011140)
T6B8C 000:354.756 - 0.194ms returns 0
T6B8C 000:354.766 JLINK_CORESIGHT_ReadAPDPReg(AP reg 0x03)
T6B8C 000:355.053   Value=0x00000000
T6B8C 000:355.068 - 0.302ms returns 0
T6B8C 000:355.085 JLINK_CORESIGHT_WriteAPDPReg(AP reg 0x00, 0x80000002)
T6B8C 000:355.321 - 0.235ms returns 0
T6B8C 000:355.337 JLINK_CORESIGHT_WriteAPDPReg(AP reg 0x01, 0x80011130)
T6B8C 000:355.557 - 0.220ms returns 0
T6B8C 000:355.570 JLINK_CORESIGHT_ReadAPDPReg(AP reg 0x03)
T6B8C 000:355.846   Value=0x78082D30
T6B8C 000:355.858 - 0.288ms returns 0
T6B8C 000:355.869 JLINK_CORESIGHT_WriteAPDPReg(AP reg 0x00, 0x80000002)
T6B8C 000:356.106 - 0.237ms returns 0
T6B8C 000:356.122 JLINK_CORESIGHT_WriteAPDPReg(AP reg 0x01, 0x80011140)
T6B8C 000:356.343 - 0.220ms returns 0
T6B8C 000:356.363 JLINK_CORESIGHT_ReadAPDPReg(AP reg 0x03)
T6B8C 000:356.707   Value=0x00000000
T6B8C 000:356.732 - 0.368ms returns 0
T6B8C 000:356.751 JLINK_CORESIGHT_WriteAPDPReg(AP reg 0x00, 0x80000002)
T6B8C 000:356.987 - 0.236ms returns 0
T6B8C 000:357.008 JLINK_CORESIGHT_WriteAPDPReg(AP reg 0x01, 0x80011130)
T6B8C 000:357.241 - 0.233ms returns 0
T6B8C 000:357.261 JLINK_CORESIGHT_ReadAPDPReg(AP reg 0x03)
T6B8C 000:357.643   Value=0x4B37529B
T6B8C 000:357.660 - 0.399ms returns 0
T6B8C 000:357.669 JLINK_CORESIGHT_WriteAPDPReg(AP reg 0x00, 0x80000002)
T6B8C 000:358.140 - 0.471ms returns 0
T6B8C 000:358.166 JLINK_CORESIGHT_WriteAPDPReg(AP reg 0x01, 0x80011140)
T6B8C 000:358.403 - 0.237ms returns 0
T6B8C 000:358.418 JLINK_CORESIGHT_ReadAPDPReg(AP reg 0x03)
T6B8C 000:358.696   Value=0x00000000
T6B8C 000:358.710 - 0.292ms returns 0
T6B8C 000:358.722 JLINK_CORESIGHT_WriteAPDPReg(AP reg 0x00, 0x80000002)
T6B8C 000:358.932 - 0.210ms returns 0
T6B8C 000:358.945 JLINK_CORESIGHT_WriteAPDPReg(AP reg 0x01, 0x80011130)
T6B8C 000:359.165 - 0.221ms returns 0
T6B8C 000:359.175 JLINK_CORESIGHT_ReadAPDPReg(AP reg 0x03)
T6B8C 000:359.415   Value=0x31503841
T6B8C 000:359.432 - 0.257ms returns 0
T6B8C 000:359.439 JLINK_CORESIGHT_WriteAPDPReg(AP reg 0x00, 0x80000002)
T6B8C 000:359.644 - 0.206ms returns 0
T6B8C 000:359.653 JLINK_CORESIGHT_WriteAPDPReg(AP reg 0x01, 0x80011140)
T6B8C 000:359.855 - 0.200ms returns 0
T6B8C 000:359.869 JLINK_CORESIGHT_ReadAPDPReg(AP reg 0x03)
T6B8C 000:360.147   Value=0x00000000
T6B8C 000:360.162 - 0.292ms returns 0
T6B8C 000:360.170 JLINK_CORESIGHT_WriteAPDPReg(AP reg 0x00, 0x80000002)
T6B8C 000:360.377 - 0.206ms returns 0
T6B8C 000:360.386 JLINK_CORESIGHT_WriteAPDPReg(AP reg 0x01, 0x80011130)
T6B8C 000:360.590 - 0.203ms returns 0
T6B8C 000:360.605 JLINK_CORESIGHT_ReadAPDPReg(AP reg 0x03)
T6B8C 000:360.882   Value=0x434C464B
T6B8C 000:360.891 - 0.286ms returns 0
T6B8C 000:360.897 JLINK_CORESIGHT_WriteAPDPReg(AP reg 0x00, 0x80000002)
T6B8C 000:361.091 - 0.193ms returns 0
T6B8C 000:361.098 JLINK_CORESIGHT_WriteAPDPReg(AP reg 0x01, 0x80011140)
T6B8C 000:361.298 - 0.200ms returns 0
T6B8C 000:361.306 JLINK_CORESIGHT_ReadAPDPReg(AP reg 0x03)
T6B8C 000:361.548   Value=0x00000000
T6B8C 000:361.562 - 0.255ms returns 0
T6B8C 000:361.574 JLINK_CORESIGHT_WriteAPDPReg(AP reg 0x00, 0x80000002)
T6B8C 000:361.796 - 0.222ms returns 0
T6B8C 000:361.809 JLINK_CORESIGHT_WriteAPDPReg(AP reg 0x01, 0x80011130)
T6B8C 000:362.017 - 0.209ms returns 0
T6B8C 000:362.030 JLINK_CORESIGHT_ReadAPDPReg(AP reg 0x03)
T6B8C 000:362.284   Value=0x20204341
T6B8C 000:362.297 - 0.267ms returns 0
T6B8C 000:362.308 JLINK_CORESIGHT_WriteAPDPReg(AP reg 0x00, 0x80000002)
T6B8C 000:362.532 - 0.224ms returns 0
T6B8C 000:362.545 JLINK_CORESIGHT_WriteAPDPReg(AP reg 0x01, 0x80011140)
T6B8C 000:362.746 - 0.201ms returns 0
T6B8C 000:362.757 JLINK_CORESIGHT_ReadAPDPReg(AP reg 0x03)
T6B8C 000:363.020   Value=0x00000000
T6B8C 000:363.032 - 0.275ms returns 0
T6B8C 000:363.042 JLINK_CORESIGHT_WriteAPDPReg(AP reg 0x00, 0x80000002)
T6B8C 000:363.251 - 0.208ms returns 0
T6B8C 000:363.261 JLINK_CORESIGHT_WriteAPDPReg(AP reg 0x01, 0x80011130)
T6B8C 000:363.535 - 0.273ms returns 0
T6B8C 000:363.546 JLINK_CORESIGHT_ReadAPDPReg(AP reg 0x03)
T6B8C 000:363.814   Value=0x00039E20
T6B8C 000:363.826 - 0.280ms returns 0
T6B8C 000:363.957 JLINK_CORESIGHT_WriteAPDPReg(AP reg 0x00, 0x80000002)
T6B8C 000:364.168 - 0.211ms returns 0
T6B8C 000:364.186 JLINK_CORESIGHT_WriteAPDPReg(AP reg 0x01, 0x80011140)
T6B8C 000:364.435 - 0.249ms returns 0
T6B8C 000:364.462 JLINK_CORESIGHT_ReadAPDPReg(AP reg 0x03)
T6B8C 000:364.726   Value=0x00000002
T6B8C 000:364.757 - 0.294ms returns 0
T6B8C 000:364.788 JLINK_CORESIGHT_WriteAPDPReg(AP reg 0x00, 0x80000002)
T6B8C 000:365.018 - 0.230ms returns 0
T6B8C 000:365.037 JLINK_CORESIGHT_WriteAPDPReg(AP reg 0x01, 0x80011120)
T6B8C 000:365.373 - 0.335ms returns 0
T6B8C 000:365.403 JLINK_CORESIGHT_WriteAPDPReg(AP reg 0x03, 0x39020001)
T6B8C 000:366.191 - 0.788ms returns 0
T6B8C 000:366.215 JLINK_CORESIGHT_WriteAPDPReg(AP reg 0x00, 0x80000002)
T6B8C 000:366.564 - 0.348ms returns 0
T6B8C 000:366.593 JLINK_CORESIGHT_WriteAPDPReg(AP reg 0x01, 0x80011140)
T6B8C 000:366.870 - 0.277ms returns 0
T6B8C 000:366.897 JLINK_CORESIGHT_ReadAPDPReg(AP reg 0x03)
T6B8C 000:367.175   Value=0x00000002
T6B8C 000:367.191 - 0.294ms returns 0
T6B8C 000:367.206 JLINK_CORESIGHT_WriteAPDPReg(AP reg 0x00, 0x80000002)
T6B8C 000:367.414 - 0.208ms returns 0
T6B8C 000:367.428 JLINK_CORESIGHT_WriteAPDPReg(AP reg 0x01, 0x80011120)
T6B8C 000:367.648 - 0.220ms returns 0
T6B8C 000:367.668 JLINK_CORESIGHT_WriteAPDPReg(AP reg 0x03, 0x0003B312)
T6B8C 000:367.872 - 0.204ms returns 0
T6B8C 000:367.890 JLINK_CORESIGHT_WriteAPDPReg(AP reg 0x00, 0x80000002)
T6B8C 000:368.097 - 0.206ms returns 0
T6B8C 000:368.114 JLINK_CORESIGHT_WriteAPDPReg(AP reg 0x01, 0x80011140)
T6B8C 000:368.312 - 0.197ms returns 0
T6B8C 000:368.326 JLINK_CORESIGHT_ReadAPDPReg(AP reg 0x03)
T6B8C 000:368.570   Value=0x00000000
T6B8C 000:368.580 - 0.254ms returns 0
T6B8C 000:368.592 JLINK_CORESIGHT_WriteAPDPReg(AP reg 0x00, 0x80000002)
T6B8C 000:368.840 - 0.248ms returns 0
T6B8C 000:368.861 JLINK_CORESIGHT_WriteAPDPReg(AP reg 0x01, 0x80011130)
T6B8C 000:369.067 - 0.206ms returns 0
T6B8C 000:369.081 JLINK_CORESIGHT_ReadAPDPReg(AP reg 0x03)
T6B8C 000:369.323   Value=0xB90A0081
T6B8C 000:369.332 - 0.251ms returns 0
T6B8C 000:369.344 JLINK_CORESIGHT_WriteAPDPReg(AP reg 0x00, 0x80000002)
T6B8C 000:369.534 - 0.190ms returns 0
T6B8C 000:369.546 JLINK_CORESIGHT_WriteAPDPReg(AP reg 0x01, 0x80011140)
T6B8C 000:369.765 - 0.218ms returns 0
T6B8C 000:369.779 JLINK_CORESIGHT_ReadAPDPReg(AP reg 0x03)
T6B8C 000:370.146   Value=0x00000000
T6B8C 000:370.158 - 0.379ms returns 0
T6B8C 000:370.171 JLINK_CORESIGHT_WriteAPDPReg(AP reg 0x00, 0x80000002)
T6B8C 000:370.366 - 0.195ms returns 0
T6B8C 000:370.379 JLINK_CORESIGHT_WriteAPDPReg(AP reg 0x01, 0x80011130)
T6B8C 000:370.568 - 0.188ms returns 0
T6B8C 000:370.582 JLINK_CORESIGHT_ReadAPDPReg(AP reg 0x03)
T6B8C 000:370.833   Value=0xFFFFFFC0
T6B8C 000:370.842 - 0.260ms returns 0
T6B8C 000:370.854 JLINK_CORESIGHT_WriteAPDPReg(AP reg 0x00, 0x80000002)
T6B8C 000:371.041 - 0.187ms returns 0
T6B8C 000:371.053 JLINK_CORESIGHT_WriteAPDPReg(AP reg 0x01, 0x80011140)
T6B8C 000:371.243 - 0.189ms returns 0
T6B8C 000:371.258 JLINK_CORESIGHT_ReadAPDPReg(AP reg 0x03)
T6B8C 000:371.529   Value=0x00000000
T6B8C 000:371.539 - 0.281ms returns 0
T6B8C 000:371.551 JLINK_CORESIGHT_WriteAPDPReg(AP reg 0x00, 0x80000002)
T6B8C 000:371.734 - 0.183ms returns 0
T6B8C 000:371.749 JLINK_CORESIGHT_WriteAPDPReg(AP reg 0x01, 0x80011130)
T6B8C 000:371.940 - 0.191ms returns 0
T6B8C 000:371.954 JLINK_CORESIGHT_ReadAPDPReg(AP reg 0x03)
T6B8C 000:372.201   Value=0xFFFFFFFF
T6B8C 000:372.212 - 0.257ms returns 0
T6B8C 000:372.224 JLINK_CORESIGHT_WriteAPDPReg(AP reg 0x00, 0x80000002)
T6B8C 000:372.423 - 0.199ms returns 0
T6B8C 000:372.437 JLINK_CORESIGHT_WriteAPDPReg(AP reg 0x01, 0x80011140)
T6B8C 000:372.657 - 0.219ms returns 0
T6B8C 000:372.681 JLINK_CORESIGHT_ReadAPDPReg(AP reg 0x03)
T6B8C 000:372.948   Value=0x00000000
T6B8C 000:372.958 - 0.277ms returns 0
T6B8C 000:372.970 JLINK_CORESIGHT_WriteAPDPReg(AP reg 0x00, 0x80000002)
T6B8C 000:373.187 - 0.216ms returns 0
T6B8C 000:373.199 JLINK_CORESIGHT_WriteAPDPReg(AP reg 0x01, 0x80011130)
T6B8C 000:373.389 - 0.189ms returns 0
T6B8C 000:373.401 JLINK_CORESIGHT_ReadAPDPReg(AP reg 0x03)
T6B8C 000:373.699   Value=0x000385FF
T6B8C 000:373.712 - 0.311ms returns 0
T6B8C 000:374.515 JLINK_CORESIGHT_WriteAPDPReg(AP reg 0x00, 0x80000002)
T6B8C 000:374.837 - 0.323ms returns 0
T6B8C 000:374.853 JLINK_CORESIGHT_WriteAPDPReg(AP reg 0x01, 0x80011140)
T6B8C 000:375.044 - 0.191ms returns 0
T6B8C 000:375.054 JLINK_CORESIGHT_ReadAPDPReg(AP reg 0x03)
T6B8C 000:375.289   Value=0x00000002
T6B8C 000:375.300 - 0.245ms returns 0
T6B8C 000:375.307 JLINK_CORESIGHT_WriteAPDPReg(AP reg 0x00, 0x80000002)
T6B8C 000:375.530 - 0.222ms returns 0
T6B8C 000:375.538 JLINK_CORESIGHT_WriteAPDPReg(AP reg 0x01, 0x80011120)
T6B8C 000:375.719 - 0.181ms returns 0
T6B8C 000:375.728 JLINK_CORESIGHT_WriteAPDPReg(AP reg 0x03, 0x2C010001)
T6B8C 000:375.912 - 0.183ms returns 0
T6B8C 000:375.926 JLINK_CORESIGHT_WriteAPDPReg(AP reg 0x00, 0x80000002)
T6B8C 000:376.173 - 0.246ms returns 0
T6B8C 000:376.191 JLINK_CORESIGHT_WriteAPDPReg(AP reg 0x01, 0x80011140)
T6B8C 000:376.415 - 0.224ms returns 0
T6B8C 000:376.429 JLINK_CORESIGHT_ReadAPDPReg(AP reg 0x03)
T6B8C 000:376.711   Value=0x00000002
T6B8C 000:376.728 - 0.299ms returns 0
T6B8C 000:376.741 JLINK_CORESIGHT_WriteAPDPReg(AP reg 0x00, 0x80000002)
T6B8C 000:376.955 - 0.213ms returns 0
T6B8C 000:376.969 JLINK_CORESIGHT_WriteAPDPReg(AP reg 0x01, 0x80011120)
T6B8C 000:377.189 - 0.220ms returns 0
T6B8C 000:377.197 JLINK_CORESIGHT_WriteAPDPReg(AP reg 0x03, 0x000003D3)
T6B8C 000:377.391 - 0.193ms returns 0
T6B8C 000:377.399 JLINK_CORESIGHT_WriteAPDPReg(AP reg 0x00, 0x80000002)
T6B8C 000:377.637 - 0.238ms returns 0
T6B8C 000:377.645 JLINK_CORESIGHT_WriteAPDPReg(AP reg 0x01, 0x80011140)
T6B8C 000:377.836 - 0.190ms returns 0
T6B8C 000:377.845 JLINK_CORESIGHT_ReadAPDPReg(AP reg 0x03)
T6B8C 000:378.093   Value=0x00000000
T6B8C 000:378.104 - 0.259ms returns 0
T6B8C 000:378.111 JLINK_CORESIGHT_WriteAPDPReg(AP reg 0x00, 0x80000002)
T6B8C 000:378.297 - 0.185ms returns 0
T6B8C 000:378.306 JLINK_CORESIGHT_WriteAPDPReg(AP reg 0x01, 0x80011130)
T6B8C 000:378.538 - 0.232ms returns 0
T6B8C 000:378.546 JLINK_CORESIGHT_ReadAPDPReg(AP reg 0x03)
T6B8C 000:378.793   Value=0x2C020081
T6B8C 000:378.802 - 0.255ms returns 0
T6B8C 000:378.809 JLINK_CORESIGHT_WriteAPDPReg(AP reg 0x00, 0x80000002)
T6B8C 000:378.998 - 0.189ms returns 0
T6B8C 000:379.006 JLINK_CORESIGHT_WriteAPDPReg(AP reg 0x01, 0x80011140)
T6B8C 000:379.185 - 0.178ms returns 0
T6B8C 000:379.194 JLINK_CORESIGHT_ReadAPDPReg(AP reg 0x03)
T6B8C 000:379.441   Value=0x00000000
T6B8C 000:379.450 - 0.255ms returns 0
T6B8C 000:379.457 JLINK_CORESIGHT_WriteAPDPReg(AP reg 0x00, 0x80000002)
T6B8C 000:379.713 - 0.256ms returns 0
T6B8C 000:379.722 JLINK_CORESIGHT_WriteAPDPReg(AP reg 0x01, 0x80011130)
T6B8C 000:379.910 - 0.188ms returns 0
T6B8C 000:379.919 JLINK_CORESIGHT_ReadAPDPReg(AP reg 0x03)
T6B8C 000:380.164   Value=0x0003CE04
T6B8C 000:380.173 - 0.253ms returns 0
T6B8C 000:380.185 JLINK_CORESIGHT_WriteAPDPReg(AP reg 0x00, 0x80000002)
T6B8C 000:380.363 - 0.178ms returns 0
T6B8C 000:380.371 JLINK_CORESIGHT_WriteAPDPReg(AP reg 0x01, 0x80011140)
T6B8C 000:380.664 - 0.291ms returns 0
T6B8C 000:380.697 JLINK_CORESIGHT_ReadAPDPReg(AP reg 0x03)
T6B8C 000:380.979   Value=0x00000002
T6B8C 000:381.001 - 0.304ms returns 0
T6B8C 000:381.018 JLINK_CORESIGHT_WriteAPDPReg(AP reg 0x00, 0x80000002)
T6B8C 000:381.239 - 0.221ms returns 0
T6B8C 000:381.259 JLINK_CORESIGHT_WriteAPDPReg(AP reg 0x01, 0x80011120)
T6B8C 000:381.534 - 0.274ms returns 0
T6B8C 000:381.549 JLINK_CORESIGHT_WriteAPDPReg(AP reg 0x03, 0x73010001)
T6B8C 000:381.747 - 0.198ms returns 0
T6B8C 000:381.758 JLINK_CORESIGHT_WriteAPDPReg(AP reg 0x00, 0x80000002)
T6B8C 000:381.935 - 0.176ms returns 0
T6B8C 000:381.944 JLINK_CORESIGHT_WriteAPDPReg(AP reg 0x01, 0x80011140)
T6B8C 000:382.186 - 0.241ms returns 0
T6B8C 000:382.197 JLINK_CORESIGHT_ReadAPDPReg(AP reg 0x03)
T6B8C 000:382.439   Value=0x00000002
T6B8C 000:382.448 - 0.251ms returns 0
T6B8C 000:382.456 JLINK_CORESIGHT_WriteAPDPReg(AP reg 0x00, 0x80000002)
T6B8C 000:382.682 - 0.226ms returns 0
T6B8C 000:382.691 JLINK_CORESIGHT_WriteAPDPReg(AP reg 0x01, 0x80011120)
T6B8C 000:382.895 - 0.204ms returns 0
T6B8C 000:382.904 JLINK_CORESIGHT_WriteAPDPReg(AP reg 0x03, 0x0000038C)
T6B8C 000:383.099 - 0.195ms returns 0
T6B8C 000:383.108 JLINK_CORESIGHT_WriteAPDPReg(AP reg 0x00, 0x80000002)
T6B8C 000:383.298 - 0.189ms returns 0
T6B8C 000:383.306 JLINK_CORESIGHT_WriteAPDPReg(AP reg 0x01, 0x80011140)
T6B8C 000:383.532 - 0.225ms returns 0
T6B8C 000:383.541 JLINK_CORESIGHT_ReadAPDPReg(AP reg 0x03)
T6B8C 000:383.786   Value=0x00000002
T6B8C 000:383.795 - 0.254ms returns 0
T6B8C 000:383.802 JLINK_CORESIGHT_ReadAPDPReg(AP reg 0x03)
T6B8C 000:384.036   Value=0x00000002
T6B8C 000:384.044 - 0.242ms returns 0
T6B8C 000:384.051 JLINK_CORESIGHT_ReadAPDPReg(AP reg 0x03)
T6B8C 000:384.286   Value=0x00000002
T6B8C 000:384.294 - 0.243ms returns 0
T6B8C 000:384.301 JLINK_CORESIGHT_ReadAPDPReg(AP reg 0x03)
T6B8C 000:384.527   Value=0x00000000
T6B8C 000:384.536 - 0.235ms returns 0
T6B8C 000:384.543 JLINK_CORESIGHT_WriteAPDPReg(AP reg 0x00, 0x80000002)
T6B8C 000:384.745 - 0.202ms returns 0
T6B8C 000:384.758 JLINK_CORESIGHT_WriteAPDPReg(AP reg 0x01, 0x80011130)
T6B8C 000:385.318 - 0.559ms returns 0
T6B8C 000:385.337 JLINK_CORESIGHT_ReadAPDPReg(AP reg 0x03)
T6B8C 000:385.622   Value=0x73020081
T6B8C 000:385.642 - 0.305ms returns 0
T6B8C 000:385.652 JLINK_CORESIGHT_WriteAPDPReg(AP reg 0x00, 0x80000002)
T6B8C 000:385.911 - 0.259ms returns 0
T6B8C 000:385.927 JLINK_CORESIGHT_WriteAPDPReg(AP reg 0x01, 0x80011140)
T6B8C 000:386.151 - 0.223ms returns 0
T6B8C 000:386.166 JLINK_CORESIGHT_ReadAPDPReg(AP reg 0x03)
T6B8C 000:386.429   Value=0x00000000
T6B8C 000:386.442 - 0.275ms returns 0
T6B8C 000:386.450 JLINK_CORESIGHT_WriteAPDPReg(AP reg 0x00, 0x80000002)
T6B8C 000:386.758 - 0.307ms returns 0
T6B8C 000:386.773 JLINK_CORESIGHT_WriteAPDPReg(AP reg 0x01, 0x80011130)
T6B8C 000:387.142 - 0.368ms returns 0
T6B8C 000:387.161 JLINK_CORESIGHT_ReadAPDPReg(AP reg 0x03)
T6B8C 000:387.465   Value=0x00038902
T6B8C 000:387.481 - 0.319ms returns 0
T6B8C 000:387.490 JLINK_CORESIGHT_WriteAPDPReg(AP reg 0x00, 0x80000002)
T6B8C 000:387.704 - 0.214ms returns 0
T6B8C 000:387.715 JLINK_CORESIGHT_WriteAPDPReg(AP reg 0x01, 0x80011140)
T6B8C 000:387.894 - 0.179ms returns 0
T6B8C 000:387.903 JLINK_CORESIGHT_ReadAPDPReg(AP reg 0x03)
T6B8C 000:388.142   Value=0x00000002
T6B8C 000:388.152 - 0.248ms returns 0
T6B8C 000:388.159 JLINK_CORESIGHT_WriteAPDPReg(AP reg 0x00, 0x80000002)
T6B8C 000:388.342 - 0.183ms returns 0
T6B8C 000:388.353 JLINK_CORESIGHT_WriteAPDPReg(AP reg 0x01, 0x80011120)
T6B8C 000:388.543 - 0.190ms returns 0
T6B8C 000:388.551 JLINK_CORESIGHT_WriteAPDPReg(AP reg 0x03, 0x75010001)
T6B8C 000:388.727 - 0.175ms returns 0
T6B8C 000:388.735 JLINK_CORESIGHT_WriteAPDPReg(AP reg 0x00, 0x80000002)
T6B8C 000:388.927 - 0.191ms returns 0
T6B8C 000:388.943 JLINK_CORESIGHT_WriteAPDPReg(AP reg 0x01, 0x80011140)
T6B8C 000:389.145 - 0.201ms returns 0
T6B8C 000:389.153 JLINK_CORESIGHT_ReadAPDPReg(AP reg 0x03)
T6B8C 000:389.394   Value=0x00000002
T6B8C 000:389.402 - 0.249ms returns 0
T6B8C 000:389.409 JLINK_CORESIGHT_WriteAPDPReg(AP reg 0x00, 0x80000002)
T6B8C 000:389.671 - 0.262ms returns 0
T6B8C 000:389.679 JLINK_CORESIGHT_WriteAPDPReg(AP reg 0x01, 0x80011120)
T6B8C 000:389.867 - 0.187ms returns 0
T6B8C 000:389.875 JLINK_CORESIGHT_WriteAPDPReg(AP reg 0x03, 0x0000038A)
T6B8C 000:390.066 - 0.190ms returns 0
T6B8C 000:390.076 JLINK_CORESIGHT_WriteAPDPReg(AP reg 0x00, 0x80000002)
T6B8C 000:390.336 - 0.259ms returns 0
T6B8C 000:390.348 JLINK_CORESIGHT_WriteAPDPReg(AP reg 0x01, 0x80011140)
T6B8C 000:390.634 - 0.285ms returns 0
T6B8C 000:390.646 JLINK_CORESIGHT_ReadAPDPReg(AP reg 0x03)
T6B8C 000:391.250   Value=0x00000002
T6B8C 000:391.264 - 0.618ms returns 0
T6B8C 000:391.273 JLINK_CORESIGHT_ReadAPDPReg(AP reg 0x03)
T6B8C 000:391.553   Value=0x00000002
T6B8C 000:391.570 - 0.296ms returns 0
T6B8C 000:391.581 JLINK_CORESIGHT_ReadAPDPReg(AP reg 0x03)
T6B8C 000:391.830   Value=0x00000002
T6B8C 000:391.846 - 0.265ms returns 0
T6B8C 000:391.857 JLINK_CORESIGHT_ReadAPDPReg(AP reg 0x03)
T6B8C 000:392.152   Value=0x00000000
T6B8C 000:392.169 - 0.311ms returns 0
T6B8C 000:392.177 JLINK_CORESIGHT_WriteAPDPReg(AP reg 0x00, 0x80000002)
T6B8C 000:392.416 - 0.238ms returns 0
T6B8C 000:392.434 JLINK_CORESIGHT_WriteAPDPReg(AP reg 0x01, 0x80011130)
T6B8C 000:392.672 - 0.238ms returns 0
T6B8C 000:392.680 JLINK_CORESIGHT_ReadAPDPReg(AP reg 0x03)
T6B8C 000:392.949   Value=0x75020081
T6B8C 000:392.957 - 0.276ms returns 0
T6B8C 000:392.963 JLINK_CORESIGHT_WriteAPDPReg(AP reg 0x00, 0x80000002)
T6B8C 000:393.167 - 0.204ms returns 0
T6B8C 000:393.174 JLINK_CORESIGHT_WriteAPDPReg(AP reg 0x01, 0x80011140)
T6B8C 000:393.381 - 0.206ms returns 0
T6B8C 000:393.388 JLINK_CORESIGHT_ReadAPDPReg(AP reg 0x03)
T6B8C 000:393.698   Value=0x00000000
T6B8C 000:393.706 - 0.318ms returns 0
T6B8C 000:393.713 JLINK_CORESIGHT_WriteAPDPReg(AP reg 0x00, 0x80000002)
T6B8C 000:393.920 - 0.207ms returns 0
T6B8C 000:393.927 JLINK_CORESIGHT_WriteAPDPReg(AP reg 0x01, 0x80011130)
T6B8C 000:394.145 - 0.217ms returns 0
T6B8C 000:394.152 JLINK_CORESIGHT_ReadAPDPReg(AP reg 0x03)
T6B8C 000:394.409   Value=0x00038702
T6B8C 000:394.435 - 0.283ms returns 0
T6B8C 000:394.466 JLINK_CORESIGHT_WriteAPDPReg(AP reg 0x00, 0x80000002)
T6B8C 000:394.710 - 0.244ms returns 0
T6B8C 000:394.731 JLINK_CORESIGHT_WriteAPDPReg(AP reg 0x01, 0x80011140)
T6B8C 000:394.962 - 0.231ms returns 0
T6B8C 000:394.984 JLINK_CORESIGHT_ReadAPDPReg(AP reg 0x03)
T6B8C 000:395.269   Value=0x00000002
T6B8C 000:395.283 - 0.299ms returns 0
T6B8C 000:395.293 JLINK_CORESIGHT_WriteAPDPReg(AP reg 0x00, 0x80000002)
T6B8C 000:395.552 - 0.258ms returns 0
T6B8C 000:395.571 JLINK_CORESIGHT_WriteAPDPReg(AP reg 0x01, 0x80011120)
T6B8C 000:395.881 - 0.309ms returns 0
T6B8C 000:395.899 JLINK_CORESIGHT_WriteAPDPReg(AP reg 0x03, 0x4F010001)
T6B8C 000:396.175 - 0.275ms returns 0
T6B8C 000:396.194 JLINK_CORESIGHT_WriteAPDPReg(AP reg 0x00, 0x80000002)
T6B8C 000:396.412 - 0.218ms returns 0
T6B8C 000:396.431 JLINK_CORESIGHT_WriteAPDPReg(AP reg 0x01, 0x80011140)
T6B8C 000:396.749 - 0.318ms returns 0
T6B8C 000:396.766 JLINK_CORESIGHT_ReadAPDPReg(AP reg 0x03)
T6B8C 000:397.027   Value=0x00000002
T6B8C 000:397.035 - 0.269ms returns 0
T6B8C 000:397.042 JLINK_CORESIGHT_WriteAPDPReg(AP reg 0x00, 0x80000002)
T6B8C 000:397.278 - 0.236ms returns 0
T6B8C 000:397.286 JLINK_CORESIGHT_WriteAPDPReg(AP reg 0x01, 0x80011120)
T6B8C 000:397.538 - 0.251ms returns 0
T6B8C 000:397.545 JLINK_CORESIGHT_WriteAPDPReg(AP reg 0x03, 0x000003B0)
T6B8C 000:397.752 - 0.207ms returns 0
T6B8C 000:397.759 JLINK_CORESIGHT_WriteAPDPReg(AP reg 0x00, 0x80000002)
T6B8C 000:397.961 - 0.201ms returns 0
T6B8C 000:397.968 JLINK_CORESIGHT_WriteAPDPReg(AP reg 0x01, 0x80011140)
T6B8C 000:398.194 - 0.226ms returns 0
T6B8C 000:398.201 JLINK_CORESIGHT_ReadAPDPReg(AP reg 0x03)
T6B8C 000:398.453   Value=0x00000002
T6B8C 000:398.461 - 0.259ms returns 0
T6B8C 000:398.467 JLINK_CORESIGHT_ReadAPDPReg(AP reg 0x03)
T6B8C 000:398.702   Value=0x00000002
T6B8C 000:398.709 - 0.242ms returns 0
T6B8C 000:398.716 JLINK_CORESIGHT_ReadAPDPReg(AP reg 0x03)
T6B8C 000:398.945   Value=0x00000002
T6B8C 000:398.952 - 0.236ms returns 0
T6B8C 000:398.958 JLINK_CORESIGHT_ReadAPDPReg(AP reg 0x03)
T6B8C 000:399.191   Value=0x00000002
T6B8C 000:399.199 - 0.241ms returns 0
T6B8C 000:399.205 JLINK_CORESIGHT_ReadAPDPReg(AP reg 0x03)
T6B8C 000:399.432   Value=0x00000002
T6B8C 000:399.439 - 0.234ms returns 0
T6B8C 000:399.446 JLINK_CORESIGHT_ReadAPDPReg(AP reg 0x03)
T6B8C 000:399.695   Value=0x00000002
T6B8C 000:399.702 - 0.256ms returns 0
T6B8C 000:399.709 JLINK_CORESIGHT_ReadAPDPReg(AP reg 0x03)
T6B8C 000:399.941   Value=0x00000002
T6B8C 000:399.949 - 0.240ms returns 0
T6B8C 000:399.955 JLINK_CORESIGHT_ReadAPDPReg(AP reg 0x03)
T6B8C 000:400.208   Value=0x00000002
T6B8C 000:400.215 - 0.260ms returns 0
T6B8C 000:400.231 JLINK_CORESIGHT_ReadAPDPReg(AP reg 0x03)
T6B8C 000:400.461   Value=0x00000002
T6B8C 000:400.469 - 0.237ms returns 0
T6B8C 000:400.481 JLINK_CORESIGHT_ReadAPDPReg(AP reg 0x03)
T6B8C 000:400.713   Value=0x00000002
T6B8C 000:400.720 - 0.239ms returns 0
T6B8C 000:400.730 JLINK_CORESIGHT_ReadAPDPReg(AP reg 0x03)
T6B8C 000:400.956   Value=0x00000002
T6B8C 000:400.964 - 0.234ms returns 0
T6B8C 000:400.973 JLINK_CORESIGHT_ReadAPDPReg(AP reg 0x03)
T6B8C 000:401.210   Value=0x00000002
T6B8C 000:401.223 - 0.250ms returns 0
T6B8C 000:401.239 JLINK_CORESIGHT_ReadAPDPReg(AP reg 0x03)
T6B8C 000:401.538   Value=0x00000002
T6B8C 000:401.551 - 0.312ms returns 0
T6B8C 000:401.567 JLINK_CORESIGHT_ReadAPDPReg(AP reg 0x03)
T6B8C 000:401.840   Value=0x00000000
T6B8C 000:401.853 - 0.286ms returns 0
T6B8C 000:401.869 JLINK_CORESIGHT_WriteAPDPReg(AP reg 0x00, 0x80000002)
T6B8C 000:402.075 - 0.206ms returns 0
T6B8C 000:402.092 JLINK_CORESIGHT_WriteAPDPReg(AP reg 0x01, 0x80011130)
T6B8C 000:402.292 - 0.201ms returns 0
T6B8C 000:402.302 JLINK_CORESIGHT_ReadAPDPReg(AP reg 0x03)
T6B8C 000:402.542   Value=0x4F0B0081
T6B8C 000:402.549 - 0.247ms returns 0
T6B8C 000:402.559 JLINK_CORESIGHT_WriteAPDPReg(AP reg 0x00, 0x80000002)
T6B8C 000:402.751 - 0.192ms returns 0
T6B8C 000:402.761 JLINK_CORESIGHT_WriteAPDPReg(AP reg 0x01, 0x80011140)
T6B8C 000:402.955 - 0.193ms returns 0
T6B8C 000:402.965 JLINK_CORESIGHT_ReadAPDPReg(AP reg 0x03)
T6B8C 000:403.203   Value=0x00000000
T6B8C 000:403.210 - 0.245ms returns 0
T6B8C 000:403.219 JLINK_CORESIGHT_WriteAPDPReg(AP reg 0x00, 0x80000002)
T6B8C 000:403.412 - 0.192ms returns 0
T6B8C 000:403.422 JLINK_CORESIGHT_WriteAPDPReg(AP reg 0x01, 0x80011130)
T6B8C 000:403.644 - 0.222ms returns 0
T6B8C 000:403.654 JLINK_CORESIGHT_ReadAPDPReg(AP reg 0x03)
T6B8C 000:403.893   Value=0x60000000
T6B8C 000:403.901 - 0.247ms returns 0
T6B8C 000:403.911 JLINK_CORESIGHT_WriteAPDPReg(AP reg 0x00, 0x80000002)
T6B8C 000:404.111 - 0.199ms returns 0
T6B8C 000:404.121 JLINK_CORESIGHT_WriteAPDPReg(AP reg 0x01, 0x80011140)
T6B8C 000:404.308 - 0.187ms returns 0
T6B8C 000:404.319 JLINK_CORESIGHT_ReadAPDPReg(AP reg 0x03)
T6B8C 000:404.563   Value=0x00000000
T6B8C 000:404.570 - 0.251ms returns 0
T6B8C 000:404.580 JLINK_CORESIGHT_WriteAPDPReg(AP reg 0x00, 0x80000002)
T6B8C 000:404.791 - 0.210ms returns 0
T6B8C 000:404.808 JLINK_CORESIGHT_WriteAPDPReg(AP reg 0x01, 0x80011130)
T6B8C 000:405.020 - 0.212ms returns 0
T6B8C 000:405.037 JLINK_CORESIGHT_ReadAPDPReg(AP reg 0x03)
T6B8C 000:405.296   Value=0x00000000
T6B8C 000:405.308 - 0.272ms returns 0
T6B8C 000:405.326 JLINK_CORESIGHT_WriteAPDPReg(AP reg 0x00, 0x80000002)
T6B8C 000:405.669 - 0.342ms returns 0
T6B8C 000:405.705 JLINK_CORESIGHT_WriteAPDPReg(AP reg 0x01, 0x80011140)
T6B8C 000:405.923 - 0.218ms returns 0
T6B8C 000:405.943 JLINK_CORESIGHT_ReadAPDPReg(AP reg 0x03)
T6B8C 000:406.208   Value=0x00000000
T6B8C 000:406.221 - 0.278ms returns 0
T6B8C 000:406.238 JLINK_CORESIGHT_WriteAPDPReg(AP reg 0x00, 0x80000002)
T6B8C 000:406.465 - 0.227ms returns 0
T6B8C 000:406.489 JLINK_CORESIGHT_WriteAPDPReg(AP reg 0x01, 0x80011130)
T6B8C 000:406.695 - 0.207ms returns 0
T6B8C 000:406.714 JLINK_CORESIGHT_ReadAPDPReg(AP reg 0x03)
T6B8C 000:406.968   Value=0x03460000
T6B8C 000:406.981 - 0.267ms returns 0
T6B8C 000:407.818 JLINK_CORESIGHT_ReadAPDPReg(DP reg 0x01)
T6B8C 000:408.039   Value=0xF0000F40
T6B8C 000:408.056 - 0.238ms returns 0
T6B8C 000:408.063 JLINK_CORESIGHT_WriteAPDPReg(DP reg 0x01, 0xA0000F40)
T6B8C 000:408.269 - 0.205ms returns 0
T6B8C 000:408.277 JLINK_CORESIGHT_ReadAPDPReg(DP reg 0x01)
T6B8C 000:408.567   Value=0x00000F40
T6B8C 000:408.575 - 0.298ms returns 0
T6B8C 000:408.583 JLINK_ClrRESET()
T6B8C 000:408.765 - 0.182ms 
T6B8C 000:513.371 JLINK_Close()
T6B8C 000:521.517 - 8.144ms
T6B8C 000:521.565   
T6B8C 000:521.570   Closed
