T5618 000:009.285   SEGGER J-Link V9.42 Log File
T5618 000:010.390   DLL Compiled: May  6 2026 12:25:27
T5618 000:010.407   Logging started @ 2026-08-07 07:04
T5618 000:010.422   Process: C:\Users\a5142586\.eclipse\com.renesas.platform_1435999035\DebugComp\RA\e2-server-gdb.exe
T5618 000:010.948 - 10.437ms 
T5618 000:011.029 JLINK_GetDLLVersion()
T5618 000:011.064 - 0.036ms returns 94200
T5618 000:026.520 JLINK_OpenEx(...)
T5618 000:050.749   Looking for J-Link GUI Server exe at: C:\Users\a5142586\.eclipse\com.renesas.platform_1435999035\DebugComp\RA\ARM\Segger_v9.42.0\JLinkGUIServer.exe
T5618 000:051.375   Looking for J-Link GUI Server exe at: \JLinkGUIServer.exe
T5618 000:359.089   Failed to connect to J-Link GUI Server.
T5618 000:372.633   Firmware: J-Link OB-RA4M2 compiled Dec 10 2025 15:52:53
T5618 000:374.312   Firmware: J-Link OB-RA4M2 compiled Dec 10 2025 15:52:53
T5618 000:388.460   Hardware: V1.00
T5618 000:388.583   S/N: 1089376766
T5618 000:388.622   OEM: SEGGER
T5618 000:388.675   Feature(s): None
T5618 000:390.761   Bootloader: 2021 May 14
T5618 000:391.403   USB speed mode: Full speed (12 MBit/s)
T5618 000:392.314   TELNET listener socket opened on port 19021
T5618 000:393.287   WEBSRV WEBSRV_Init(): Starting webserver thread(s)
T5618 000:393.762   WEBSRV Webserver running on local port 19080
T5618 000:394.162 - 367.460ms returns "O.K."
T5618 000:394.521 JLINK_TIF_Select(JLINKARM_TIF_SWD)
T5618 000:396.882 - 2.363ms returns 0x00
T5618 000:396.931 JLINK_ClrRESET()
T5618 000:397.183 - 0.252ms 
T5618 000:448.240 JLINK_SetSpeed(1500)
T5618 000:448.635 - 0.407ms 
T5618 000:448.731 JLINK_CORESIGHT_Configure(PerformTIFInit=0)
T5618 000:449.443 - 0.713ms returns 0
T5618 000:450.868 JLINK_CORESIGHT_ReadAPDPReg(DP reg 0x00)
T5618 000:451.451   Value=0x6BA02477
T5618 000:451.492 - 0.627ms returns 0
T5618 000:451.526 JLINK_CORESIGHT_WriteAPDPReg(DP reg 0x00, 0x0000001F)
T5618 000:451.774 - 0.247ms returns 0
T5618 000:451.805 JLINK_CORESIGHT_ReadAPDPReg(DP reg 0x00)
T5618 000:452.111   Value=0x6BA02477
T5618 000:452.188 - 0.382ms returns 0
T5618 000:452.219 JLINK_CORESIGHT_WriteAPDPReg(DP reg 0x02, 0x00000000)
T5618 000:452.545 - 0.326ms returns 0
T5618 000:452.588 JLINK_CORESIGHT_WriteAPDPReg(DP reg 0x01, 0x50000000)
T5618 000:452.862 - 0.274ms returns 0
T5618 000:452.902 JLINK_CORESIGHT_ReadAPDPReg(DP reg 0x01)
T5618 000:453.172   Value=0xF0000040
T5618 000:453.218 - 0.316ms returns 0
T5618 000:453.249 JLINK_CORESIGHT_WriteAPDPReg(DP reg 0x00, 0x0000001F)
T5618 000:453.516 - 0.267ms returns 0
T5618 000:453.548 JLINK_CORESIGHT_ReadAPDPReg(DP reg 0x00)
T5618 000:453.817   Value=0x6BA02477
T5618 000:453.860 - 0.312ms returns 0
T5618 000:453.890 JLINK_CORESIGHT_WriteAPDPReg(DP reg 0x01, 0x54000000)
T5618 000:454.158 - 0.268ms returns 0
T5618 000:454.190 JLINK_CORESIGHT_WriteAPDPReg(DP reg 0x01, 0x50000F00)
T5618 000:454.512 - 0.322ms returns 0
T5618 000:454.545 JLINK_CORESIGHT_WriteAPDPReg(DP reg 0x02, 0x01000000)
T5618 000:454.818 - 0.273ms returns 0
T5618 000:454.850 JLINK_CORESIGHT_WriteAPDPReg(AP reg 0x00, 0x80000002)
T5618 000:455.119 - 0.268ms returns 0
T5618 000:455.151 JLINK_CORESIGHT_WriteAPDPReg(AP reg 0x01, 0x80011100)
T5618 000:455.399 - 0.247ms returns 0
T5618 000:455.432 JLINK_CORESIGHT_WriteAPDPReg(AP reg 0x03, 0x000000A5)
T5618 000:455.699 - 0.267ms returns 0
T5618 000:455.731 JLINK_CORESIGHT_WriteAPDPReg(AP reg 0x00, 0x80000002)
T5618 000:456.006 - 0.274ms returns 0
T5618 000:456.038 JLINK_CORESIGHT_WriteAPDPReg(AP reg 0x01, 0x80011100)
T5618 000:456.317 - 0.279ms returns 0
T5618 000:456.350 JLINK_CORESIGHT_ReadAPDPReg(AP reg 0x03)
T5618 000:456.660   Value=0x000000A5
T5618 000:456.710 - 0.360ms returns 0
T5618 000:456.740 JLINK_ClrTMS()
T5618 000:456.879 - 0.138ms 
T5618 000:462.253 JLINK_SetTCK()
T5618 000:462.492 - 0.238ms returns 0
T5618 000:468.305 JLINK_SetRESET()
T5618 000:468.541 - 0.236ms 
T5618 000:669.288 JLINK_CORESIGHT_WriteAPDPReg(AP reg 0x00, 0x80000002)
T5618 000:669.776 - 0.488ms returns 0
T5618 000:669.868 JLINK_CORESIGHT_WriteAPDPReg(AP reg 0x01, 0x80011100)
T5618 000:670.289 - 0.421ms returns 0
T5618 000:670.322 JLINK_CORESIGHT_ReadAPDPReg(AP reg 0x03)
T5618 000:670.698   Value=0x00000000
T5618 000:670.722 - 0.400ms returns 0
T5618 000:670.739 JLINK_CORESIGHT_WriteAPDPReg(AP reg 0x00, 0x80000002)
T5618 000:671.040 - 0.300ms returns 0
T5618 000:671.071 JLINK_CORESIGHT_WriteAPDPReg(AP reg 0x01, 0x80011140)
T5618 000:671.390 - 0.319ms returns 0
T5618 000:671.408 JLINK_CORESIGHT_ReadAPDPReg(AP reg 0x03)
T5618 000:671.688   Value=0x00000002
T5618 000:671.710 - 0.301ms returns 0
T5618 000:671.725 JLINK_CORESIGHT_WriteAPDPReg(AP reg 0x00, 0x80000002)
T5618 000:671.973 - 0.248ms returns 0
T5618 000:671.990 JLINK_CORESIGHT_WriteAPDPReg(AP reg 0x01, 0x80011120)
T5618 000:672.224 - 0.234ms returns 0
T5618 000:672.241 JLINK_CORESIGHT_WriteAPDPReg(AP reg 0x03, 0x00000055)
T5618 000:672.518 - 0.277ms returns 0
T5618 000:672.559 JLINK_CORESIGHT_WriteAPDPReg(AP reg 0x00, 0x80000002)
T5618 000:672.803 - 0.248ms returns 0
T5618 000:672.820 JLINK_CORESIGHT_WriteAPDPReg(AP reg 0x01, 0x80011140)
T5618 000:673.057 - 0.238ms returns 0
T5618 000:673.081 JLINK_CORESIGHT_ReadAPDPReg(AP reg 0x03)
T5618 000:673.391   Value=0x00000002
T5618 000:673.412 - 0.332ms returns 0
T5618 000:673.427 JLINK_CORESIGHT_ReadAPDPReg(AP reg 0x03)
T5618 000:673.713   Value=0x00000002
T5618 000:673.799 - 0.372ms returns 0
T5618 000:673.837 JLINK_CORESIGHT_ReadAPDPReg(AP reg 0x03)
T5618 000:674.144   Value=0x00000002
T5618 000:674.173 - 0.337ms returns 0
T5618 000:674.189 JLINK_CORESIGHT_ReadAPDPReg(AP reg 0x03)
T5618 000:674.475   Value=0x00000002
T5618 000:674.498 - 0.309ms returns 0
T5618 000:674.514 JLINK_CORESIGHT_ReadAPDPReg(AP reg 0x03)
T5618 000:674.792   Value=0x00000002
T5618 000:674.814 - 0.301ms returns 0
T5618 000:674.829 JLINK_CORESIGHT_ReadAPDPReg(AP reg 0x03)
T5618 000:675.097   Value=0x00000002
T5618 000:675.124 - 0.294ms returns 0
T5618 000:675.140 JLINK_CORESIGHT_ReadAPDPReg(AP reg 0x03)
T5618 000:675.464   Value=0x00000002
T5618 000:675.499 - 0.359ms returns 0
T5618 000:675.515 JLINK_CORESIGHT_ReadAPDPReg(AP reg 0x03)
T5618 000:675.828   Value=0x00000002
T5618 000:675.850 - 0.335ms returns 0
T5618 000:675.865 JLINK_CORESIGHT_ReadAPDPReg(AP reg 0x03)
T5618 000:676.160   Value=0x00000002
T5618 000:676.183 - 0.317ms returns 0
T5618 000:676.198 JLINK_CORESIGHT_ReadAPDPReg(AP reg 0x03)
T5618 000:676.488   Value=0x00000002
T5618 000:676.520 - 0.321ms returns 0
T5618 000:676.536 JLINK_CORESIGHT_ReadAPDPReg(AP reg 0x03)
T5618 000:676.855   Value=0x00000002
T5618 000:676.941 - 0.404ms returns 0
T5618 000:676.981 JLINK_CORESIGHT_ReadAPDPReg(AP reg 0x03)
T5618 000:677.307   Value=0x00000002
T5618 000:677.343 - 0.363ms returns 0
T5618 000:677.360 JLINK_CORESIGHT_ReadAPDPReg(AP reg 0x03)
T5618 000:677.703   Value=0x00000002
T5618 000:677.739 - 0.379ms returns 0
T5618 000:677.755 JLINK_CORESIGHT_ReadAPDPReg(AP reg 0x03)
T5618 000:678.035   Value=0x00000002
T5618 000:678.062 - 0.306ms returns 0
T5618 000:678.077 JLINK_CORESIGHT_ReadAPDPReg(AP reg 0x03)
T5618 000:678.391   Value=0x00000002
T5618 000:678.422 - 0.345ms returns 0
T5618 000:678.442 JLINK_CORESIGHT_ReadAPDPReg(AP reg 0x03)
T5618 000:678.724   Value=0x00000002
T5618 000:678.752 - 0.310ms returns 0
T5618 000:678.768 JLINK_CORESIGHT_ReadAPDPReg(AP reg 0x03)
T5618 000:679.056   Value=0x00000002
T5618 000:679.078 - 0.309ms returns 0
T5618 000:679.092 JLINK_CORESIGHT_ReadAPDPReg(AP reg 0x03)
T5618 000:679.394   Value=0x00000002
T5618 000:679.416 - 0.323ms returns 0
T5618 000:679.431 JLINK_CORESIGHT_ReadAPDPReg(AP reg 0x03)
T5618 000:679.725   Value=0x00000002
T5618 000:679.748 - 0.317ms returns 0
T5618 000:679.763 JLINK_CORESIGHT_ReadAPDPReg(AP reg 0x03)
T5618 000:680.047   Value=0x00000002
T5618 000:680.075 - 0.311ms returns 0
T5618 000:680.091 JLINK_CORESIGHT_ReadAPDPReg(AP reg 0x03)
T5618 000:680.412   Value=0x00000002
T5618 000:680.440 - 0.349ms returns 0
T5618 000:680.455 JLINK_CORESIGHT_ReadAPDPReg(AP reg 0x03)
T5618 000:680.753   Value=0x00000002
T5618 000:680.787 - 0.332ms returns 0
T5618 000:680.803 JLINK_CORESIGHT_ReadAPDPReg(AP reg 0x03)
T5618 000:681.100   Value=0x00000002
T5618 000:681.129 - 0.325ms returns 0
T5618 000:681.145 JLINK_CORESIGHT_ReadAPDPReg(AP reg 0x03)
T5618 000:681.431   Value=0x00000002
T5618 000:681.457 - 0.312ms returns 0
T5618 000:681.473 JLINK_CORESIGHT_ReadAPDPReg(AP reg 0x03)
T5618 000:681.744   Value=0x00000002
T5618 000:681.779 - 0.306ms returns 0
T5618 000:681.797 JLINK_CORESIGHT_ReadAPDPReg(AP reg 0x03)
T5618 000:682.057   Value=0x00000002
T5618 000:682.088 - 0.290ms returns 0
T5618 000:682.104 JLINK_CORESIGHT_ReadAPDPReg(AP reg 0x03)
T5618 000:682.395   Value=0x00000002
T5618 000:682.421 - 0.317ms returns 0
T5618 000:682.436 JLINK_CORESIGHT_ReadAPDPReg(AP reg 0x03)
T5618 000:682.729   Value=0x00000002
T5618 000:682.754 - 0.317ms returns 0
T5618 000:682.770 JLINK_CORESIGHT_ReadAPDPReg(AP reg 0x03)
T5618 000:683.049   Value=0x00000002
T5618 000:683.074 - 0.304ms returns 0
T5618 000:683.090 JLINK_CORESIGHT_ReadAPDPReg(AP reg 0x03)
T5618 000:683.394   Value=0x00000002
T5618 000:683.419 - 0.329ms returns 0
T5618 000:683.434 JLINK_CORESIGHT_ReadAPDPReg(AP reg 0x03)
T5618 000:683.728   Value=0x00000002
T5618 000:683.756 - 0.321ms returns 0
T5618 000:683.772 JLINK_CORESIGHT_ReadAPDPReg(AP reg 0x03)
T5618 000:684.105   Value=0x00000000
T5618 000:684.156 - 0.383ms returns 0
T5618 000:684.174 JLINK_CORESIGHT_WriteAPDPReg(AP reg 0x00, 0x80000002)
T5618 000:684.456 - 0.279ms returns 0
T5618 000:684.536 JLINK_CORESIGHT_WriteAPDPReg(AP reg 0x01, 0x80011130)
T5618 000:684.779 - 0.243ms returns 0
T5618 000:684.811 JLINK_CORESIGHT_ReadAPDPReg(AP reg 0x03)
T5618 000:685.098   Value=0x000000C6
T5618 000:685.120 - 0.309ms returns 0
T5618 000:685.141 JLINK_CORESIGHT_WriteAPDPReg(AP reg 0x00, 0x80000002)
T5618 000:685.410 - 0.268ms returns 0
T5618 000:685.426 JLINK_CORESIGHT_WriteAPDPReg(AP reg 0x01, 0x80011140)
T5618 000:685.637 - 0.211ms returns 0
T5618 000:685.654 JLINK_CORESIGHT_ReadAPDPReg(AP reg 0x03)
T5618 000:685.938   Value=0x00000002
T5618 000:685.959 - 0.304ms returns 0
T5618 000:685.973 JLINK_CORESIGHT_WriteAPDPReg(AP reg 0x00, 0x80000002)
T5618 000:686.223 - 0.249ms returns 0
T5618 000:686.239 JLINK_CORESIGHT_WriteAPDPReg(AP reg 0x01, 0x80011120)
T5618 000:686.498 - 0.259ms returns 0
T5618 000:686.515 JLINK_CORESIGHT_WriteAPDPReg(AP reg 0x03, 0x3A010001)
T5618 000:686.751 - 0.236ms returns 0
T5618 000:686.774 JLINK_CORESIGHT_WriteAPDPReg(AP reg 0x00, 0x80000002)
T5618 000:687.019 - 0.245ms returns 0
T5618 000:687.039 JLINK_CORESIGHT_WriteAPDPReg(AP reg 0x01, 0x80011140)
T5618 000:687.397 - 0.357ms returns 0
T5618 000:687.413 JLINK_CORESIGHT_ReadAPDPReg(AP reg 0x03)
T5618 000:687.728   Value=0x00000002
T5618 000:687.758 - 0.344ms returns 0
T5618 000:687.774 JLINK_CORESIGHT_WriteAPDPReg(AP reg 0x00, 0x80000002)
T5618 000:688.038 - 0.264ms returns 0
T5618 000:688.064 JLINK_CORESIGHT_WriteAPDPReg(AP reg 0x01, 0x80011120)
T5618 000:688.305 - 0.241ms returns 0
T5618 000:688.324 JLINK_CORESIGHT_WriteAPDPReg(AP reg 0x03, 0x000003C5)
T5618 000:688.555 - 0.232ms returns 0
T5618 000:688.574 JLINK_CORESIGHT_WriteAPDPReg(AP reg 0x00, 0x80000002)
T5618 000:688.807 - 0.233ms returns 0
T5618 000:688.826 JLINK_CORESIGHT_WriteAPDPReg(AP reg 0x01, 0x80011140)
T5618 000:689.055 - 0.229ms returns 0
T5618 000:689.074 JLINK_CORESIGHT_ReadAPDPReg(AP reg 0x03)
T5618 000:689.391   Value=0x00000002
T5618 000:689.413 - 0.338ms returns 0
T5618 000:689.430 JLINK_CORESIGHT_ReadAPDPReg(AP reg 0x03)
T5618 000:689.723   Value=0x00000002
T5618 000:689.744 - 0.314ms returns 0
T5618 000:689.761 JLINK_CORESIGHT_ReadAPDPReg(AP reg 0x03)
T5618 000:690.056   Value=0x00000002
T5618 000:690.081 - 0.320ms returns 0
T5618 000:690.099 JLINK_CORESIGHT_ReadAPDPReg(AP reg 0x03)
T5618 000:690.391   Value=0x00000002
T5618 000:690.417 - 0.318ms returns 0
T5618 000:690.433 JLINK_CORESIGHT_ReadAPDPReg(AP reg 0x03)
T5618 000:690.722   Value=0x00000002
T5618 000:690.744 - 0.310ms returns 0
T5618 000:690.761 JLINK_CORESIGHT_ReadAPDPReg(AP reg 0x03)
T5618 000:691.114   Value=0x00000002
T5618 000:691.150 - 0.389ms returns 0
T5618 000:691.188 JLINK_CORESIGHT_ReadAPDPReg(AP reg 0x03)
T5618 000:691.479   Value=0x00000002
T5618 000:691.515 - 0.327ms returns 0
T5618 000:691.542 JLINK_CORESIGHT_ReadAPDPReg(AP reg 0x03)
T5618 000:691.877   Value=0x00000000
T5618 000:691.937 - 0.395ms returns 0
T5618 000:691.968 JLINK_CORESIGHT_WriteAPDPReg(AP reg 0x00, 0x80000002)
T5618 000:692.255 - 0.285ms returns 0
T5618 000:692.384 JLINK_CORESIGHT_WriteAPDPReg(AP reg 0x01, 0x80011130)
T5618 000:692.659 - 0.275ms returns 0
T5618 000:692.680 JLINK_CORESIGHT_ReadAPDPReg(AP reg 0x03)
T5618 000:692.972   Value=0x3A2A0081
T5618 000:692.995 - 0.315ms returns 0
T5618 000:693.012 JLINK_CORESIGHT_WriteAPDPReg(AP reg 0x00, 0x80000002)
T5618 000:693.246 - 0.234ms returns 0
T5618 000:693.265 JLINK_CORESIGHT_WriteAPDPReg(AP reg 0x01, 0x80011140)
T5618 000:693.532 - 0.267ms returns 0
T5618 000:693.570 JLINK_CORESIGHT_ReadAPDPReg(AP reg 0x03)
T5618 000:693.858   Value=0x00000000
T5618 000:693.881 - 0.311ms returns 0
T5618 000:693.906 JLINK_CORESIGHT_WriteAPDPReg(AP reg 0x00, 0x80000002)
T5618 000:694.165 - 0.257ms returns 0
T5618 000:694.231 JLINK_CORESIGHT_WriteAPDPReg(AP reg 0x01, 0x80011130)
T5618 000:694.513 - 0.282ms returns 0
T5618 000:694.532 JLINK_CORESIGHT_ReadAPDPReg(AP reg 0x03)
T5618 000:694.813   Value=0x808D5B00
T5618 000:694.835 - 0.303ms returns 0
T5618 000:694.852 JLINK_CORESIGHT_WriteAPDPReg(AP reg 0x00, 0x80000002)
T5618 000:695.098 - 0.246ms returns 0
T5618 000:695.120 JLINK_CORESIGHT_WriteAPDPReg(AP reg 0x01, 0x80011140)
T5618 000:695.387 - 0.267ms returns 0
T5618 000:695.407 JLINK_CORESIGHT_ReadAPDPReg(AP reg 0x03)
T5618 000:695.688   Value=0x00000000
T5618 000:695.726 - 0.318ms returns 0
T5618 000:695.744 JLINK_CORESIGHT_WriteAPDPReg(AP reg 0x00, 0x80000002)
T5618 000:695.981 - 0.236ms returns 0
T5618 000:696.001 JLINK_CORESIGHT_WriteAPDPReg(AP reg 0x01, 0x80011130)
T5618 000:696.241 - 0.239ms returns 0
T5618 000:696.259 JLINK_CORESIGHT_ReadAPDPReg(AP reg 0x03)
T5618 000:696.584   Value=0x0806070A
T5618 000:696.606 - 0.346ms returns 0
T5618 000:696.622 JLINK_CORESIGHT_WriteAPDPReg(AP reg 0x00, 0x80000002)
T5618 000:696.915 - 0.292ms returns 0
T5618 000:696.939 JLINK_CORESIGHT_WriteAPDPReg(AP reg 0x01, 0x80011140)
T5618 000:697.202 - 0.263ms returns 0
T5618 000:697.226 JLINK_CORESIGHT_ReadAPDPReg(AP reg 0x03)
T5618 000:697.586   Value=0x00000000
T5618 000:697.616 - 0.390ms returns 0
T5618 000:697.638 JLINK_CORESIGHT_WriteAPDPReg(AP reg 0x00, 0x80000002)
T5618 000:697.894 - 0.256ms returns 0
T5618 000:697.931 JLINK_CORESIGHT_WriteAPDPReg(AP reg 0x01, 0x80011130)
T5618 000:698.185 - 0.254ms returns 0
T5618 000:698.222 JLINK_CORESIGHT_ReadAPDPReg(AP reg 0x03)
T5618 000:698.589   Value=0x33545414
T5618 000:698.618 - 0.396ms returns 0
T5618 000:698.640 JLINK_CORESIGHT_WriteAPDPReg(AP reg 0x00, 0x80000002)
T5618 000:698.893 - 0.253ms returns 0
T5618 000:698.912 JLINK_CORESIGHT_WriteAPDPReg(AP reg 0x01, 0x80011140)
T5618 000:699.149 - 0.237ms returns 0
T5618 000:699.170 JLINK_CORESIGHT_ReadAPDPReg(AP reg 0x03)
T5618 000:699.477   Value=0x00000000
T5618 000:699.508 - 0.338ms returns 0
T5618 000:699.525 JLINK_CORESIGHT_WriteAPDPReg(AP reg 0x00, 0x80000002)
T5618 000:699.773 - 0.247ms returns 0
T5618 000:699.792 JLINK_CORESIGHT_WriteAPDPReg(AP reg 0x01, 0x80011130)
T5618 000:700.012 - 0.220ms returns 0
T5618 000:700.031 JLINK_CORESIGHT_ReadAPDPReg(AP reg 0x03)
T5618 000:700.313   Value=0x54DE5E93
T5618 000:700.339 - 0.308ms returns 0
T5618 000:700.356 JLINK_CORESIGHT_WriteAPDPReg(AP reg 0x00, 0x80000002)
T5618 000:700.616 - 0.260ms returns 0
T5618 000:700.635 JLINK_CORESIGHT_WriteAPDPReg(AP reg 0x01, 0x80011140)
T5618 000:700.871 - 0.235ms returns 0
T5618 000:700.903 JLINK_CORESIGHT_ReadAPDPReg(AP reg 0x03)
T5618 000:701.189   Value=0x00000000
T5618 000:701.213 - 0.310ms returns 0
T5618 000:701.230 JLINK_CORESIGHT_WriteAPDPReg(AP reg 0x00, 0x80000002)
T5618 000:701.498 - 0.268ms returns 0
T5618 000:701.555 JLINK_CORESIGHT_WriteAPDPReg(AP reg 0x01, 0x80011130)
T5618 000:701.805 - 0.249ms returns 0
T5618 000:701.826 JLINK_CORESIGHT_ReadAPDPReg(AP reg 0x03)
T5618 000:702.101   Value=0x30365936
T5618 000:702.127 - 0.301ms returns 0
T5618 000:702.145 JLINK_CORESIGHT_WriteAPDPReg(AP reg 0x00, 0x80000002)
T5618 000:702.380 - 0.235ms returns 0
T5618 000:702.399 JLINK_CORESIGHT_WriteAPDPReg(AP reg 0x01, 0x80011140)
T5618 000:702.641 - 0.242ms returns 0
T5618 000:702.666 JLINK_CORESIGHT_ReadAPDPReg(AP reg 0x03)
T5618 000:702.973   Value=0x00000000
T5618 000:702.999 - 0.333ms returns 0
T5618 000:703.017 JLINK_CORESIGHT_WriteAPDPReg(AP reg 0x00, 0x80000002)
T5618 000:703.255 - 0.238ms returns 0
T5618 000:703.283 JLINK_CORESIGHT_WriteAPDPReg(AP reg 0x01, 0x80011130)
T5618 000:703.497 - 0.214ms returns 0
T5618 000:703.517 JLINK_CORESIGHT_ReadAPDPReg(AP reg 0x03)
T5618 000:703.796   Value=0x65022D35
T5618 000:703.817 - 0.300ms returns 0
T5618 000:703.834 JLINK_CORESIGHT_WriteAPDPReg(AP reg 0x00, 0x80000002)
T5618 000:704.055 - 0.221ms returns 0
T5618 000:704.074 JLINK_CORESIGHT_WriteAPDPReg(AP reg 0x01, 0x80011140)
T5618 000:704.306 - 0.232ms returns 0
T5618 000:704.333 JLINK_CORESIGHT_ReadAPDPReg(AP reg 0x03)
T5618 000:704.636   Value=0x00000000
T5618 000:704.661 - 0.328ms returns 0
T5618 000:704.679 JLINK_CORESIGHT_WriteAPDPReg(AP reg 0x00, 0x80000002)
T5618 000:704.930 - 0.251ms returns 0
T5618 000:704.951 JLINK_CORESIGHT_WriteAPDPReg(AP reg 0x01, 0x80011130)
T5618 000:705.182 - 0.231ms returns 0
T5618 000:705.205 JLINK_CORESIGHT_ReadAPDPReg(AP reg 0x03)
T5618 000:705.558   Value=0x4B375276
T5618 000:705.591 - 0.386ms returns 0
T5618 000:705.613 JLINK_CORESIGHT_WriteAPDPReg(AP reg 0x00, 0x80000002)
T5618 000:705.861 - 0.247ms returns 0
T5618 000:705.884 JLINK_CORESIGHT_WriteAPDPReg(AP reg 0x01, 0x80011140)
T5618 000:706.126 - 0.242ms returns 0
T5618 000:706.150 JLINK_CORESIGHT_ReadAPDPReg(AP reg 0x03)
T5618 000:706.443   Value=0x00000000
T5618 000:706.475 - 0.325ms returns 0
T5618 000:706.534 JLINK_CORESIGHT_WriteAPDPReg(AP reg 0x00, 0x80000002)
T5618 000:706.750 - 0.216ms returns 0
T5618 000:706.777 JLINK_CORESIGHT_WriteAPDPReg(AP reg 0x01, 0x80011130)
T5618 000:707.023 - 0.246ms returns 0
T5618 000:707.064 JLINK_CORESIGHT_ReadAPDPReg(AP reg 0x03)
T5618 000:707.401   Value=0x32543841
T5618 000:707.434 - 0.369ms returns 0
T5618 000:707.453 JLINK_CORESIGHT_WriteAPDPReg(AP reg 0x00, 0x80000002)
T5618 000:707.694 - 0.242ms returns 0
T5618 000:707.715 JLINK_CORESIGHT_WriteAPDPReg(AP reg 0x01, 0x80011140)
T5618 000:707.952 - 0.238ms returns 0
T5618 000:707.971 JLINK_CORESIGHT_ReadAPDPReg(AP reg 0x03)
T5618 000:708.223   Value=0x00000000
T5618 000:708.246 - 0.275ms returns 0
T5618 000:708.264 JLINK_CORESIGHT_WriteAPDPReg(AP reg 0x00, 0x80000002)
T5618 000:708.501 - 0.237ms returns 0
T5618 000:708.519 JLINK_CORESIGHT_WriteAPDPReg(AP reg 0x01, 0x80011130)
T5618 000:708.762 - 0.242ms returns 0
T5618 000:708.783 JLINK_CORESIGHT_ReadAPDPReg(AP reg 0x03)
T5618 000:709.064   Value=0x434C464C
T5618 000:709.090 - 0.306ms returns 0
T5618 000:709.111 JLINK_CORESIGHT_WriteAPDPReg(AP reg 0x00, 0x80000002)
T5618 000:709.398 - 0.287ms returns 0
T5618 000:709.420 JLINK_CORESIGHT_WriteAPDPReg(AP reg 0x01, 0x80011140)
T5618 000:709.683 - 0.263ms returns 0
T5618 000:709.706 JLINK_CORESIGHT_ReadAPDPReg(AP reg 0x03)
T5618 000:710.029   Value=0x00000000
T5618 000:710.056 - 0.349ms returns 0
T5618 000:710.076 JLINK_CORESIGHT_WriteAPDPReg(AP reg 0x00, 0x80000002)
T5618 000:710.434 - 0.357ms returns 0
T5618 000:710.508 JLINK_CORESIGHT_WriteAPDPReg(AP reg 0x01, 0x80011130)
T5618 000:712.291 - 1.784ms returns 0
T5618 000:712.331 JLINK_CORESIGHT_ReadAPDPReg(AP reg 0x03)
T5618 000:712.620   Value=0x20204341
T5618 000:712.656 - 0.324ms returns 0
T5618 000:712.674 JLINK_CORESIGHT_WriteAPDPReg(AP reg 0x00, 0x80000002)
T5618 000:712.887 - 0.213ms returns 0
T5618 000:712.906 JLINK_CORESIGHT_WriteAPDPReg(AP reg 0x01, 0x80011140)
T5618 000:713.144 - 0.237ms returns 0
T5618 000:713.223 JLINK_CORESIGHT_ReadAPDPReg(AP reg 0x03)
T5618 000:713.580   Value=0x00000000
T5618 000:713.610 - 0.386ms returns 0
T5618 000:713.629 JLINK_CORESIGHT_WriteAPDPReg(AP reg 0x00, 0x80000002)
T5618 000:713.890 - 0.260ms returns 0
T5618 000:713.909 JLINK_CORESIGHT_WriteAPDPReg(AP reg 0x01, 0x80011130)
T5618 000:714.144 - 0.235ms returns 0
T5618 000:714.162 JLINK_CORESIGHT_ReadAPDPReg(AP reg 0x03)
T5618 000:714.463   Value=0x0003F720
T5618 000:714.485 - 0.322ms returns 0
T5618 000:715.297 JLINK_CORESIGHT_WriteAPDPReg(AP reg 0x00, 0x80000002)
T5618 000:715.660 - 0.367ms returns 0
T5618 000:715.678 JLINK_CORESIGHT_WriteAPDPReg(AP reg 0x01, 0x80011140)
T5618 000:715.936 - 0.258ms returns 0
T5618 000:715.954 JLINK_CORESIGHT_ReadAPDPReg(AP reg 0x03)
T5618 000:716.224   Value=0x00000002
T5618 000:716.248 - 0.293ms returns 0
T5618 000:716.264 JLINK_CORESIGHT_WriteAPDPReg(AP reg 0x00, 0x80000002)
T5618 000:716.501 - 0.237ms returns 0
T5618 000:716.519 JLINK_CORESIGHT_WriteAPDPReg(AP reg 0x01, 0x80011120)
T5618 000:716.763 - 0.244ms returns 0
T5618 000:716.781 JLINK_CORESIGHT_WriteAPDPReg(AP reg 0x03, 0x39020001)
T5618 000:717.019 - 0.237ms returns 0
T5618 000:717.035 JLINK_CORESIGHT_WriteAPDPReg(AP reg 0x00, 0x80000002)
T5618 000:717.268 - 0.233ms returns 0
T5618 000:717.284 JLINK_CORESIGHT_WriteAPDPReg(AP reg 0x01, 0x80011140)
T5618 000:717.497 - 0.212ms returns 0
T5618 000:717.514 JLINK_CORESIGHT_ReadAPDPReg(AP reg 0x03)
T5618 000:717.792   Value=0x00000002
T5618 000:717.813 - 0.299ms returns 0
T5618 000:717.828 JLINK_CORESIGHT_WriteAPDPReg(AP reg 0x00, 0x80000002)
T5618 000:718.055 - 0.227ms returns 0
T5618 000:718.072 JLINK_CORESIGHT_WriteAPDPReg(AP reg 0x01, 0x80011120)
T5618 000:718.305 - 0.233ms returns 0
T5618 000:718.326 JLINK_CORESIGHT_WriteAPDPReg(AP reg 0x03, 0x0003B312)
T5618 000:718.555 - 0.229ms returns 0
T5618 000:718.572 JLINK_CORESIGHT_WriteAPDPReg(AP reg 0x00, 0x80000002)
T5618 000:718.805 - 0.233ms returns 0
T5618 000:718.822 JLINK_CORESIGHT_WriteAPDPReg(AP reg 0x01, 0x80011140)
T5618 000:719.056 - 0.233ms returns 0
T5618 000:719.072 JLINK_CORESIGHT_ReadAPDPReg(AP reg 0x03)
T5618 000:719.391   Value=0x00000000
T5618 000:719.412 - 0.339ms returns 0
T5618 000:719.427 JLINK_CORESIGHT_WriteAPDPReg(AP reg 0x00, 0x80000002)
T5618 000:719.636 - 0.209ms returns 0
T5618 000:719.653 JLINK_CORESIGHT_WriteAPDPReg(AP reg 0x01, 0x80011130)
T5618 000:719.894 - 0.241ms returns 0
T5618 000:719.910 JLINK_CORESIGHT_ReadAPDPReg(AP reg 0x03)
T5618 000:720.186   Value=0xB90A0081
T5618 000:720.207 - 0.297ms returns 0
T5618 000:720.222 JLINK_CORESIGHT_WriteAPDPReg(AP reg 0x00, 0x80000002)
T5618 000:720.501 - 0.279ms returns 0
T5618 000:720.517 JLINK_CORESIGHT_WriteAPDPReg(AP reg 0x01, 0x80011140)
T5618 000:720.750 - 0.233ms returns 0
T5618 000:720.766 JLINK_CORESIGHT_ReadAPDPReg(AP reg 0x03)
T5618 000:721.044   Value=0x00000000
T5618 000:721.066 - 0.299ms returns 0
T5618 000:721.081 JLINK_CORESIGHT_WriteAPDPReg(AP reg 0x00, 0x80000002)
T5618 000:721.307 - 0.225ms returns 0
T5618 000:721.328 JLINK_CORESIGHT_WriteAPDPReg(AP reg 0x01, 0x80011130)
T5618 000:721.556 - 0.228ms returns 0
T5618 000:721.575 JLINK_CORESIGHT_ReadAPDPReg(AP reg 0x03)
T5618 000:721.849   Value=0xFFFFFFC0
T5618 000:721.873 - 0.298ms returns 0
T5618 000:721.890 JLINK_CORESIGHT_WriteAPDPReg(AP reg 0x00, 0x80000002)
T5618 000:722.144 - 0.254ms returns 0
T5618 000:722.163 JLINK_CORESIGHT_WriteAPDPReg(AP reg 0x01, 0x80011140)
T5618 000:722.390 - 0.226ms returns 0
T5618 000:722.429 JLINK_CORESIGHT_ReadAPDPReg(AP reg 0x03)
T5618 000:722.728   Value=0x00000000
T5618 000:722.769 - 0.340ms returns 0
T5618 000:722.788 JLINK_CORESIGHT_WriteAPDPReg(AP reg 0x00, 0x80000002)
T5618 000:723.036 - 0.248ms returns 0
T5618 000:723.057 JLINK_CORESIGHT_WriteAPDPReg(AP reg 0x01, 0x80011130)
T5618 000:723.311 - 0.253ms returns 0
T5618 000:723.337 JLINK_CORESIGHT_ReadAPDPReg(AP reg 0x03)
T5618 000:723.645   Value=0xFFFFFFFF
T5618 000:723.673 - 0.336ms returns 0
T5618 000:723.693 JLINK_CORESIGHT_WriteAPDPReg(AP reg 0x00, 0x80000002)
T5618 000:723.941 - 0.248ms returns 0
T5618 000:723.963 JLINK_CORESIGHT_WriteAPDPReg(AP reg 0x01, 0x80011140)
T5618 000:724.184 - 0.221ms returns 0
T5618 000:724.206 JLINK_CORESIGHT_ReadAPDPReg(AP reg 0x03)
T5618 000:724.562   Value=0x00000000
T5618 000:724.593 - 0.387ms returns 0
T5618 000:724.612 JLINK_CORESIGHT_WriteAPDPReg(AP reg 0x00, 0x80000002)
T5618 000:724.857 - 0.245ms returns 0
T5618 000:724.878 JLINK_CORESIGHT_WriteAPDPReg(AP reg 0x01, 0x80011130)
T5618 000:725.125 - 0.246ms returns 0
T5618 000:725.146 JLINK_CORESIGHT_ReadAPDPReg(AP reg 0x03)
T5618 000:725.441   Value=0x000385FF
T5618 000:725.469 - 0.323ms returns 0
T5618 000:725.541 JLINK_CORESIGHT_WriteAPDPReg(AP reg 0x00, 0x80000002)
T5618 000:725.790 - 0.248ms returns 0
T5618 000:725.812 JLINK_CORESIGHT_WriteAPDPReg(AP reg 0x01, 0x80011140)
T5618 000:726.060 - 0.249ms returns 0
T5618 000:726.082 JLINK_CORESIGHT_ReadAPDPReg(AP reg 0x03)
T5618 000:726.396   Value=0x00000002
T5618 000:726.424 - 0.341ms returns 0
T5618 000:726.444 JLINK_CORESIGHT_WriteAPDPReg(AP reg 0x00, 0x80000002)
T5618 000:726.695 - 0.250ms returns 0
T5618 000:726.751 JLINK_CORESIGHT_WriteAPDPReg(AP reg 0x01, 0x80011120)
T5618 000:727.045 - 0.293ms returns 0
T5618 000:727.069 JLINK_CORESIGHT_WriteAPDPReg(AP reg 0x03, 0x2C010001)
T5618 000:727.381 - 0.311ms returns 0
T5618 000:727.419 JLINK_CORESIGHT_WriteAPDPReg(AP reg 0x00, 0x80000002)
T5618 000:727.686 - 0.267ms returns 0
T5618 000:727.715 JLINK_CORESIGHT_WriteAPDPReg(AP reg 0x01, 0x80011140)
T5618 000:727.978 - 0.263ms returns 0
T5618 000:728.001 JLINK_CORESIGHT_ReadAPDPReg(AP reg 0x03)
T5618 000:728.294   Value=0x00000002
T5618 000:728.322 - 0.321ms returns 0
T5618 000:728.343 JLINK_CORESIGHT_WriteAPDPReg(AP reg 0x00, 0x80000002)
T5618 000:728.603 - 0.259ms returns 0
T5618 000:728.624 JLINK_CORESIGHT_WriteAPDPReg(AP reg 0x01, 0x80011120)
T5618 000:728.875 - 0.251ms returns 0
T5618 000:728.896 JLINK_CORESIGHT_WriteAPDPReg(AP reg 0x03, 0x000003D3)
T5618 000:729.148 - 0.252ms returns 0
T5618 000:729.169 JLINK_CORESIGHT_WriteAPDPReg(AP reg 0x00, 0x80000002)
T5618 000:729.392 - 0.222ms returns 0
T5618 000:729.414 JLINK_CORESIGHT_WriteAPDPReg(AP reg 0x01, 0x80011140)
T5618 000:729.641 - 0.227ms returns 0
T5618 000:729.663 JLINK_CORESIGHT_ReadAPDPReg(AP reg 0x03)
T5618 000:729.978   Value=0x00000002
T5618 000:730.006 - 0.343ms returns 0
T5618 000:730.026 JLINK_CORESIGHT_ReadAPDPReg(AP reg 0x03)
T5618 000:730.316   Value=0x00000002
T5618 000:730.344 - 0.317ms returns 0
T5618 000:730.364 JLINK_CORESIGHT_ReadAPDPReg(AP reg 0x03)
T5618 000:730.651   Value=0x00000002
T5618 000:730.687 - 0.323ms returns 0
T5618 000:730.708 JLINK_CORESIGHT_ReadAPDPReg(AP reg 0x03)
T5618 000:730.998   Value=0x00000002
T5618 000:731.027 - 0.319ms returns 0
T5618 000:731.047 JLINK_CORESIGHT_ReadAPDPReg(AP reg 0x03)
T5618 000:731.310   Value=0x00000002
T5618 000:731.339 - 0.292ms returns 0
T5618 000:731.358 JLINK_CORESIGHT_ReadAPDPReg(AP reg 0x03)
T5618 000:731.648   Value=0x00000002
T5618 000:731.677 - 0.318ms returns 0
T5618 000:731.697 JLINK_CORESIGHT_ReadAPDPReg(AP reg 0x03)
T5618 000:731.985   Value=0x00000002
T5618 000:732.013 - 0.317ms returns 0
T5618 000:732.033 JLINK_CORESIGHT_ReadAPDPReg(AP reg 0x03)
T5618 000:732.332   Value=0x00000002
T5618 000:732.361 - 0.327ms returns 0
T5618 000:732.380 JLINK_CORESIGHT_ReadAPDPReg(AP reg 0x03)
T5618 000:732.669   Value=0x00000002
T5618 000:732.703 - 0.323ms returns 0
T5618 000:732.723 JLINK_CORESIGHT_ReadAPDPReg(AP reg 0x03)
T5618 000:733.020   Value=0x00000000
T5618 000:733.049 - 0.325ms returns 0
T5618 000:733.069 JLINK_CORESIGHT_WriteAPDPReg(AP reg 0x00, 0x80000002)
T5618 000:733.314 - 0.245ms returns 0
T5618 000:733.336 JLINK_CORESIGHT_WriteAPDPReg(AP reg 0x01, 0x80011130)
T5618 000:733.602 - 0.266ms returns 0
T5618 000:733.624 JLINK_CORESIGHT_ReadAPDPReg(AP reg 0x03)
T5618 000:733.918   Value=0x2C020081
T5618 000:733.947 - 0.322ms returns 0
T5618 000:733.967 JLINK_CORESIGHT_WriteAPDPReg(AP reg 0x00, 0x80000002)
T5618 000:734.228 - 0.261ms returns 0
T5618 000:734.251 JLINK_CORESIGHT_WriteAPDPReg(AP reg 0x01, 0x80011140)
T5618 000:734.502 - 0.251ms returns 0
T5618 000:734.524 JLINK_CORESIGHT_ReadAPDPReg(AP reg 0x03)
T5618 000:734.817   Value=0x00000000
T5618 000:734.852 - 0.328ms returns 0
T5618 000:734.873 JLINK_CORESIGHT_WriteAPDPReg(AP reg 0x00, 0x80000002)
T5618 000:735.126 - 0.253ms returns 0
T5618 000:735.148 JLINK_CORESIGHT_WriteAPDPReg(AP reg 0x01, 0x80011130)
T5618 000:735.410 - 0.262ms returns 0
T5618 000:735.432 JLINK_CORESIGHT_ReadAPDPReg(AP reg 0x03)
T5618 000:735.729   Value=0x0003CE04
T5618 000:735.759 - 0.327ms returns 0
T5618 000:735.783 JLINK_CORESIGHT_WriteAPDPReg(AP reg 0x00, 0x80000002)
T5618 000:736.038 - 0.255ms returns 0
T5618 000:736.060 JLINK_CORESIGHT_WriteAPDPReg(AP reg 0x01, 0x80011140)
T5618 000:736.278 - 0.217ms returns 0
T5618 000:736.300 JLINK_CORESIGHT_ReadAPDPReg(AP reg 0x03)
T5618 000:736.603   Value=0x00000002
T5618 000:736.632 - 0.331ms returns 0
T5618 000:736.652 JLINK_CORESIGHT_WriteAPDPReg(AP reg 0x00, 0x80000002)
T5618 000:736.899 - 0.247ms returns 0
T5618 000:736.922 JLINK_CORESIGHT_WriteAPDPReg(AP reg 0x01, 0x80011120)
T5618 000:737.186 - 0.264ms returns 0
T5618 000:737.215 JLINK_CORESIGHT_WriteAPDPReg(AP reg 0x03, 0x73010001)
T5618 000:737.517 - 0.302ms returns 0
T5618 000:737.540 JLINK_CORESIGHT_WriteAPDPReg(AP reg 0x00, 0x80000002)
T5618 000:737.767 - 0.226ms returns 0
T5618 000:737.790 JLINK_CORESIGHT_WriteAPDPReg(AP reg 0x01, 0x80011140)
T5618 000:738.017 - 0.227ms returns 0
T5618 000:738.039 JLINK_CORESIGHT_ReadAPDPReg(AP reg 0x03)
T5618 000:738.444   Value=0x00000002
T5618 000:738.486 - 0.447ms returns 0
T5618 000:738.509 JLINK_CORESIGHT_WriteAPDPReg(AP reg 0x00, 0x80000002)
T5618 000:738.772 - 0.263ms returns 0
T5618 000:738.802 JLINK_CORESIGHT_WriteAPDPReg(AP reg 0x01, 0x80011120)
T5618 000:739.060 - 0.257ms returns 0
T5618 000:739.087 JLINK_CORESIGHT_WriteAPDPReg(AP reg 0x03, 0x0000038C)
T5618 000:739.397 - 0.310ms returns 0
T5618 000:739.420 JLINK_CORESIGHT_WriteAPDPReg(AP reg 0x00, 0x80000002)
T5618 000:739.685 - 0.265ms returns 0
T5618 000:739.709 JLINK_CORESIGHT_WriteAPDPReg(AP reg 0x01, 0x80011140)
T5618 000:739.935 - 0.226ms returns 0
T5618 000:739.959 JLINK_CORESIGHT_ReadAPDPReg(AP reg 0x03)
T5618 000:740.271   Value=0x00000002
T5618 000:740.303 - 0.344ms returns 0
T5618 000:740.324 JLINK_CORESIGHT_ReadAPDPReg(AP reg 0x03)
T5618 000:740.620   Value=0x00000002
T5618 000:740.650 - 0.326ms returns 0
T5618 000:740.671 JLINK_CORESIGHT_ReadAPDPReg(AP reg 0x03)
T5618 000:740.962   Value=0x00000000
T5618 000:740.992 - 0.321ms returns 0
T5618 000:741.013 JLINK_CORESIGHT_WriteAPDPReg(AP reg 0x00, 0x80000002)
T5618 000:741.273 - 0.260ms returns 0
T5618 000:741.300 JLINK_CORESIGHT_WriteAPDPReg(AP reg 0x01, 0x80011130)
T5618 000:741.561 - 0.260ms returns 0
T5618 000:741.587 JLINK_CORESIGHT_ReadAPDPReg(AP reg 0x03)
T5618 000:741.897   Value=0x73020081
T5618 000:741.927 - 0.340ms returns 0
T5618 000:741.950 JLINK_CORESIGHT_WriteAPDPReg(AP reg 0x00, 0x80000002)
T5618 000:744.147 - 2.196ms returns 0
T5618 000:744.241 JLINK_CORESIGHT_WriteAPDPReg(AP reg 0x01, 0x80011140)
T5618 000:744.555 - 0.313ms returns 0
T5618 000:744.608 JLINK_CORESIGHT_ReadAPDPReg(AP reg 0x03)
T5618 000:745.019   Value=0x00000000
T5618 000:745.052 - 0.443ms returns 0
T5618 000:745.078 JLINK_CORESIGHT_WriteAPDPReg(AP reg 0x00, 0x80000002)
T5618 000:745.398 - 0.320ms returns 0
T5618 000:745.426 JLINK_CORESIGHT_WriteAPDPReg(AP reg 0x01, 0x80011130)
T5618 000:745.686 - 0.260ms returns 0
T5618 000:745.713 JLINK_CORESIGHT_ReadAPDPReg(AP reg 0x03)
T5618 000:746.022   Value=0x00038902
T5618 000:746.054 - 0.341ms returns 0
T5618 000:746.082 JLINK_CORESIGHT_WriteAPDPReg(AP reg 0x00, 0x80000002)
T5618 000:746.404 - 0.323ms returns 0
T5618 000:746.432 JLINK_CORESIGHT_WriteAPDPReg(AP reg 0x01, 0x80011140)
T5618 000:746.686 - 0.254ms returns 0
T5618 000:746.714 JLINK_CORESIGHT_ReadAPDPReg(AP reg 0x03)
T5618 000:747.022   Value=0x00000002
T5618 000:747.058 - 0.344ms returns 0
T5618 000:747.084 JLINK_CORESIGHT_WriteAPDPReg(AP reg 0x00, 0x80000002)
T5618 000:747.401 - 0.317ms returns 0
T5618 000:747.428 JLINK_CORESIGHT_WriteAPDPReg(AP reg 0x01, 0x80011120)
T5618 000:747.686 - 0.258ms returns 0
T5618 000:747.713 JLINK_CORESIGHT_WriteAPDPReg(AP reg 0x03, 0x75010001)
T5618 000:747.979 - 0.266ms returns 0
T5618 000:748.008 JLINK_CORESIGHT_WriteAPDPReg(AP reg 0x00, 0x80000002)
T5618 000:748.270 - 0.262ms returns 0
T5618 000:748.306 JLINK_CORESIGHT_WriteAPDPReg(AP reg 0x01, 0x80011140)
T5618 000:748.564 - 0.258ms returns 0
T5618 000:748.593 JLINK_CORESIGHT_ReadAPDPReg(AP reg 0x03)
T5618 000:748.899   Value=0x00000002
T5618 000:748.932 - 0.339ms returns 0
T5618 000:748.959 JLINK_CORESIGHT_WriteAPDPReg(AP reg 0x00, 0x80000002)
T5618 000:749.214 - 0.255ms returns 0
T5618 000:749.242 JLINK_CORESIGHT_WriteAPDPReg(AP reg 0x01, 0x80011120)
T5618 000:749.539 - 0.297ms returns 0
T5618 000:749.568 JLINK_CORESIGHT_WriteAPDPReg(AP reg 0x03, 0x0000038A)
T5618 000:749.829 - 0.261ms returns 0
T5618 000:749.858 JLINK_CORESIGHT_WriteAPDPReg(AP reg 0x00, 0x80000002)
T5618 000:750.111 - 0.253ms returns 0
T5618 000:750.141 JLINK_CORESIGHT_WriteAPDPReg(AP reg 0x01, 0x80011140)
T5618 000:750.400 - 0.259ms returns 0
T5618 000:750.429 JLINK_CORESIGHT_ReadAPDPReg(AP reg 0x03)
T5618 000:750.730   Value=0x00000002
T5618 000:750.763 - 0.333ms returns 0
T5618 000:750.788 JLINK_CORESIGHT_ReadAPDPReg(AP reg 0x03)
T5618 000:751.086   Value=0x00000002
T5618 000:751.119 - 0.330ms returns 0
T5618 000:751.146 JLINK_CORESIGHT_ReadAPDPReg(AP reg 0x03)
T5618 000:751.444   Value=0x00000002
T5618 000:751.477 - 0.331ms returns 0
T5618 000:751.503 JLINK_CORESIGHT_ReadAPDPReg(AP reg 0x03)
T5618 000:751.800   Value=0x00000002
T5618 000:751.833 - 0.330ms returns 0
T5618 000:751.858 JLINK_CORESIGHT_ReadAPDPReg(AP reg 0x03)
T5618 000:752.159   Value=0x00000002
T5618 000:752.198 - 0.340ms returns 0
T5618 000:752.225 JLINK_CORESIGHT_ReadAPDPReg(AP reg 0x03)
T5618 000:752.548   Value=0x00000002
T5618 000:752.583 - 0.357ms returns 0
T5618 000:752.610 JLINK_CORESIGHT_ReadAPDPReg(AP reg 0x03)
T5618 000:752.915   Value=0x00000002
T5618 000:752.950 - 0.340ms returns 0
T5618 000:752.977 JLINK_CORESIGHT_ReadAPDPReg(AP reg 0x03)
T5618 000:753.275   Value=0x00000002
T5618 000:753.316 - 0.339ms returns 0
T5618 000:753.343 JLINK_CORESIGHT_ReadAPDPReg(AP reg 0x03)
T5618 000:753.649   Value=0x00000000
T5618 000:753.684 - 0.340ms returns 0
T5618 000:753.711 JLINK_CORESIGHT_WriteAPDPReg(AP reg 0x00, 0x80000002)
T5618 000:753.968 - 0.256ms returns 0
T5618 000:753.998 JLINK_CORESIGHT_WriteAPDPReg(AP reg 0x01, 0x80011130)
T5618 000:754.272 - 0.274ms returns 0
T5618 000:754.302 JLINK_CORESIGHT_ReadAPDPReg(AP reg 0x03)
T5618 000:754.593   Value=0x75020081
T5618 000:754.645 - 0.343ms returns 0
T5618 000:754.675 JLINK_CORESIGHT_WriteAPDPReg(AP reg 0x00, 0x80000002)
T5618 000:755.043 - 0.367ms returns 0
T5618 000:755.090 JLINK_CORESIGHT_WriteAPDPReg(AP reg 0x01, 0x80011140)
T5618 000:755.398 - 0.308ms returns 0
T5618 000:755.432 JLINK_CORESIGHT_ReadAPDPReg(AP reg 0x03)
T5618 000:755.744   Value=0x00000000
T5618 000:755.777 - 0.345ms returns 0
T5618 000:755.804 JLINK_CORESIGHT_WriteAPDPReg(AP reg 0x00, 0x80000002)
T5618 000:756.061 - 0.257ms returns 0
T5618 000:756.096 JLINK_CORESIGHT_WriteAPDPReg(AP reg 0x01, 0x80011130)
T5618 000:756.398 - 0.301ms returns 0
T5618 000:756.426 JLINK_CORESIGHT_ReadAPDPReg(AP reg 0x03)
T5618 000:756.730   Value=0x00038702
T5618 000:756.763 - 0.337ms returns 0
T5618 000:758.032 JLINK_CORESIGHT_WriteAPDPReg(AP reg 0x00, 0x80000002)
T5618 000:758.522 - 0.492ms returns 0
T5618 000:758.571 JLINK_CORESIGHT_WriteAPDPReg(AP reg 0x01, 0x80011140)
T5618 000:758.972 - 0.401ms returns 0
T5618 000:758.998 JLINK_CORESIGHT_ReadAPDPReg(AP reg 0x03)
T5618 000:759.419   Value=0x00000002
T5618 000:759.449 - 0.451ms returns 0
T5618 000:759.471 JLINK_CORESIGHT_WriteAPDPReg(AP reg 0x00, 0x80000002)
T5618 000:759.730 - 0.259ms returns 0
T5618 000:759.773 JLINK_CORESIGHT_WriteAPDPReg(AP reg 0x01, 0x80011120)
T5618 000:760.203 - 0.427ms returns 0
T5618 000:760.346 JLINK_CORESIGHT_WriteAPDPReg(AP reg 0x03, 0x4F010001)
T5618 000:760.707 - 0.363ms returns 0
T5618 000:760.744 JLINK_CORESIGHT_WriteAPDPReg(AP reg 0x00, 0x80000002)
T5618 000:760.995 - 0.251ms returns 0
T5618 000:761.020 JLINK_CORESIGHT_WriteAPDPReg(AP reg 0x01, 0x80011140)
T5618 000:761.272 - 0.251ms returns 0
T5618 000:761.295 JLINK_CORESIGHT_ReadAPDPReg(AP reg 0x03)
T5618 000:761.602   Value=0x00000002
T5618 000:761.634 - 0.339ms returns 0
T5618 000:761.654 JLINK_CORESIGHT_WriteAPDPReg(AP reg 0x00, 0x80000002)
T5618 000:761.898 - 0.244ms returns 0
T5618 000:761.918 JLINK_CORESIGHT_WriteAPDPReg(AP reg 0x01, 0x80011120)
T5618 000:762.140 - 0.221ms returns 0
T5618 000:762.160 JLINK_CORESIGHT_WriteAPDPReg(AP reg 0x03, 0x000003B0)
T5618 000:762.382 - 0.222ms returns 0
T5618 000:762.402 JLINK_CORESIGHT_WriteAPDPReg(AP reg 0x00, 0x80000002)
T5618 000:762.647 - 0.244ms returns 0
T5618 000:762.667 JLINK_CORESIGHT_WriteAPDPReg(AP reg 0x01, 0x80011140)
T5618 000:762.890 - 0.223ms returns 0
T5618 000:762.931 JLINK_CORESIGHT_ReadAPDPReg(AP reg 0x03)
T5618 000:763.226   Value=0x00000002
T5618 000:763.254 - 0.323ms returns 0
T5618 000:763.273 JLINK_CORESIGHT_ReadAPDPReg(AP reg 0x03)
T5618 000:763.543   Value=0x00000002
T5618 000:763.570 - 0.297ms returns 0
T5618 000:763.589 JLINK_CORESIGHT_ReadAPDPReg(AP reg 0x03)
T5618 000:763.851   Value=0x00000002
T5618 000:763.878 - 0.289ms returns 0
T5618 000:763.898 JLINK_CORESIGHT_ReadAPDPReg(AP reg 0x03)
T5618 000:764.193   Value=0x00000000
T5618 000:764.220 - 0.322ms returns 0
T5618 000:764.239 JLINK_CORESIGHT_WriteAPDPReg(AP reg 0x00, 0x80000002)
T5618 000:764.506 - 0.266ms returns 0
T5618 000:764.527 JLINK_CORESIGHT_WriteAPDPReg(AP reg 0x01, 0x80011130)
T5618 000:764.772 - 0.245ms returns 0
T5618 000:764.794 JLINK_CORESIGHT_ReadAPDPReg(AP reg 0x03)
T5618 000:765.102   Value=0x4F0B0081
T5618 000:765.130 - 0.335ms returns 0
T5618 000:765.149 JLINK_CORESIGHT_WriteAPDPReg(AP reg 0x00, 0x80000002)
T5618 000:765.397 - 0.248ms returns 0
T5618 000:765.419 JLINK_CORESIGHT_WriteAPDPReg(AP reg 0x01, 0x80011140)
T5618 000:765.640 - 0.221ms returns 0
T5618 000:765.662 JLINK_CORESIGHT_ReadAPDPReg(AP reg 0x03)
T5618 000:765.977   Value=0x00000000
T5618 000:766.011 - 0.349ms returns 0
T5618 000:766.032 JLINK_CORESIGHT_WriteAPDPReg(AP reg 0x00, 0x80000002)
T5618 000:766.286 - 0.254ms returns 0
T5618 000:766.308 JLINK_CORESIGHT_WriteAPDPReg(AP reg 0x01, 0x80011130)
T5618 000:766.545 - 0.237ms returns 0
T5618 000:766.567 JLINK_CORESIGHT_ReadAPDPReg(AP reg 0x03)
T5618 000:766.851   Value=0x40000000
T5618 000:766.880 - 0.313ms returns 0
T5618 000:766.901 JLINK_CORESIGHT_WriteAPDPReg(AP reg 0x00, 0x80000002)
T5618 000:767.147 - 0.246ms returns 0
T5618 000:767.170 JLINK_CORESIGHT_WriteAPDPReg(AP reg 0x01, 0x80011140)
T5618 000:767.391 - 0.221ms returns 0
T5618 000:767.413 JLINK_CORESIGHT_ReadAPDPReg(AP reg 0x03)
T5618 000:767.739   Value=0x00000000
T5618 000:767.768 - 0.355ms returns 0
T5618 000:767.788 JLINK_CORESIGHT_WriteAPDPReg(AP reg 0x00, 0x80000002)
T5618 000:768.038 - 0.250ms returns 0
T5618 000:768.065 JLINK_CORESIGHT_WriteAPDPReg(AP reg 0x01, 0x80011130)
T5618 000:768.309 - 0.244ms returns 0
T5618 000:768.332 JLINK_CORESIGHT_ReadAPDPReg(AP reg 0x03)
T5618 000:768.645   Value=0x00000000
T5618 000:768.674 - 0.342ms returns 0
T5618 000:768.694 JLINK_CORESIGHT_WriteAPDPReg(AP reg 0x00, 0x80000002)
T5618 000:768.938 - 0.244ms returns 0
T5618 000:768.960 JLINK_CORESIGHT_WriteAPDPReg(AP reg 0x01, 0x80011140)
T5618 000:769.185 - 0.224ms returns 0
T5618 000:769.207 JLINK_CORESIGHT_ReadAPDPReg(AP reg 0x03)
T5618 000:769.587   Value=0x00000000
T5618 000:769.617 - 0.409ms returns 0
T5618 000:769.638 JLINK_CORESIGHT_WriteAPDPReg(AP reg 0x00, 0x80000002)
T5618 000:769.896 - 0.258ms returns 0
T5618 000:769.918 JLINK_CORESIGHT_WriteAPDPReg(AP reg 0x01, 0x80011130)
T5618 000:770.142 - 0.223ms returns 0
T5618 000:770.221 JLINK_CORESIGHT_ReadAPDPReg(AP reg 0x03)
T5618 000:770.607   Value=0x03660000
T5618 000:770.647 - 0.426ms returns 0
T5618 000:770.763 JLINK_CORESIGHT_ReadAPDPReg(DP reg 0x01)
T5618 000:771.165   Value=0xF0000F40
T5618 000:771.197 - 0.434ms returns 0
T5618 000:771.219 JLINK_CORESIGHT_WriteAPDPReg(DP reg 0x01, 0xA0000F40)
T5618 000:771.521 - 0.302ms returns 0
T5618 000:771.551 JLINK_CORESIGHT_ReadAPDPReg(DP reg 0x01)
T5618 000:771.919   Value=0x00000F40
T5618 000:771.973 - 0.422ms returns 0
T5618 000:771.996 JLINK_ClrRESET()
T5618 000:772.257 - 0.261ms 
T5618 000:879.921 JLINK_Close()
T5618 000:902.974 - 23.052ms
T5618 000:903.546   
T5618 000:903.596   Closed
