T748C 000:001.414   SEGGER J-Link V9.14a Log File
T748C 000:001.735   DLL Compiled: Jan 28 2026 17:11:52
T748C 000:001.753   Logging started @ 2026-08-17 03:35
T748C 000:001.771   Process: C:\Users\28379\.eclipse\com.renesas.platform_1363202710\DebugComp\RA\e2-server-gdb.exe
T748C 000:001.805 - 1.794ms 
T748C 000:001.842 JLINK_GetDLLVersion()
T748C 000:001.860 - 0.020ms returns 91401
T748C 000:106.141 JLINK_OpenEx(...)
T748C 000:118.464   Firmware: J-Link OB-RA4M2 compiled May  6 2026 16:18:23
T748C 000:119.210   Firmware: J-Link OB-RA4M2 compiled May  6 2026 16:18:23
T748C 000:144.481   Hardware: V1.00
T748C 000:144.544   S/N: 1088523386
T748C 000:144.566   OEM: SEGGER
T748C 000:145.157   Feature(s): None
T748C 000:149.148   Bootloader: 2021 May 14
T748C 000:149.619   USB speed mode: Full speed (12 MBit/s)
T748C 000:150.245   TELNET listener socket opened on port 19021
T748C 000:150.430   WEBSRV WEBSRV_Init(): Starting webserver thread(s)
T748C 000:150.606   WEBSRV Webserver running on local port 19080
T748C 000:150.746   Looking for J-Link GUI Server exe at: C:\Users\28379\.eclipse\com.renesas.platform_1363202710\DebugComp\RA\ARM\Segger_v9.14.1\JLinkGUIServer.exe
T748C 000:150.871   Looking for J-Link GUI Server exe at: D:\Programs\SEGGER\JLink_V966\JLinkGUIServer.exe
T748C 000:150.927   Forking J-Link GUI Server: D:\Programs\SEGGER\JLink_V966\JLinkGUIServer.exe
T748C 000:480.253   J-Link GUI Server info: "J-Link GUI server V9.66 "
T748C 000:487.492 - 381.329ms returns "O.K."
T748C 000:487.717 JLINK_TIF_Select(JLINKARM_TIF_SWD)
T748C 000:488.211 - 0.494ms returns 0x00
T748C 000:488.243 JLINK_ClrRESET()
T748C 000:488.458 - 0.215ms 
T748C 000:538.974 JLINK_SetSpeed(1500)
T748C 000:539.269 - 0.323ms 
T748C 000:539.288 JLINK_CORESIGHT_Configure(PerformTIFInit=0)
T748C 000:539.715 - 0.433ms returns 0
T748C 000:540.385 JLINK_CORESIGHT_ReadAPDPReg(DP reg 0x00)
T748C 000:540.903   Value=0x6BA02477
T748C 000:540.929 - 1.190ms returns 0
T748C 000:541.587 JLINK_CORESIGHT_WriteAPDPReg(DP reg 0x00, 0x0000001F)
T748C 000:541.904 - 0.316ms returns 0
T748C 000:541.925 JLINK_CORESIGHT_ReadAPDPReg(DP reg 0x00)
T748C 000:542.172   Value=0x6BA02477
T748C 000:542.191 - 0.266ms returns 0
T748C 000:542.202 JLINK_CORESIGHT_WriteAPDPReg(DP reg 0x02, 0x00000000)
T748C 000:542.455 - 0.253ms returns 0
T748C 000:542.466 JLINK_CORESIGHT_WriteAPDPReg(DP reg 0x01, 0x50000000)
T748C 000:542.704 - 0.237ms returns 0
T748C 000:542.727 JLINK_CORESIGHT_ReadAPDPReg(DP reg 0x01)
T748C 000:542.961   Value=0xF0000040
T748C 000:542.976 - 0.249ms returns 0
T748C 000:542.985 JLINK_CORESIGHT_WriteAPDPReg(DP reg 0x00, 0x0000001F)
T748C 000:543.224 - 0.238ms returns 0
T748C 000:543.235 JLINK_CORESIGHT_ReadAPDPReg(DP reg 0x00)
T748C 000:543.455   Value=0x6BA02477
T748C 000:543.468 - 0.233ms returns 0
T748C 000:543.478 JLINK_CORESIGHT_WriteAPDPReg(DP reg 0x01, 0x54000000)
T748C 000:543.696 - 0.218ms returns 0
T748C 000:543.708 JLINK_CORESIGHT_WriteAPDPReg(DP reg 0x01, 0x50000F00)
T748C 000:543.947 - 0.239ms returns 0
T748C 000:543.957 JLINK_CORESIGHT_WriteAPDPReg(DP reg 0x02, 0x01000000)
T748C 000:544.192 - 0.233ms returns 0
T748C 000:544.223 JLINK_CORESIGHT_WriteAPDPReg(AP reg 0x00, 0x80000002)
T748C 000:544.459 - 0.235ms returns 0
T748C 000:544.478 JLINK_CORESIGHT_WriteAPDPReg(AP reg 0x01, 0x80011100)
T748C 000:544.709 - 0.230ms returns 0
T748C 000:544.727 JLINK_CORESIGHT_WriteAPDPReg(AP reg 0x03, 0x000000A5)
T748C 000:544.953 - 0.225ms returns 0
T748C 000:544.979 JLINK_CORESIGHT_WriteAPDPReg(AP reg 0x00, 0x80000002)
T748C 000:545.220 - 0.239ms returns 0
T748C 000:545.243 JLINK_CORESIGHT_WriteAPDPReg(AP reg 0x01, 0x80011100)
T748C 000:545.473 - 0.230ms returns 0
T748C 000:545.493 JLINK_CORESIGHT_ReadAPDPReg(AP reg 0x03)
T748C 000:545.779   Value=0x000000A5
T748C 000:545.798 - 0.304ms returns 0
T748C 000:545.808 JLINK_ClrTMS()
T748C 000:545.886 - 0.077ms 
T748C 000:550.937 JLINK_SetTCK()
T748C 000:551.109 - 0.171ms returns 0
T748C 000:556.940 JLINK_SetRESET()
T748C 000:557.138 - 0.197ms 
T748C 000:757.664 JLINK_CORESIGHT_WriteAPDPReg(AP reg 0x00, 0x80000002)
T748C 000:758.019 - 0.356ms returns 0
T748C 000:758.038 JLINK_CORESIGHT_WriteAPDPReg(AP reg 0x01, 0x80011100)
T748C 000:758.267 - 0.228ms returns 0
T748C 000:758.278 JLINK_CORESIGHT_ReadAPDPReg(AP reg 0x03)
T748C 000:758.564   Value=0x00000000
T748C 000:758.581 - 0.303ms returns 0
T748C 000:758.592 JLINK_CORESIGHT_WriteAPDPReg(AP reg 0x00, 0x80000002)
T748C 000:758.817 - 0.224ms returns 0
T748C 000:758.833 JLINK_CORESIGHT_WriteAPDPReg(AP reg 0x01, 0x80011140)
T748C 000:759.058 - 0.225ms returns 0
T748C 000:759.073 JLINK_CORESIGHT_ReadAPDPReg(AP reg 0x03)
T748C 000:759.346   Value=0x00000002
T748C 000:759.366 - 0.292ms returns 0
T748C 000:759.377 JLINK_CORESIGHT_WriteAPDPReg(AP reg 0x00, 0x80000002)
T748C 000:759.594 - 0.216ms returns 0
T748C 000:759.610 JLINK_CORESIGHT_WriteAPDPReg(AP reg 0x01, 0x80011120)
T748C 000:759.825 - 0.215ms returns 0
T748C 000:759.835 JLINK_CORESIGHT_WriteAPDPReg(AP reg 0x03, 0x00000055)
T748C 000:760.042 - 0.206ms returns 0
T748C 000:760.051 JLINK_CORESIGHT_WriteAPDPReg(AP reg 0x00, 0x80000002)
T748C 000:760.268 - 0.216ms returns 0
T748C 000:760.284 JLINK_CORESIGHT_WriteAPDPReg(AP reg 0x01, 0x80011140)
T748C 000:760.555 - 0.270ms returns 0
T748C 000:760.571 JLINK_CORESIGHT_ReadAPDPReg(AP reg 0x03)
T748C 000:760.838   Value=0x00000002
T748C 000:760.859 - 0.287ms returns 0
T748C 000:760.869 JLINK_CORESIGHT_ReadAPDPReg(AP reg 0x03)
T748C 000:761.120   Value=0x00000002
T748C 000:761.130 - 0.261ms returns 0
T748C 000:761.139 JLINK_CORESIGHT_ReadAPDPReg(AP reg 0x03)
T748C 000:761.387   Value=0x00000002
T748C 000:761.405 - 0.266ms returns 0
T748C 000:761.413 JLINK_CORESIGHT_ReadAPDPReg(AP reg 0x03)
T748C 000:761.728   Value=0x00000002
T748C 000:761.748 - 0.334ms returns 0
T748C 000:761.760 JLINK_CORESIGHT_ReadAPDPReg(AP reg 0x03)
T748C 000:762.065   Value=0x00000002
T748C 000:762.080 - 0.320ms returns 0
T748C 000:762.088 JLINK_CORESIGHT_ReadAPDPReg(AP reg 0x03)
T748C 000:762.336   Value=0x00000002
T748C 000:762.352 - 0.263ms returns 0
T748C 000:762.360 JLINK_CORESIGHT_ReadAPDPReg(AP reg 0x03)
T748C 000:762.602   Value=0x00000002
T748C 000:762.617 - 0.257ms returns 0
T748C 000:762.625 JLINK_CORESIGHT_ReadAPDPReg(AP reg 0x03)
T748C 000:762.889   Value=0x00000002
T748C 000:762.925 - 0.298ms returns 0
T748C 000:762.988 JLINK_CORESIGHT_ReadAPDPReg(AP reg 0x03)
T748C 000:763.580   Value=0x00000002
T748C 000:763.697 - 0.710ms returns 0
T748C 000:763.760 JLINK_CORESIGHT_ReadAPDPReg(AP reg 0x03)
T748C 000:764.211   Value=0x00000002
T748C 000:764.267 - 0.507ms returns 0
T748C 000:764.311 JLINK_CORESIGHT_ReadAPDPReg(AP reg 0x03)
T748C 000:764.574   Value=0x00000002
T748C 000:764.592 - 0.282ms returns 0
T748C 000:764.602 JLINK_CORESIGHT_ReadAPDPReg(AP reg 0x03)
T748C 000:765.035   Value=0x00000002
T748C 000:765.052 - 0.450ms returns 0
T748C 000:765.061 JLINK_CORESIGHT_ReadAPDPReg(AP reg 0x03)
T748C 000:765.339   Value=0x00000002
T748C 000:765.353 - 0.292ms returns 0
T748C 000:765.361 JLINK_CORESIGHT_ReadAPDPReg(AP reg 0x03)
T748C 000:765.629   Value=0x00000002
T748C 000:765.646 - 0.285ms returns 0
T748C 000:765.657 JLINK_CORESIGHT_ReadAPDPReg(AP reg 0x03)
T748C 000:765.915   Value=0x00000002
T748C 000:765.929 - 0.272ms returns 0
T748C 000:765.937 JLINK_CORESIGHT_ReadAPDPReg(AP reg 0x03)
T748C 000:766.199   Value=0x00000002
T748C 000:766.214 - 0.277ms returns 0
T748C 000:766.224 JLINK_CORESIGHT_ReadAPDPReg(AP reg 0x03)
T748C 000:766.497   Value=0x00000002
T748C 000:766.508 - 0.284ms returns 0
T748C 000:766.516 JLINK_CORESIGHT_ReadAPDPReg(AP reg 0x03)
T748C 000:766.778   Value=0x00000002
T748C 000:766.795 - 0.279ms returns 0
T748C 000:766.804 JLINK_CORESIGHT_ReadAPDPReg(AP reg 0x03)
T748C 000:767.053   Value=0x00000002
T748C 000:767.062 - 0.258ms returns 0
T748C 000:767.069 JLINK_CORESIGHT_ReadAPDPReg(AP reg 0x03)
T748C 000:767.316   Value=0x00000002
T748C 000:767.331 - 0.261ms returns 0
T748C 000:767.339 JLINK_CORESIGHT_ReadAPDPReg(AP reg 0x03)
T748C 000:767.589   Value=0x00000002
T748C 000:767.651 - 0.312ms returns 0
T748C 000:767.659 JLINK_CORESIGHT_ReadAPDPReg(AP reg 0x03)
T748C 000:767.974   Value=0x00000002
T748C 000:767.992 - 0.333ms returns 0
T748C 000:768.002 JLINK_CORESIGHT_ReadAPDPReg(AP reg 0x03)
T748C 000:768.271   Value=0x00000002
T748C 000:768.279 - 0.277ms returns 0
T748C 000:768.286 JLINK_CORESIGHT_ReadAPDPReg(AP reg 0x03)
T748C 000:768.560   Value=0x00000002
T748C 000:768.568 - 0.281ms returns 0
T748C 000:768.574 JLINK_CORESIGHT_ReadAPDPReg(AP reg 0x03)
T748C 000:768.834   Value=0x00000002
T748C 000:768.842 - 0.268ms returns 0
T748C 000:768.854 JLINK_CORESIGHT_ReadAPDPReg(AP reg 0x03)
T748C 000:769.098   Value=0x00000002
T748C 000:769.112 - 0.257ms returns 0
T748C 000:769.126 JLINK_CORESIGHT_ReadAPDPReg(AP reg 0x03)
T748C 000:769.382   Value=0x00000002
T748C 000:769.394 - 0.268ms returns 0
T748C 000:769.406 JLINK_CORESIGHT_ReadAPDPReg(AP reg 0x03)
T748C 000:769.720   Value=0x00000002
T748C 000:769.734 - 0.328ms returns 0
T748C 000:769.747 JLINK_CORESIGHT_ReadAPDPReg(AP reg 0x03)
T748C 000:769.993   Value=0x00000002
T748C 000:770.004 - 0.257ms returns 0
T748C 000:770.015 JLINK_CORESIGHT_ReadAPDPReg(AP reg 0x03)
T748C 000:770.281   Value=0x00000002
T748C 000:770.301 - 0.285ms returns 0
T748C 000:770.317 JLINK_CORESIGHT_ReadAPDPReg(AP reg 0x03)
T748C 000:770.575   Value=0x00000002
T748C 000:770.590 - 0.274ms returns 0
T748C 000:770.603 JLINK_CORESIGHT_ReadAPDPReg(AP reg 0x03)
T748C 000:770.859   Value=0x00000002
T748C 000:770.876 - 0.272ms returns 0
T748C 000:770.892 JLINK_CORESIGHT_ReadAPDPReg(AP reg 0x03)
T748C 000:771.166   Value=0x00000002
T748C 000:771.180 - 0.288ms returns 0
T748C 000:771.195 JLINK_CORESIGHT_ReadAPDPReg(AP reg 0x03)
T748C 000:771.461   Value=0x00000000
T748C 000:771.476 - 0.281ms returns 0
T748C 000:771.489 JLINK_CORESIGHT_WriteAPDPReg(AP reg 0x00, 0x80000002)
T748C 000:771.709 - 0.220ms returns 0
T748C 000:771.726 JLINK_CORESIGHT_WriteAPDPReg(AP reg 0x01, 0x80011130)
T748C 000:772.031 - 0.305ms returns 0
T748C 000:772.051 JLINK_CORESIGHT_ReadAPDPReg(AP reg 0x03)
T748C 000:772.320   Value=0x000000C6
T748C 000:772.330 - 0.278ms returns 0
T748C 000:772.886 JLINK_CORESIGHT_WriteAPDPReg(AP reg 0x00, 0x80000002)
T748C 000:773.170 - 0.284ms returns 0
T748C 000:773.188 JLINK_CORESIGHT_WriteAPDPReg(AP reg 0x01, 0x80011140)
T748C 000:773.386 - 0.198ms returns 0
T748C 000:773.406 JLINK_CORESIGHT_ReadAPDPReg(AP reg 0x03)
T748C 000:773.720   Value=0x00000002
T748C 000:773.742 - 0.335ms returns 0
T748C 000:773.752 JLINK_CORESIGHT_WriteAPDPReg(AP reg 0x00, 0x80000002)
T748C 000:773.977 - 0.225ms returns 0
T748C 000:773.990 JLINK_CORESIGHT_WriteAPDPReg(AP reg 0x01, 0x80011120)
T748C 000:774.188 - 0.197ms returns 0
T748C 000:774.204 JLINK_CORESIGHT_WriteAPDPReg(AP reg 0x03, 0x3A010001)
T748C 000:774.426 - 0.221ms returns 0
T748C 000:774.444 JLINK_CORESIGHT_WriteAPDPReg(AP reg 0x00, 0x80000002)
T748C 000:774.703 - 0.258ms returns 0
T748C 000:774.720 JLINK_CORESIGHT_WriteAPDPReg(AP reg 0x01, 0x80011140)
T748C 000:774.938 - 0.219ms returns 0
T748C 000:774.947 JLINK_CORESIGHT_ReadAPDPReg(AP reg 0x03)
T748C 000:775.218   Value=0x00000002
T748C 000:775.233 - 0.286ms returns 0
T748C 000:775.243 JLINK_CORESIGHT_WriteAPDPReg(AP reg 0x00, 0x80000002)
T748C 000:775.464 - 0.220ms returns 0
T748C 000:775.473 JLINK_CORESIGHT_WriteAPDPReg(AP reg 0x01, 0x80011120)
T748C 000:775.689 - 0.215ms returns 0
T748C 000:775.704 JLINK_CORESIGHT_WriteAPDPReg(AP reg 0x03, 0x000003C5)
T748C 000:775.932 - 0.228ms returns 0
T748C 000:775.948 JLINK_CORESIGHT_WriteAPDPReg(AP reg 0x00, 0x80000002)
T748C 000:776.175 - 0.226ms returns 0
T748C 000:776.194 JLINK_CORESIGHT_WriteAPDPReg(AP reg 0x01, 0x80011140)
T748C 000:776.443 - 0.249ms returns 0
T748C 000:776.458 JLINK_CORESIGHT_ReadAPDPReg(AP reg 0x03)
T748C 000:776.745   Value=0x00000002
T748C 000:776.778 - 0.320ms returns 0
T748C 000:776.795 JLINK_CORESIGHT_ReadAPDPReg(AP reg 0x03)
T748C 000:777.087   Value=0x00000002
T748C 000:777.107 - 0.312ms returns 0
T748C 000:777.117 JLINK_CORESIGHT_ReadAPDPReg(AP reg 0x03)
T748C 000:777.385   Value=0x00000002
T748C 000:777.398 - 0.281ms returns 0
T748C 000:777.407 JLINK_CORESIGHT_ReadAPDPReg(AP reg 0x03)
T748C 000:777.756   Value=0x00000002
T748C 000:777.776 - 0.368ms returns 0
T748C 000:777.787 JLINK_CORESIGHT_ReadAPDPReg(AP reg 0x03)
T748C 000:778.049   Value=0x00000002
T748C 000:778.065 - 0.278ms returns 0
T748C 000:778.074 JLINK_CORESIGHT_ReadAPDPReg(AP reg 0x03)
T748C 000:778.331   Value=0x00000002
T748C 000:778.338 - 0.264ms returns 0
T748C 000:778.345 JLINK_CORESIGHT_ReadAPDPReg(AP reg 0x03)
T748C 000:778.586   Value=0x00000002
T748C 000:778.598 - 0.253ms returns 0
T748C 000:778.607 JLINK_CORESIGHT_ReadAPDPReg(AP reg 0x03)
T748C 000:778.875   Value=0x00000002
T748C 000:778.890 - 0.282ms returns 0
T748C 000:778.898 JLINK_CORESIGHT_ReadAPDPReg(AP reg 0x03)
T748C 000:779.157   Value=0x00000002
T748C 000:779.165 - 0.267ms returns 0
T748C 000:779.171 JLINK_CORESIGHT_ReadAPDPReg(AP reg 0x03)
T748C 000:779.427   Value=0x00000002
T748C 000:779.436 - 0.265ms returns 0
T748C 000:779.443 JLINK_CORESIGHT_ReadAPDPReg(AP reg 0x03)
T748C 000:779.720   Value=0x00000000
T748C 000:779.738 - 0.294ms returns 0
T748C 000:779.749 JLINK_CORESIGHT_WriteAPDPReg(AP reg 0x00, 0x80000002)
T748C 000:779.938 - 0.189ms returns 0
T748C 000:779.947 JLINK_CORESIGHT_WriteAPDPReg(AP reg 0x01, 0x80011130)
T748C 000:780.137 - 0.190ms returns 0
T748C 000:780.146 JLINK_CORESIGHT_ReadAPDPReg(AP reg 0x03)
T748C 000:780.412   Value=0x3A2A0081
T748C 000:780.426 - 0.279ms returns 0
T748C 000:780.434 JLINK_CORESIGHT_WriteAPDPReg(AP reg 0x00, 0x80000002)
T748C 000:780.691 - 0.256ms returns 0
T748C 000:780.709 JLINK_CORESIGHT_WriteAPDPReg(AP reg 0x01, 0x80011140)
T748C 000:780.907 - 0.198ms returns 0
T748C 000:780.918 JLINK_CORESIGHT_ReadAPDPReg(AP reg 0x03)
T748C 000:781.193   Value=0x00000000
T748C 000:781.212 - 0.294ms returns 0
T748C 000:781.222 JLINK_CORESIGHT_WriteAPDPReg(AP reg 0x00, 0x80000002)
T748C 000:781.445 - 0.222ms returns 0
T748C 000:781.465 JLINK_CORESIGHT_WriteAPDPReg(AP reg 0x01, 0x80011130)
T748C 000:781.689 - 0.224ms returns 0
T748C 000:781.699 JLINK_CORESIGHT_ReadAPDPReg(AP reg 0x03)
T748C 000:781.978   Value=0x808D5B00
T748C 000:781.989 - 0.289ms returns 0
T748C 000:781.998 JLINK_CORESIGHT_WriteAPDPReg(AP reg 0x00, 0x80000002)
T748C 000:782.201 - 0.204ms returns 0
T748C 000:782.211 JLINK_CORESIGHT_WriteAPDPReg(AP reg 0x01, 0x80011140)
T748C 000:782.424 - 0.212ms returns 0
T748C 000:782.434 JLINK_CORESIGHT_ReadAPDPReg(AP reg 0x03)
T748C 000:782.724   Value=0x00000000
T748C 000:782.734 - 0.299ms returns 0
T748C 000:782.742 JLINK_CORESIGHT_WriteAPDPReg(AP reg 0x00, 0x80000002)
T748C 000:782.948 - 0.205ms returns 0
T748C 000:782.957 JLINK_CORESIGHT_WriteAPDPReg(AP reg 0x01, 0x80011130)
T748C 000:783.155 - 0.197ms returns 0
T748C 000:783.164 JLINK_CORESIGHT_ReadAPDPReg(AP reg 0x03)
T748C 000:783.424   Value=0x0406070A
T748C 000:783.432 - 0.268ms returns 0
T748C 000:783.439 JLINK_CORESIGHT_WriteAPDPReg(AP reg 0x00, 0x80000002)
T748C 000:783.669 - 0.230ms returns 0
T748C 000:783.677 JLINK_CORESIGHT_WriteAPDPReg(AP reg 0x01, 0x80011140)
T748C 000:783.882 - 0.204ms returns 0
T748C 000:783.890 JLINK_CORESIGHT_ReadAPDPReg(AP reg 0x03)
T748C 000:784.128   Value=0x00000000
T748C 000:784.138 - 0.248ms returns 0
T748C 000:784.147 JLINK_CORESIGHT_WriteAPDPReg(AP reg 0x00, 0x80000002)
T748C 000:784.356 - 0.209ms returns 0
T748C 000:784.367 JLINK_CORESIGHT_WriteAPDPReg(AP reg 0x01, 0x80011130)
T748C 000:784.561 - 0.193ms returns 0
T748C 000:784.569 JLINK_CORESIGHT_ReadAPDPReg(AP reg 0x03)
T748C 000:784.825   Value=0x3154540B
T748C 000:784.833 - 0.264ms returns 0
T748C 000:784.840 JLINK_CORESIGHT_WriteAPDPReg(AP reg 0x00, 0x80000002)
T748C 000:785.037 - 0.197ms returns 0
T748C 000:785.045 JLINK_CORESIGHT_WriteAPDPReg(AP reg 0x01, 0x80011140)
T748C 000:785.247 - 0.202ms returns 0
T748C 000:785.255 JLINK_CORESIGHT_ReadAPDPReg(AP reg 0x03)
T748C 000:785.553   Value=0x00000000
T748C 000:785.561 - 0.306ms returns 0
T748C 000:785.649 JLINK_CORESIGHT_WriteAPDPReg(AP reg 0x00, 0x80000002)
T748C 000:785.859 - 0.209ms returns 0
T748C 000:785.868 JLINK_CORESIGHT_WriteAPDPReg(AP reg 0x01, 0x80011130)
T748C 000:786.069 - 0.201ms returns 0
T748C 000:786.080 JLINK_CORESIGHT_ReadAPDPReg(AP reg 0x03)
T748C 000:786.328   Value=0x545D4D77
T748C 000:786.336 - 0.256ms returns 0
T748C 000:786.343 JLINK_CORESIGHT_WriteAPDPReg(AP reg 0x00, 0x80000002)
T748C 000:786.552 - 0.208ms returns 0
T748C 000:786.560 JLINK_CORESIGHT_WriteAPDPReg(AP reg 0x01, 0x80011140)
T748C 000:786.754 - 0.194ms returns 0
T748C 000:786.762 JLINK_CORESIGHT_ReadAPDPReg(AP reg 0x03)
T748C 000:787.010   Value=0x00000000
T748C 000:787.020 - 0.258ms returns 0
T748C 000:787.029 JLINK_CORESIGHT_WriteAPDPReg(AP reg 0x00, 0x80000002)
T748C 000:787.229 - 0.199ms returns 0
T748C 000:787.239 JLINK_CORESIGHT_WriteAPDPReg(AP reg 0x01, 0x80011130)
T748C 000:787.439 - 0.200ms returns 0
T748C 000:787.448 JLINK_CORESIGHT_ReadAPDPReg(AP reg 0x03)
T748C 000:787.726   Value=0x37395636
T748C 000:787.737 - 0.288ms returns 0
T748C 000:787.744 JLINK_CORESIGHT_WriteAPDPReg(AP reg 0x00, 0x80000002)
T748C 000:787.938 - 0.193ms returns 0
T748C 000:787.948 JLINK_CORESIGHT_WriteAPDPReg(AP reg 0x01, 0x80011140)
T748C 000:788.148 - 0.199ms returns 0
T748C 000:788.158 JLINK_CORESIGHT_ReadAPDPReg(AP reg 0x03)
T748C 000:788.420   Value=0x00000000
T748C 000:788.430 - 0.272ms returns 0
T748C 000:788.438 JLINK_CORESIGHT_WriteAPDPReg(AP reg 0x00, 0x80000002)
T748C 000:788.688 - 0.250ms returns 0
T748C 000:788.698 JLINK_CORESIGHT_WriteAPDPReg(AP reg 0x01, 0x80011130)
T748C 000:788.890 - 0.191ms returns 0
T748C 000:788.900 JLINK_CORESIGHT_ReadAPDPReg(AP reg 0x03)
T748C 000:790.652   Value=0x73012D34
T748C 000:790.673 - 1.773ms returns 0
T748C 000:790.684 JLINK_CORESIGHT_WriteAPDPReg(AP reg 0x00, 0x80000002)
T748C 000:790.939 - 0.255ms returns 0
T748C 000:790.951 JLINK_CORESIGHT_WriteAPDPReg(AP reg 0x01, 0x80011140)
T748C 000:791.168 - 0.217ms returns 0
T748C 000:791.178 JLINK_CORESIGHT_ReadAPDPReg(AP reg 0x03)
T748C 000:791.447   Value=0x00000000
T748C 000:791.456 - 0.278ms returns 0
T748C 000:791.465 JLINK_CORESIGHT_WriteAPDPReg(AP reg 0x00, 0x80000002)
T748C 000:791.697 - 0.232ms returns 0
T748C 000:791.707 JLINK_CORESIGHT_WriteAPDPReg(AP reg 0x01, 0x80011130)
T748C 000:791.946 - 0.238ms returns 0
T748C 000:791.969 JLINK_CORESIGHT_ReadAPDPReg(AP reg 0x03)
T748C 000:792.544   Value=0x4B375280
T748C 000:792.557 - 0.588ms returns 0
T748C 000:792.566 JLINK_CORESIGHT_WriteAPDPReg(AP reg 0x00, 0x80000002)
T748C 000:792.799 - 0.232ms returns 0
T748C 000:792.811 JLINK_CORESIGHT_WriteAPDPReg(AP reg 0x01, 0x80011140)
T748C 000:793.084 - 0.272ms returns 0
T748C 000:793.106 JLINK_CORESIGHT_ReadAPDPReg(AP reg 0x03)
T748C 000:793.390   Value=0x00000000
T748C 000:793.411 - 0.304ms returns 0
T748C 000:793.422 JLINK_CORESIGHT_WriteAPDPReg(AP reg 0x00, 0x80000002)
T748C 000:793.678 - 0.255ms returns 0
T748C 000:793.698 JLINK_CORESIGHT_WriteAPDPReg(AP reg 0x01, 0x80011130)
T748C 000:793.934 - 0.235ms returns 0
T748C 000:793.943 JLINK_CORESIGHT_ReadAPDPReg(AP reg 0x03)
T748C 000:794.248   Value=0x32543841
T748C 000:794.257 - 0.313ms returns 0
T748C 000:794.263 JLINK_CORESIGHT_WriteAPDPReg(AP reg 0x00, 0x80000002)
T748C 000:794.483 - 0.219ms returns 0
T748C 000:794.491 JLINK_CORESIGHT_WriteAPDPReg(AP reg 0x01, 0x80011140)
T748C 000:794.702 - 0.210ms returns 0
T748C 000:794.722 JLINK_CORESIGHT_ReadAPDPReg(AP reg 0x03)
T748C 000:794.998   Value=0x00000000
T748C 000:795.011 - 0.289ms returns 0
T748C 000:795.020 JLINK_CORESIGHT_WriteAPDPReg(AP reg 0x00, 0x80000002)
T748C 000:795.231 - 0.211ms returns 0
T748C 000:795.243 JLINK_CORESIGHT_WriteAPDPReg(AP reg 0x01, 0x80011130)
T748C 000:795.449 - 0.206ms returns 0
T748C 000:795.458 JLINK_CORESIGHT_ReadAPDPReg(AP reg 0x03)
T748C 000:795.728   Value=0x434C464C
T748C 000:795.737 - 0.278ms returns 0
T748C 000:795.744 JLINK_CORESIGHT_WriteAPDPReg(AP reg 0x00, 0x80000002)
T748C 000:795.941 - 0.196ms returns 0
T748C 000:795.956 JLINK_CORESIGHT_WriteAPDPReg(AP reg 0x01, 0x80011140)
T748C 000:796.177 - 0.221ms returns 0
T748C 000:796.188 JLINK_CORESIGHT_ReadAPDPReg(AP reg 0x03)
T748C 000:796.433   Value=0x00000000
T748C 000:796.442 - 0.254ms returns 0
T748C 000:796.449 JLINK_CORESIGHT_WriteAPDPReg(AP reg 0x00, 0x80000002)
T748C 000:796.687 - 0.238ms returns 0
T748C 000:796.697 JLINK_CORESIGHT_WriteAPDPReg(AP reg 0x01, 0x80011130)
T748C 000:796.892 - 0.194ms returns 0
T748C 000:796.902 JLINK_CORESIGHT_ReadAPDPReg(AP reg 0x03)
T748C 000:797.163   Value=0x20204341
T748C 000:797.174 - 0.272ms returns 0
T748C 000:797.182 JLINK_CORESIGHT_WriteAPDPReg(AP reg 0x00, 0x80000002)
T748C 000:797.422 - 0.239ms returns 0
T748C 000:797.443 JLINK_CORESIGHT_WriteAPDPReg(AP reg 0x01, 0x80011140)
T748C 000:797.707 - 0.263ms returns 0
T748C 000:797.742 JLINK_CORESIGHT_ReadAPDPReg(AP reg 0x03)
T748C 000:798.049   Value=0x00000000
T748C 000:798.065 - 0.322ms returns 0
T748C 000:798.079 JLINK_CORESIGHT_WriteAPDPReg(AP reg 0x00, 0x80000002)
T748C 000:798.302 - 0.222ms returns 0
T748C 000:798.314 JLINK_CORESIGHT_WriteAPDPReg(AP reg 0x01, 0x80011130)
T748C 000:798.551 - 0.236ms returns 0
T748C 000:798.563 JLINK_CORESIGHT_ReadAPDPReg(AP reg 0x03)
T748C 000:798.832   Value=0x00039720
T748C 000:798.841 - 0.277ms returns 0
T748C 000:799.532 JLINK_CORESIGHT_WriteAPDPReg(AP reg 0x00, 0x80000002)
T748C 000:799.752 - 0.219ms returns 0
T748C 000:799.762 JLINK_CORESIGHT_WriteAPDPReg(AP reg 0x01, 0x80011140)
T748C 000:799.972 - 0.209ms returns 0
T748C 000:799.982 JLINK_CORESIGHT_ReadAPDPReg(AP reg 0x03)
T748C 000:800.238   Value=0x00000002
T748C 000:800.250 - 0.267ms returns 0
T748C 000:800.260 JLINK_CORESIGHT_WriteAPDPReg(AP reg 0x00, 0x80000002)
T748C 000:800.454 - 0.194ms returns 0
T748C 000:800.463 JLINK_CORESIGHT_WriteAPDPReg(AP reg 0x01, 0x80011120)
T748C 000:800.688 - 0.225ms returns 0
T748C 000:800.699 JLINK_CORESIGHT_WriteAPDPReg(AP reg 0x03, 0x39020001)
T748C 000:800.907 - 0.208ms returns 0
T748C 000:800.917 JLINK_CORESIGHT_WriteAPDPReg(AP reg 0x00, 0x80000002)
T748C 000:801.130 - 0.213ms returns 0
T748C 000:801.139 JLINK_CORESIGHT_WriteAPDPReg(AP reg 0x01, 0x80011140)
T748C 000:801.342 - 0.202ms returns 0
T748C 000:801.352 JLINK_CORESIGHT_ReadAPDPReg(AP reg 0x03)
T748C 000:801.615   Value=0x00000002
T748C 000:801.623 - 0.271ms returns 0
T748C 000:801.630 JLINK_CORESIGHT_WriteAPDPReg(AP reg 0x00, 0x80000002)
T748C 000:801.816 - 0.186ms returns 0
T748C 000:801.824 JLINK_CORESIGHT_WriteAPDPReg(AP reg 0x01, 0x80011120)
T748C 000:802.019 - 0.195ms returns 0
T748C 000:802.027 JLINK_CORESIGHT_WriteAPDPReg(AP reg 0x03, 0x0003B312)
T748C 000:802.223 - 0.195ms returns 0
T748C 000:802.233 JLINK_CORESIGHT_WriteAPDPReg(AP reg 0x00, 0x80000002)
T748C 000:802.428 - 0.194ms returns 0
T748C 000:802.436 JLINK_CORESIGHT_WriteAPDPReg(AP reg 0x01, 0x80011140)
T748C 000:802.690 - 0.253ms returns 0
T748C 000:802.699 JLINK_CORESIGHT_ReadAPDPReg(AP reg 0x03)
T748C 000:802.943   Value=0x00000000
T748C 000:802.952 - 0.253ms returns 0
T748C 000:802.959 JLINK_CORESIGHT_WriteAPDPReg(AP reg 0x00, 0x80000002)
T748C 000:803.153 - 0.194ms returns 0
T748C 000:803.161 JLINK_CORESIGHT_WriteAPDPReg(AP reg 0x01, 0x80011130)
T748C 000:803.355 - 0.194ms returns 0
T748C 000:803.364 JLINK_CORESIGHT_ReadAPDPReg(AP reg 0x03)
T748C 000:803.614   Value=0xB90A0081
T748C 000:803.623 - 0.259ms returns 0
T748C 000:803.629 JLINK_CORESIGHT_WriteAPDPReg(AP reg 0x00, 0x80000002)
T748C 000:803.816 - 0.186ms returns 0
T748C 000:803.825 JLINK_CORESIGHT_WriteAPDPReg(AP reg 0x01, 0x80011140)
T748C 000:804.029 - 0.204ms returns 0
T748C 000:804.039 JLINK_CORESIGHT_ReadAPDPReg(AP reg 0x03)
T748C 000:804.296   Value=0x00000000
T748C 000:804.307 - 0.268ms returns 0
T748C 000:804.315 JLINK_CORESIGHT_WriteAPDPReg(AP reg 0x00, 0x80000002)
T748C 000:804.560 - 0.244ms returns 0
T748C 000:804.569 JLINK_CORESIGHT_WriteAPDPReg(AP reg 0x01, 0x80011130)
T748C 000:804.810 - 0.240ms returns 0
T748C 000:804.823 JLINK_CORESIGHT_ReadAPDPReg(AP reg 0x03)
T748C 000:805.080   Value=0xFFFFFFC0
T748C 000:805.096 - 0.273ms returns 0
T748C 000:805.102 JLINK_CORESIGHT_WriteAPDPReg(AP reg 0x00, 0x80000002)
T748C 000:805.302 - 0.200ms returns 0
T748C 000:805.312 JLINK_CORESIGHT_WriteAPDPReg(AP reg 0x01, 0x80011140)
T748C 000:805.551 - 0.240ms returns 0
T748C 000:805.561 JLINK_CORESIGHT_ReadAPDPReg(AP reg 0x03)
T748C 000:805.837   Value=0x00000000
T748C 000:805.857 - 0.296ms returns 0
T748C 000:805.868 JLINK_CORESIGHT_WriteAPDPReg(AP reg 0x00, 0x80000002)
T748C 000:806.107 - 0.238ms returns 0
T748C 000:806.118 JLINK_CORESIGHT_WriteAPDPReg(AP reg 0x01, 0x80011130)
T748C 000:806.331 - 0.213ms returns 0
T748C 000:806.342 JLINK_CORESIGHT_ReadAPDPReg(AP reg 0x03)
T748C 000:806.606   Value=0xFFFFFFFF
T748C 000:806.617 - 0.274ms returns 0
T748C 000:806.625 JLINK_CORESIGHT_WriteAPDPReg(AP reg 0x00, 0x80000002)
T748C 000:806.833 - 0.208ms returns 0
T748C 000:806.843 JLINK_CORESIGHT_WriteAPDPReg(AP reg 0x01, 0x80011140)
T748C 000:807.036 - 0.193ms returns 0
T748C 000:807.047 JLINK_CORESIGHT_ReadAPDPReg(AP reg 0x03)
T748C 000:807.304   Value=0x00000000
T748C 000:807.314 - 0.267ms returns 0
T748C 000:807.322 JLINK_CORESIGHT_WriteAPDPReg(AP reg 0x00, 0x80000002)
T748C 000:807.545 - 0.223ms returns 0
T748C 000:807.554 JLINK_CORESIGHT_WriteAPDPReg(AP reg 0x01, 0x80011130)
T748C 000:807.727 - 0.173ms returns 0
T748C 000:807.735 JLINK_CORESIGHT_ReadAPDPReg(AP reg 0x03)
T748C 000:807.983   Value=0x000385FF
T748C 000:807.992 - 0.256ms returns 0
T748C 000:808.664 JLINK_CORESIGHT_WriteAPDPReg(AP reg 0x00, 0x80000002)
T748C 000:808.915 - 0.252ms returns 0
T748C 000:808.925 JLINK_CORESIGHT_WriteAPDPReg(AP reg 0x01, 0x80011140)
T748C 000:809.137 - 0.211ms returns 0
T748C 000:809.146 JLINK_CORESIGHT_ReadAPDPReg(AP reg 0x03)
T748C 000:809.406   Value=0x00000002
T748C 000:809.414 - 0.267ms returns 0
T748C 000:809.421 JLINK_CORESIGHT_WriteAPDPReg(AP reg 0x00, 0x80000002)
T748C 000:809.673 - 0.252ms returns 0
T748C 000:809.682 JLINK_CORESIGHT_WriteAPDPReg(AP reg 0x01, 0x80011120)
T748C 000:809.876 - 0.194ms returns 0
T748C 000:809.884 JLINK_CORESIGHT_WriteAPDPReg(AP reg 0x03, 0x2C010001)
T748C 000:810.083 - 0.199ms returns 0
T748C 000:810.092 JLINK_CORESIGHT_WriteAPDPReg(AP reg 0x00, 0x80000002)
T748C 000:810.288 - 0.196ms returns 0
T748C 000:810.297 JLINK_CORESIGHT_WriteAPDPReg(AP reg 0x01, 0x80011140)
T748C 000:810.552 - 0.255ms returns 0
T748C 000:810.560 JLINK_CORESIGHT_ReadAPDPReg(AP reg 0x03)
T748C 000:810.808   Value=0x00000002
T748C 000:810.816 - 0.256ms returns 0
T748C 000:810.823 JLINK_CORESIGHT_WriteAPDPReg(AP reg 0x00, 0x80000002)
T748C 000:811.017 - 0.194ms returns 0
T748C 000:811.026 JLINK_CORESIGHT_WriteAPDPReg(AP reg 0x01, 0x80011120)
T748C 000:811.215 - 0.189ms returns 0
T748C 000:811.224 JLINK_CORESIGHT_WriteAPDPReg(AP reg 0x03, 0x000003D3)
T748C 000:811.425 - 0.201ms returns 0
T748C 000:811.435 JLINK_CORESIGHT_WriteAPDPReg(AP reg 0x00, 0x80000002)
T748C 000:811.685 - 0.249ms returns 0
T748C 000:811.693 JLINK_CORESIGHT_WriteAPDPReg(AP reg 0x01, 0x80011140)
T748C 000:811.889 - 0.196ms returns 0
T748C 000:811.898 JLINK_CORESIGHT_ReadAPDPReg(AP reg 0x03)
T748C 000:812.142   Value=0x00000000
T748C 000:812.150 - 0.252ms returns 0
T748C 000:812.157 JLINK_CORESIGHT_WriteAPDPReg(AP reg 0x00, 0x80000002)
T748C 000:812.352 - 0.195ms returns 0
T748C 000:812.361 JLINK_CORESIGHT_WriteAPDPReg(AP reg 0x01, 0x80011130)
T748C 000:812.558 - 0.198ms returns 0
T748C 000:812.566 JLINK_CORESIGHT_ReadAPDPReg(AP reg 0x03)
T748C 000:812.807   Value=0x2C020081
T748C 000:812.816 - 0.249ms returns 0
T748C 000:812.822 JLINK_CORESIGHT_WriteAPDPReg(AP reg 0x00, 0x80000002)
T748C 000:813.021 - 0.198ms returns 0
T748C 000:813.040 JLINK_CORESIGHT_WriteAPDPReg(AP reg 0x01, 0x80011140)
T748C 000:813.296 - 0.256ms returns 0
T748C 000:813.307 JLINK_CORESIGHT_ReadAPDPReg(AP reg 0x03)
T748C 000:813.611   Value=0x00000000
T748C 000:813.632 - 0.325ms returns 0
T748C 000:813.643 JLINK_CORESIGHT_WriteAPDPReg(AP reg 0x00, 0x80000002)
T748C 000:813.868 - 0.225ms returns 0
T748C 000:813.892 JLINK_CORESIGHT_WriteAPDPReg(AP reg 0x01, 0x80011130)
T748C 000:815.175 - 1.282ms returns 0
T748C 000:815.192 JLINK_CORESIGHT_ReadAPDPReg(AP reg 0x03)
T748C 000:815.467   Value=0x0003CE04
T748C 000:815.476 - 0.284ms returns 0
T748C 000:815.489 JLINK_CORESIGHT_WriteAPDPReg(AP reg 0x00, 0x80000002)
T748C 000:815.698 - 0.208ms returns 0
T748C 000:815.706 JLINK_CORESIGHT_WriteAPDPReg(AP reg 0x01, 0x80011140)
T748C 000:815.894 - 0.187ms returns 0
T748C 000:815.904 JLINK_CORESIGHT_ReadAPDPReg(AP reg 0x03)
T748C 000:816.163   Value=0x00000002
T748C 000:816.174 - 0.270ms returns 0
T748C 000:816.182 JLINK_CORESIGHT_WriteAPDPReg(AP reg 0x00, 0x80000002)
T748C 000:816.387 - 0.204ms returns 0
T748C 000:816.397 JLINK_CORESIGHT_WriteAPDPReg(AP reg 0x01, 0x80011120)
T748C 000:816.595 - 0.197ms returns 0
T748C 000:816.605 JLINK_CORESIGHT_WriteAPDPReg(AP reg 0x03, 0x73010001)
T748C 000:816.809 - 0.204ms returns 0
T748C 000:816.820 JLINK_CORESIGHT_WriteAPDPReg(AP reg 0x00, 0x80000002)
T748C 000:817.040 - 0.220ms returns 0
T748C 000:817.048 JLINK_CORESIGHT_WriteAPDPReg(AP reg 0x01, 0x80011140)
T748C 000:817.245 - 0.196ms returns 0
T748C 000:817.253 JLINK_CORESIGHT_ReadAPDPReg(AP reg 0x03)
T748C 000:817.485   Value=0x00000002
T748C 000:817.494 - 0.240ms returns 0
T748C 000:817.501 JLINK_CORESIGHT_WriteAPDPReg(AP reg 0x00, 0x80000002)
T748C 000:817.688 - 0.187ms returns 0
T748C 000:817.696 JLINK_CORESIGHT_WriteAPDPReg(AP reg 0x01, 0x80011120)
T748C 000:817.911 - 0.215ms returns 0
T748C 000:817.919 JLINK_CORESIGHT_WriteAPDPReg(AP reg 0x03, 0x0000038C)
T748C 000:818.129 - 0.209ms returns 0
T748C 000:818.137 JLINK_CORESIGHT_WriteAPDPReg(AP reg 0x00, 0x80000002)
T748C 000:818.319 - 0.182ms returns 0
T748C 000:818.327 JLINK_CORESIGHT_WriteAPDPReg(AP reg 0x01, 0x80011140)
T748C 000:818.552 - 0.225ms returns 0
T748C 000:818.561 JLINK_CORESIGHT_ReadAPDPReg(AP reg 0x03)
T748C 000:818.807   Value=0x00000002
T748C 000:818.816 - 0.254ms returns 0
T748C 000:818.822 JLINK_CORESIGHT_ReadAPDPReg(AP reg 0x03)
T748C 000:819.053   Value=0x00000002
T748C 000:819.062 - 0.240ms returns 0
T748C 000:819.069 JLINK_CORESIGHT_ReadAPDPReg(AP reg 0x03)
T748C 000:819.297   Value=0x00000002
T748C 000:819.306 - 0.237ms returns 0
T748C 000:819.312 JLINK_CORESIGHT_ReadAPDPReg(AP reg 0x03)
T748C 000:819.557   Value=0x00000002
T748C 000:819.566 - 0.253ms returns 0
T748C 000:819.572 JLINK_CORESIGHT_ReadAPDPReg(AP reg 0x03)
T748C 000:819.806   Value=0x00000002
T748C 000:819.815 - 0.243ms returns 0
T748C 000:819.821 JLINK_CORESIGHT_ReadAPDPReg(AP reg 0x03)
T748C 000:820.060   Value=0x00000002
T748C 000:820.070 - 0.248ms returns 0
T748C 000:820.076 JLINK_CORESIGHT_ReadAPDPReg(AP reg 0x03)
T748C 000:820.318   Value=0x00000002
T748C 000:820.327 - 0.251ms returns 0
T748C 000:820.334 JLINK_CORESIGHT_ReadAPDPReg(AP reg 0x03)
T748C 000:820.574   Value=0x00000002
T748C 000:820.583 - 0.249ms returns 0
T748C 000:820.589 JLINK_CORESIGHT_ReadAPDPReg(AP reg 0x03)
T748C 000:820.832   Value=0x00000002
T748C 000:820.841 - 0.252ms returns 0
T748C 000:820.847 JLINK_CORESIGHT_ReadAPDPReg(AP reg 0x03)
T748C 000:821.084   Value=0x00000002
T748C 000:821.093 - 0.245ms returns 0
T748C 000:821.099 JLINK_CORESIGHT_ReadAPDPReg(AP reg 0x03)
T748C 000:821.344   Value=0x00000000
T748C 000:821.352 - 0.253ms returns 0
T748C 000:821.359 JLINK_CORESIGHT_WriteAPDPReg(AP reg 0x00, 0x80000002)
T748C 000:821.558 - 0.199ms returns 0
T748C 000:821.567 JLINK_CORESIGHT_WriteAPDPReg(AP reg 0x01, 0x80011130)
T748C 000:821.759 - 0.192ms returns 0
T748C 000:821.767 JLINK_CORESIGHT_ReadAPDPReg(AP reg 0x03)
T748C 000:822.016   Value=0x73020081
T748C 000:822.025 - 0.257ms returns 0
T748C 000:822.031 JLINK_CORESIGHT_WriteAPDPReg(AP reg 0x00, 0x80000002)
T748C 000:822.236 - 0.204ms returns 0
T748C 000:822.243 JLINK_CORESIGHT_WriteAPDPReg(AP reg 0x01, 0x80011140)
T748C 000:824.190 - 1.946ms returns 0
T748C 000:824.215 JLINK_CORESIGHT_ReadAPDPReg(AP reg 0x03)
T748C 000:824.499   Value=0x00000000
T748C 000:828.469 - 4.254ms returns 0
T748C 000:828.537 JLINK_CORESIGHT_WriteAPDPReg(AP reg 0x00, 0x80000002)
T748C 000:828.772 - 0.234ms returns 0
T748C 000:828.794 JLINK_CORESIGHT_WriteAPDPReg(AP reg 0x01, 0x80011130)
T748C 000:829.031 - 0.236ms returns 0
T748C 000:829.046 JLINK_CORESIGHT_ReadAPDPReg(AP reg 0x03)
T748C 000:829.319   Value=0x00038902
T748C 000:829.336 - 0.290ms returns 0
T748C 000:829.949 JLINK_CORESIGHT_WriteAPDPReg(AP reg 0x00, 0x80000002)
T748C 000:830.176 - 0.227ms returns 0
T748C 000:830.187 JLINK_CORESIGHT_WriteAPDPReg(AP reg 0x01, 0x80011140)
T748C 000:830.394 - 0.207ms returns 0
T748C 000:830.404 JLINK_CORESIGHT_ReadAPDPReg(AP reg 0x03)
T748C 000:830.807   Value=0x00000002
T748C 000:830.826 - 0.421ms returns 0
T748C 000:830.836 JLINK_CORESIGHT_WriteAPDPReg(AP reg 0x00, 0x80000002)
T748C 000:831.121 - 0.284ms returns 0
T748C 000:831.141 JLINK_CORESIGHT_WriteAPDPReg(AP reg 0x01, 0x80011120)
T748C 000:831.351 - 0.210ms returns 0
T748C 000:831.363 JLINK_CORESIGHT_WriteAPDPReg(AP reg 0x03, 0x75010001)
T748C 000:831.578 - 0.215ms returns 0
T748C 000:831.588 JLINK_CORESIGHT_WriteAPDPReg(AP reg 0x00, 0x80000002)
T748C 000:831.810 - 0.221ms returns 0
T748C 000:831.820 JLINK_CORESIGHT_WriteAPDPReg(AP reg 0x01, 0x80011140)
T748C 000:832.040 - 0.219ms returns 0
T748C 000:832.050 JLINK_CORESIGHT_ReadAPDPReg(AP reg 0x03)
T748C 000:832.347   Value=0x00000002
T748C 000:832.367 - 0.317ms returns 0
T748C 000:832.378 JLINK_CORESIGHT_WriteAPDPReg(AP reg 0x00, 0x80000002)
T748C 000:832.654 - 0.276ms returns 0
T748C 000:832.672 JLINK_CORESIGHT_WriteAPDPReg(AP reg 0x01, 0x80011120)
T748C 000:832.930 - 0.257ms returns 0
T748C 000:832.939 JLINK_CORESIGHT_WriteAPDPReg(AP reg 0x03, 0x0000038A)
T748C 000:833.188 - 0.248ms returns 0
T748C 000:833.204 JLINK_CORESIGHT_WriteAPDPReg(AP reg 0x00, 0x80000002)
T748C 000:833.430 - 0.225ms returns 0
T748C 000:833.438 JLINK_CORESIGHT_WriteAPDPReg(AP reg 0x01, 0x80011140)
T748C 000:833.690 - 0.251ms returns 0
T748C 000:833.698 JLINK_CORESIGHT_ReadAPDPReg(AP reg 0x03)
T748C 000:833.933   Value=0x00000002
T748C 000:833.943 - 0.244ms returns 0
T748C 000:833.951 JLINK_CORESIGHT_ReadAPDPReg(AP reg 0x03)
T748C 000:834.191   Value=0x00000002
T748C 000:834.200 - 0.250ms returns 0
T748C 000:834.208 JLINK_CORESIGHT_ReadAPDPReg(AP reg 0x03)
T748C 000:834.452   Value=0x00000002
T748C 000:834.470 - 0.261ms returns 0
T748C 000:834.480 JLINK_CORESIGHT_ReadAPDPReg(AP reg 0x03)
T748C 000:834.741   Value=0x00000002
T748C 000:834.753 - 0.273ms returns 0
T748C 000:834.761 JLINK_CORESIGHT_ReadAPDPReg(AP reg 0x03)
T748C 000:835.002   Value=0x00000002
T748C 000:835.011 - 0.249ms returns 0
T748C 000:835.017 JLINK_CORESIGHT_ReadAPDPReg(AP reg 0x03)
T748C 000:835.258   Value=0x00000002
T748C 000:835.267 - 0.250ms returns 0
T748C 000:835.274 JLINK_CORESIGHT_ReadAPDPReg(AP reg 0x03)
T748C 000:835.552   Value=0x00000002
T748C 000:835.560 - 0.286ms returns 0
T748C 000:835.567 JLINK_CORESIGHT_ReadAPDPReg(AP reg 0x03)
T748C 000:835.807   Value=0x00000002
T748C 000:835.816 - 0.249ms returns 0
T748C 000:835.823 JLINK_CORESIGHT_ReadAPDPReg(AP reg 0x03)
T748C 000:836.051   Value=0x00000002
T748C 000:836.060 - 0.237ms returns 0
T748C 000:836.067 JLINK_CORESIGHT_ReadAPDPReg(AP reg 0x03)
T748C 000:836.311   Value=0x00000002
T748C 000:836.320 - 0.253ms returns 0
T748C 000:836.327 JLINK_CORESIGHT_ReadAPDPReg(AP reg 0x03)
T748C 000:836.570   Value=0x00000002
T748C 000:836.580 - 0.253ms returns 0
T748C 000:836.586 JLINK_CORESIGHT_ReadAPDPReg(AP reg 0x03)
T748C 000:836.834   Value=0x00000002
T748C 000:836.842 - 0.255ms returns 0
T748C 000:836.848 JLINK_CORESIGHT_ReadAPDPReg(AP reg 0x03)
T748C 000:837.096   Value=0x00000002
T748C 000:837.104 - 0.256ms returns 0
T748C 000:837.110 JLINK_CORESIGHT_ReadAPDPReg(AP reg 0x03)
T748C 000:837.368   Value=0x00000002
T748C 000:837.378 - 0.268ms returns 0
T748C 000:837.387 JLINK_CORESIGHT_ReadAPDPReg(AP reg 0x03)
T748C 000:837.638   Value=0x00000000
T748C 000:837.650 - 0.263ms returns 0
T748C 000:837.659 JLINK_CORESIGHT_WriteAPDPReg(AP reg 0x00, 0x80000002)
T748C 000:837.877 - 0.217ms returns 0
T748C 000:837.890 JLINK_CORESIGHT_WriteAPDPReg(AP reg 0x01, 0x80011130)
T748C 000:838.088 - 0.198ms returns 0
T748C 000:838.098 JLINK_CORESIGHT_ReadAPDPReg(AP reg 0x03)
T748C 000:838.352   Value=0x75020081
T748C 000:838.362 - 0.264ms returns 0
T748C 000:838.370 JLINK_CORESIGHT_WriteAPDPReg(AP reg 0x00, 0x80000002)
T748C 000:838.577 - 0.206ms returns 0
T748C 000:838.585 JLINK_CORESIGHT_WriteAPDPReg(AP reg 0x01, 0x80011140)
T748C 000:838.777 - 0.192ms returns 0
T748C 000:838.786 JLINK_CORESIGHT_ReadAPDPReg(AP reg 0x03)
T748C 000:839.130   Value=0x00000000
T748C 000:839.141 - 0.354ms returns 0
T748C 000:839.149 JLINK_CORESIGHT_WriteAPDPReg(AP reg 0x00, 0x80000002)
T748C 000:839.369 - 0.219ms returns 0
T748C 000:839.380 JLINK_CORESIGHT_WriteAPDPReg(AP reg 0x01, 0x80011130)
T748C 000:839.595 - 0.214ms returns 0
T748C 000:839.603 JLINK_CORESIGHT_ReadAPDPReg(AP reg 0x03)
T748C 000:839.858   Value=0x00038702
T748C 000:839.866 - 0.263ms returns 0
T748C 000:839.881 JLINK_CORESIGHT_WriteAPDPReg(AP reg 0x00, 0x80000002)
T748C 000:840.079 - 0.197ms returns 0
T748C 000:840.086 JLINK_CORESIGHT_WriteAPDPReg(AP reg 0x01, 0x80011140)
T748C 000:840.306 - 0.219ms returns 0
T748C 000:840.331 JLINK_CORESIGHT_ReadAPDPReg(AP reg 0x03)
T748C 000:840.628   Value=0x00000002
T748C 000:840.687 - 0.355ms returns 0
T748C 000:840.699 JLINK_CORESIGHT_WriteAPDPReg(AP reg 0x00, 0x80000002)
T748C 000:841.100 - 0.401ms returns 0
T748C 000:841.122 JLINK_CORESIGHT_WriteAPDPReg(AP reg 0x01, 0x80011120)
T748C 000:841.379 - 0.256ms returns 0
T748C 000:841.403 JLINK_CORESIGHT_WriteAPDPReg(AP reg 0x03, 0x4F010001)
T748C 000:841.701 - 0.298ms returns 0
T748C 000:841.719 JLINK_CORESIGHT_WriteAPDPReg(AP reg 0x00, 0x80000002)
T748C 000:841.933 - 0.213ms returns 0
T748C 000:841.941 JLINK_CORESIGHT_WriteAPDPReg(AP reg 0x01, 0x80011140)
T748C 000:842.166 - 0.224ms returns 0
T748C 000:842.175 JLINK_CORESIGHT_ReadAPDPReg(AP reg 0x03)
T748C 000:842.429   Value=0x00000002
T748C 000:842.438 - 0.263ms returns 0
T748C 000:842.445 JLINK_CORESIGHT_WriteAPDPReg(AP reg 0x00, 0x80000002)
T748C 000:842.690 - 0.245ms returns 0
T748C 000:842.699 JLINK_CORESIGHT_WriteAPDPReg(AP reg 0x01, 0x80011120)
T748C 000:842.920 - 0.220ms returns 0
T748C 000:842.941 JLINK_CORESIGHT_WriteAPDPReg(AP reg 0x03, 0x000003B0)
T748C 000:843.167 - 0.225ms returns 0
T748C 000:843.178 JLINK_CORESIGHT_WriteAPDPReg(AP reg 0x00, 0x80000002)
T748C 000:843.372 - 0.193ms returns 0
T748C 000:843.379 JLINK_CORESIGHT_WriteAPDPReg(AP reg 0x01, 0x80011140)
T748C 000:843.586 - 0.207ms returns 0
T748C 000:843.594 JLINK_CORESIGHT_ReadAPDPReg(AP reg 0x03)
T748C 000:843.859   Value=0x00000002
T748C 000:843.868 - 0.273ms returns 0
T748C 000:843.874 JLINK_CORESIGHT_ReadAPDPReg(AP reg 0x03)
T748C 000:844.112   Value=0x00000002
T748C 000:844.121 - 0.246ms returns 0
T748C 000:844.127 JLINK_CORESIGHT_ReadAPDPReg(AP reg 0x03)
T748C 000:844.379   Value=0x00000002
T748C 000:844.387 - 0.259ms returns 0
T748C 000:844.394 JLINK_CORESIGHT_ReadAPDPReg(AP reg 0x03)
T748C 000:844.669   Value=0x00000002
T748C 000:844.680 - 0.285ms returns 0
T748C 000:844.687 JLINK_CORESIGHT_ReadAPDPReg(AP reg 0x03)
T748C 000:844.937   Value=0x00000002
T748C 000:844.947 - 0.260ms returns 0
T748C 000:844.953 JLINK_CORESIGHT_ReadAPDPReg(AP reg 0x03)
T748C 000:845.202   Value=0x00000002
T748C 000:845.213 - 0.260ms returns 0
T748C 000:845.220 JLINK_CORESIGHT_ReadAPDPReg(AP reg 0x03)
T748C 000:845.467   Value=0x00000002
T748C 000:845.476 - 0.256ms returns 0
T748C 000:845.483 JLINK_CORESIGHT_ReadAPDPReg(AP reg 0x03)
T748C 000:845.720   Value=0x00000002
T748C 000:845.729 - 0.246ms returns 0
T748C 000:845.736 JLINK_CORESIGHT_ReadAPDPReg(AP reg 0x03)
T748C 000:845.967   Value=0x00000002
T748C 000:845.976 - 0.240ms returns 0
T748C 000:845.983 JLINK_CORESIGHT_ReadAPDPReg(AP reg 0x03)
T748C 000:846.214   Value=0x00000002
T748C 000:846.226 - 0.244ms returns 0
T748C 000:846.233 JLINK_CORESIGHT_ReadAPDPReg(AP reg 0x03)
T748C 000:846.484   Value=0x00000002
T748C 000:846.503 - 0.270ms returns 0
T748C 000:846.512 JLINK_CORESIGHT_ReadAPDPReg(AP reg 0x03)
T748C 000:846.771   Value=0x00000002
T748C 000:846.791 - 0.278ms returns 0
T748C 000:846.801 JLINK_CORESIGHT_ReadAPDPReg(AP reg 0x03)
T748C 000:847.059   Value=0x00000002
T748C 000:847.069 - 0.268ms returns 0
T748C 000:847.077 JLINK_CORESIGHT_ReadAPDPReg(AP reg 0x03)
T748C 000:847.327   Value=0x00000002
T748C 000:847.338 - 0.260ms returns 0
T748C 000:847.346 JLINK_CORESIGHT_ReadAPDPReg(AP reg 0x03)
T748C 000:847.629   Value=0x00000000
T748C 000:847.651 - 0.305ms returns 0
T748C 000:847.662 JLINK_CORESIGHT_WriteAPDPReg(AP reg 0x00, 0x80000002)
T748C 000:847.906 - 0.243ms returns 0
T748C 000:847.930 JLINK_CORESIGHT_WriteAPDPReg(AP reg 0x01, 0x80011130)
T748C 000:848.166 - 0.236ms returns 0
T748C 000:848.187 JLINK_CORESIGHT_ReadAPDPReg(AP reg 0x03)
T748C 000:848.493   Value=0x4F0B0081
T748C 000:848.505 - 0.318ms returns 0
T748C 000:848.514 JLINK_CORESIGHT_WriteAPDPReg(AP reg 0x00, 0x80000002)
T748C 000:848.733 - 0.220ms returns 0
T748C 000:848.742 JLINK_CORESIGHT_WriteAPDPReg(AP reg 0x01, 0x80011140)
T748C 000:848.987 - 0.245ms returns 0
T748C 000:849.002 JLINK_CORESIGHT_ReadAPDPReg(AP reg 0x03)
T748C 000:849.303   Value=0x00000000
T748C 000:849.324 - 0.321ms returns 0
T748C 000:849.335 JLINK_CORESIGHT_WriteAPDPReg(AP reg 0x00, 0x80000002)
T748C 000:849.558 - 0.222ms returns 0
T748C 000:849.577 JLINK_CORESIGHT_WriteAPDPReg(AP reg 0x01, 0x80011130)
T748C 000:849.823 - 0.245ms returns 0
T748C 000:849.841 JLINK_CORESIGHT_ReadAPDPReg(AP reg 0x03)
T748C 000:850.112   Value=0xE03F0000
T748C 000:850.133 - 0.291ms returns 0
T748C 000:850.145 JLINK_CORESIGHT_WriteAPDPReg(AP reg 0x00, 0x80000002)
T748C 000:850.372 - 0.226ms returns 0
T748C 000:850.387 JLINK_CORESIGHT_WriteAPDPReg(AP reg 0x01, 0x80011140)
T748C 000:850.604 - 0.216ms returns 0
T748C 000:850.622 JLINK_CORESIGHT_ReadAPDPReg(AP reg 0x03)
T748C 000:850.927   Value=0x00000000
T748C 000:850.936 - 0.314ms returns 0
T748C 000:850.943 JLINK_CORESIGHT_WriteAPDPReg(AP reg 0x00, 0x80000002)
T748C 000:851.156 - 0.213ms returns 0
T748C 000:851.173 JLINK_CORESIGHT_WriteAPDPReg(AP reg 0x01, 0x80011130)
T748C 000:851.388 - 0.215ms returns 0
T748C 000:851.396 JLINK_CORESIGHT_ReadAPDPReg(AP reg 0x03)
T748C 000:851.730   Value=0x00000000
T748C 000:851.743 - 0.347ms returns 0
T748C 000:851.752 JLINK_CORESIGHT_WriteAPDPReg(AP reg 0x00, 0x80000002)
T748C 000:851.972 - 0.219ms returns 0
T748C 000:851.989 JLINK_CORESIGHT_WriteAPDPReg(AP reg 0x01, 0x80011140)
T748C 000:852.209 - 0.220ms returns 0
T748C 000:852.223 JLINK_CORESIGHT_ReadAPDPReg(AP reg 0x03)
T748C 000:852.491   Value=0x00000000
T748C 000:852.501 - 0.277ms returns 0
T748C 000:852.509 JLINK_CORESIGHT_WriteAPDPReg(AP reg 0x00, 0x80000002)
T748C 000:852.703 - 0.194ms returns 0
T748C 000:852.716 JLINK_CORESIGHT_WriteAPDPReg(AP reg 0x01, 0x80011130)
T748C 000:852.933 - 0.217ms returns 0
T748C 000:852.945 JLINK_CORESIGHT_ReadAPDPReg(AP reg 0x03)
T748C 000:853.206   Value=0x03870000
T748C 000:853.214 - 0.268ms returns 0
T748C 000:853.368 JLINK_CORESIGHT_WriteAPDPReg(AP reg 0x00, 0x80000002)
T748C 000:853.601 - 0.232ms returns 0
T748C 000:853.613 JLINK_CORESIGHT_WriteAPDPReg(AP reg 0x01, 0x80011140)
T748C 000:853.820 - 0.206ms returns 0
T748C 000:853.840 JLINK_CORESIGHT_ReadAPDPReg(AP reg 0x03)
T748C 000:854.123   Value=0x00000002
T748C 000:854.135 - 0.295ms returns 0
T748C 000:854.144 JLINK_CORESIGHT_WriteAPDPReg(AP reg 0x00, 0x80000002)
T748C 000:854.366 - 0.222ms returns 0
T748C 000:854.375 JLINK_CORESIGHT_WriteAPDPReg(AP reg 0x01, 0x80011120)
T748C 000:854.613 - 0.237ms returns 0
T748C 000:854.630 JLINK_CORESIGHT_WriteAPDPReg(AP reg 0x03, 0x2C010001)
T748C 000:854.839 - 0.208ms returns 0
T748C 000:854.859 JLINK_CORESIGHT_WriteAPDPReg(AP reg 0x00, 0x80000002)
T748C 000:855.078 - 0.219ms returns 0
T748C 000:855.102 JLINK_CORESIGHT_WriteAPDPReg(AP reg 0x01, 0x80011140)
T748C 000:855.320 - 0.218ms returns 0
T748C 000:855.342 JLINK_CORESIGHT_ReadAPDPReg(AP reg 0x03)
T748C 000:855.626   Value=0x00000002
T748C 000:855.645 - 0.303ms returns 0
T748C 000:855.661 JLINK_CORESIGHT_WriteAPDPReg(AP reg 0x00, 0x80000002)
T748C 000:855.878 - 0.217ms returns 0
T748C 000:855.892 JLINK_CORESIGHT_WriteAPDPReg(AP reg 0x01, 0x80011120)
T748C 000:856.100 - 0.207ms returns 0
T748C 000:856.127 JLINK_CORESIGHT_WriteAPDPReg(AP reg 0x03, 0x000003D3)
T748C 000:856.347 - 0.219ms returns 0
T748C 000:856.371 JLINK_CORESIGHT_WriteAPDPReg(AP reg 0x00, 0x80000002)
T748C 000:856.567 - 0.196ms returns 0
T748C 000:856.593 JLINK_CORESIGHT_WriteAPDPReg(AP reg 0x01, 0x80011140)
T748C 000:856.819 - 0.225ms returns 0
T748C 000:856.848 JLINK_CORESIGHT_ReadAPDPReg(AP reg 0x03)
T748C 000:857.149   Value=0x00000000
T748C 000:857.172 - 0.323ms returns 0
T748C 000:857.193 JLINK_CORESIGHT_WriteAPDPReg(AP reg 0x00, 0x80000002)
T748C 000:857.448 - 0.254ms returns 0
T748C 000:857.475 JLINK_CORESIGHT_WriteAPDPReg(AP reg 0x01, 0x80011130)
T748C 000:857.770 - 0.294ms returns 0
T748C 000:857.799 JLINK_CORESIGHT_ReadAPDPReg(AP reg 0x03)
T748C 000:858.066   Value=0x2C020081
T748C 000:858.080 - 0.280ms returns 0
T748C 000:858.092 JLINK_CORESIGHT_WriteAPDPReg(AP reg 0x00, 0x80000002)
T748C 000:858.302 - 0.210ms returns 0
T748C 000:858.317 JLINK_CORESIGHT_WriteAPDPReg(AP reg 0x01, 0x80011140)
T748C 000:858.560 - 0.242ms returns 0
T748C 000:858.583 JLINK_CORESIGHT_ReadAPDPReg(AP reg 0x03)
T748C 000:858.867   Value=0x00000000
T748C 000:858.886 - 0.302ms returns 0
T748C 000:858.899 JLINK_CORESIGHT_WriteAPDPReg(AP reg 0x00, 0x80000002)
T748C 000:859.154 - 0.254ms returns 0
T748C 000:859.173 JLINK_CORESIGHT_WriteAPDPReg(AP reg 0x01, 0x80011130)
T748C 000:860.877 - 1.703ms returns 0
T748C 000:860.906 JLINK_CORESIGHT_ReadAPDPReg(AP reg 0x03)
T748C 000:861.186   Value=0x0003CE04
T748C 000:861.202 - 0.296ms returns 0
T748C 000:861.658 JLINK_CORESIGHT_WriteAPDPReg(AP reg 0x00, 0x80000002)
T748C 000:861.897 - 0.239ms returns 0
T748C 000:861.917 JLINK_CORESIGHT_WriteAPDPReg(AP reg 0x01, 0x80011140)
T748C 000:862.131 - 0.214ms returns 0
T748C 000:862.151 JLINK_CORESIGHT_ReadAPDPReg(AP reg 0x03)
T748C 000:862.428   Value=0x00000002
T748C 000:862.445 - 0.294ms returns 0
T748C 000:862.454 JLINK_CORESIGHT_WriteAPDPReg(AP reg 0x00, 0x80000002)
T748C 000:862.672 - 0.217ms returns 0
T748C 000:862.689 JLINK_CORESIGHT_WriteAPDPReg(AP reg 0x01, 0x80011120)
T748C 000:862.894 - 0.205ms returns 0
T748C 000:862.910 JLINK_CORESIGHT_WriteAPDPReg(AP reg 0x03, 0x73010001)
T748C 000:863.127 - 0.216ms returns 0
T748C 000:863.138 JLINK_CORESIGHT_WriteAPDPReg(AP reg 0x00, 0x80000002)
T748C 000:863.360 - 0.221ms returns 0
T748C 000:863.368 JLINK_CORESIGHT_WriteAPDPReg(AP reg 0x01, 0x80011140)
T748C 000:863.694 - 0.321ms returns 0
T748C 000:863.811 JLINK_CORESIGHT_ReadAPDPReg(AP reg 0x03)
T748C 000:865.069   Value=0x00000002
T748C 000:865.093 - 1.284ms returns 0
T748C 000:865.105 JLINK_CORESIGHT_WriteAPDPReg(AP reg 0x00, 0x80000002)
T748C 000:865.358 - 0.253ms returns 0
T748C 000:865.376 JLINK_CORESIGHT_WriteAPDPReg(AP reg 0x01, 0x80011120)
T748C 000:865.595 - 0.218ms returns 0
T748C 000:865.603 JLINK_CORESIGHT_WriteAPDPReg(AP reg 0x03, 0x0000038C)
T748C 000:865.962 - 0.359ms returns 0
T748C 000:865.984 JLINK_CORESIGHT_WriteAPDPReg(AP reg 0x00, 0x80000002)
T748C 000:866.191 - 0.206ms returns 0
T748C 000:866.209 JLINK_CORESIGHT_WriteAPDPReg(AP reg 0x01, 0x80011140)
T748C 000:866.432 - 0.223ms returns 0
T748C 000:866.454 JLINK_CORESIGHT_ReadAPDPReg(AP reg 0x03)
T748C 000:866.729   Value=0x00000002
T748C 000:866.747 - 0.293ms returns 0
T748C 000:866.758 JLINK_CORESIGHT_ReadAPDPReg(AP reg 0x03)
T748C 000:867.026   Value=0x00000002
T748C 000:867.040 - 0.282ms returns 0
T748C 000:867.050 JLINK_CORESIGHT_ReadAPDPReg(AP reg 0x03)
T748C 000:867.323   Value=0x00000002
T748C 000:867.344 - 0.294ms returns 0
T748C 000:867.354 JLINK_CORESIGHT_ReadAPDPReg(AP reg 0x03)
T748C 000:867.622   Value=0x00000002
T748C 000:867.642 - 0.287ms returns 0
T748C 000:867.652 JLINK_CORESIGHT_ReadAPDPReg(AP reg 0x03)
T748C 000:867.929   Value=0x00000002
T748C 000:867.951 - 0.299ms returns 0
T748C 000:867.961 JLINK_CORESIGHT_ReadAPDPReg(AP reg 0x03)
T748C 000:868.232   Value=0x00000002
T748C 000:868.247 - 0.286ms returns 0
T748C 000:868.257 JLINK_CORESIGHT_ReadAPDPReg(AP reg 0x03)
T748C 000:868.557   Value=0x00000002
T748C 000:868.572 - 0.315ms returns 0
T748C 000:868.582 JLINK_CORESIGHT_ReadAPDPReg(AP reg 0x03)
T748C 000:868.853   Value=0x00000002
T748C 000:868.864 - 0.282ms returns 0
T748C 000:868.873 JLINK_CORESIGHT_ReadAPDPReg(AP reg 0x03)
T748C 000:869.140   Value=0x00000002
T748C 000:869.159 - 0.286ms returns 0
T748C 000:869.170 JLINK_CORESIGHT_ReadAPDPReg(AP reg 0x03)
T748C 000:869.427   Value=0x00000000
T748C 000:869.441 - 0.271ms returns 0
T748C 000:869.451 JLINK_CORESIGHT_WriteAPDPReg(AP reg 0x00, 0x80000002)
T748C 000:869.697 - 0.245ms returns 0
T748C 000:869.718 JLINK_CORESIGHT_WriteAPDPReg(AP reg 0x01, 0x80011130)
T748C 000:869.971 - 0.252ms returns 0
T748C 000:869.989 JLINK_CORESIGHT_ReadAPDPReg(AP reg 0x03)
T748C 000:870.262   Value=0x73020081
T748C 000:870.278 - 0.289ms returns 0
T748C 000:870.287 JLINK_CORESIGHT_WriteAPDPReg(AP reg 0x00, 0x80000002)
T748C 000:870.476 - 0.188ms returns 0
T748C 000:870.487 JLINK_CORESIGHT_WriteAPDPReg(AP reg 0x01, 0x80011140)
T748C 000:870.685 - 0.198ms returns 0
T748C 000:870.699 JLINK_CORESIGHT_ReadAPDPReg(AP reg 0x03)
T748C 000:870.954   Value=0x00000000
T748C 000:870.969 - 0.270ms returns 0
T748C 000:870.978 JLINK_CORESIGHT_WriteAPDPReg(AP reg 0x00, 0x80000002)
T748C 000:871.197 - 0.218ms returns 0
T748C 000:871.214 JLINK_CORESIGHT_WriteAPDPReg(AP reg 0x01, 0x80011130)
T748C 000:871.424 - 0.209ms returns 0
T748C 000:871.442 JLINK_CORESIGHT_ReadAPDPReg(AP reg 0x03)
T748C 000:871.740   Value=0x00038902
T748C 000:871.755 - 0.313ms returns 0
T748C 000:871.768 JLINK_CORESIGHT_WriteAPDPReg(AP reg 0x00, 0x80000002)
T748C 000:872.000 - 0.231ms returns 0
T748C 000:872.011 JLINK_CORESIGHT_WriteAPDPReg(AP reg 0x01, 0x80011140)
T748C 000:872.224 - 0.213ms returns 0
T748C 000:872.241 JLINK_CORESIGHT_ReadAPDPReg(AP reg 0x03)
T748C 000:872.556   Value=0x00000002
T748C 000:872.574 - 0.333ms returns 0
T748C 000:872.584 JLINK_CORESIGHT_WriteAPDPReg(AP reg 0x00, 0x80000002)
T748C 000:872.830 - 0.245ms returns 0
T748C 000:872.852 JLINK_CORESIGHT_WriteAPDPReg(AP reg 0x01, 0x80011120)
T748C 000:873.073 - 0.220ms returns 0
T748C 000:873.090 JLINK_CORESIGHT_WriteAPDPReg(AP reg 0x03, 0x75010001)
T748C 000:873.318 - 0.228ms returns 0
T748C 000:873.338 JLINK_CORESIGHT_WriteAPDPReg(AP reg 0x00, 0x80000002)
T748C 000:873.557 - 0.219ms returns 0
T748C 000:873.573 JLINK_CORESIGHT_WriteAPDPReg(AP reg 0x01, 0x80011140)
T748C 000:873.771 - 0.198ms returns 0
T748C 000:873.780 JLINK_CORESIGHT_ReadAPDPReg(AP reg 0x03)
T748C 000:874.017   Value=0x00000002
T748C 000:874.030 - 0.249ms returns 0
T748C 000:874.038 JLINK_CORESIGHT_WriteAPDPReg(AP reg 0x00, 0x80000002)
T748C 000:874.278 - 0.240ms returns 0
T748C 000:874.292 JLINK_CORESIGHT_WriteAPDPReg(AP reg 0x01, 0x80011120)
T748C 000:874.493 - 0.200ms returns 0
T748C 000:874.503 JLINK_CORESIGHT_WriteAPDPReg(AP reg 0x03, 0x0000038A)
T748C 000:874.725 - 0.221ms returns 0
T748C 000:874.736 JLINK_CORESIGHT_WriteAPDPReg(AP reg 0x00, 0x80000002)
T748C 000:874.943 - 0.205ms returns 0
T748C 000:874.963 JLINK_CORESIGHT_WriteAPDPReg(AP reg 0x01, 0x80011140)
T748C 000:875.166 - 0.203ms returns 0
T748C 000:875.182 JLINK_CORESIGHT_ReadAPDPReg(AP reg 0x03)
T748C 000:875.454   Value=0x00000002
T748C 000:875.464 - 0.282ms returns 0
T748C 000:875.473 JLINK_CORESIGHT_ReadAPDPReg(AP reg 0x03)
T748C 000:875.738   Value=0x00000002
T748C 000:875.753 - 0.280ms returns 0
T748C 000:875.761 JLINK_CORESIGHT_ReadAPDPReg(AP reg 0x03)
T748C 000:876.021   Value=0x00000002
T748C 000:876.030 - 0.268ms returns 0
T748C 000:876.036 JLINK_CORESIGHT_ReadAPDPReg(AP reg 0x03)
T748C 000:876.271   Value=0x00000002
T748C 000:876.279 - 0.242ms returns 0
T748C 000:876.286 JLINK_CORESIGHT_ReadAPDPReg(AP reg 0x03)
T748C 000:876.562   Value=0x00000002
T748C 000:876.587 - 0.301ms returns 0
T748C 000:876.597 JLINK_CORESIGHT_ReadAPDPReg(AP reg 0x03)
T748C 000:876.840   Value=0x00000002
T748C 000:876.849 - 0.252ms returns 0
T748C 000:876.856 JLINK_CORESIGHT_ReadAPDPReg(AP reg 0x03)
T748C 000:877.098   Value=0x00000002
T748C 000:877.108 - 0.252ms returns 0
T748C 000:877.116 JLINK_CORESIGHT_ReadAPDPReg(AP reg 0x03)
T748C 000:877.356   Value=0x00000002
T748C 000:877.366 - 0.249ms returns 0
T748C 000:877.374 JLINK_CORESIGHT_ReadAPDPReg(AP reg 0x03)
T748C 000:877.618   Value=0x00000002
T748C 000:877.630 - 0.256ms returns 0
T748C 000:877.638 JLINK_CORESIGHT_ReadAPDPReg(AP reg 0x03)
T748C 000:877.890   Value=0x00000002
T748C 000:877.904 - 0.265ms returns 0
T748C 000:877.913 JLINK_CORESIGHT_ReadAPDPReg(AP reg 0x03)
T748C 000:878.184   Value=0x00000000
T748C 000:878.199 - 0.286ms returns 0
T748C 000:878.208 JLINK_CORESIGHT_WriteAPDPReg(AP reg 0x00, 0x80000002)
T748C 000:878.447 - 0.238ms returns 0
T748C 000:878.456 JLINK_CORESIGHT_WriteAPDPReg(AP reg 0x01, 0x80011130)
T748C 000:878.693 - 0.236ms returns 0
T748C 000:878.707 JLINK_CORESIGHT_ReadAPDPReg(AP reg 0x03)
T748C 000:878.962   Value=0x75020081
T748C 000:878.980 - 0.273ms returns 0
T748C 000:878.990 JLINK_CORESIGHT_WriteAPDPReg(AP reg 0x00, 0x80000002)
T748C 000:879.200 - 0.209ms returns 0
T748C 000:879.210 JLINK_CORESIGHT_WriteAPDPReg(AP reg 0x01, 0x80011140)
T748C 000:879.413 - 0.203ms returns 0
T748C 000:879.424 JLINK_CORESIGHT_ReadAPDPReg(AP reg 0x03)
T748C 000:879.706   Value=0x00000000
T748C 000:879.721 - 0.297ms returns 0
T748C 000:879.729 JLINK_CORESIGHT_WriteAPDPReg(AP reg 0x00, 0x80000002)
T748C 000:879.939 - 0.209ms returns 0
T748C 000:879.949 JLINK_CORESIGHT_WriteAPDPReg(AP reg 0x01, 0x80011130)
T748C 000:880.160 - 0.211ms returns 0
T748C 000:880.169 JLINK_CORESIGHT_ReadAPDPReg(AP reg 0x03)
T748C 000:880.415   Value=0x00038702
T748C 000:880.423 - 0.254ms returns 0
T748C 000:880.438 JLINK_CORESIGHT_WriteAPDPReg(AP reg 0x00, 0x80000002)
T748C 000:880.811 - 0.372ms returns 0
T748C 000:880.827 JLINK_CORESIGHT_WriteAPDPReg(AP reg 0x01, 0x80011140)
T748C 000:881.047 - 0.218ms returns 0
T748C 000:881.067 JLINK_CORESIGHT_ReadAPDPReg(AP reg 0x03)
T748C 000:881.348   Value=0x00000002
T748C 000:881.364 - 0.297ms returns 0
T748C 000:881.374 JLINK_CORESIGHT_WriteAPDPReg(AP reg 0x00, 0x80000002)
T748C 000:881.593 - 0.219ms returns 0
T748C 000:881.604 JLINK_CORESIGHT_WriteAPDPReg(AP reg 0x01, 0x80011120)
T748C 000:881.815 - 0.211ms returns 0
T748C 000:881.824 JLINK_CORESIGHT_WriteAPDPReg(AP reg 0x03, 0x4E0B0001)
T748C 000:882.015 - 0.191ms returns 0
T748C 000:882.024 JLINK_CORESIGHT_WriteAPDPReg(AP reg 0x00, 0x80000002)
T748C 000:882.222 - 0.198ms returns 0
T748C 000:882.242 JLINK_CORESIGHT_WriteAPDPReg(AP reg 0x01, 0x80011140)
T748C 000:882.436 - 0.193ms returns 0
T748C 000:882.445 JLINK_CORESIGHT_ReadAPDPReg(AP reg 0x03)
T748C 000:882.737   Value=0x00000002
T748C 000:882.748 - 0.303ms returns 0
T748C 000:882.755 JLINK_CORESIGHT_WriteAPDPReg(AP reg 0x00, 0x80000002)
T748C 000:882.951 - 0.196ms returns 0
T748C 000:882.960 JLINK_CORESIGHT_WriteAPDPReg(AP reg 0x01, 0x80011120)
T748C 000:883.196 - 0.236ms returns 0
T748C 000:883.205 JLINK_CORESIGHT_WriteAPDPReg(AP reg 0x03, 0x40000000)
T748C 000:883.548 - 0.342ms returns 0
T748C 000:883.557 JLINK_CORESIGHT_WriteAPDPReg(AP reg 0x00, 0x80000002)
T748C 000:883.754 - 0.197ms returns 0
T748C 000:883.762 JLINK_CORESIGHT_WriteAPDPReg(AP reg 0x01, 0x80011140)
T748C 000:883.969 - 0.207ms returns 0
T748C 000:883.978 JLINK_CORESIGHT_ReadAPDPReg(AP reg 0x03)
T748C 000:884.225   Value=0x00000002
T748C 000:884.234 - 0.256ms returns 0
T748C 000:884.241 JLINK_CORESIGHT_WriteAPDPReg(AP reg 0x00, 0x80000002)
T748C 000:884.428 - 0.187ms returns 0
T748C 000:884.437 JLINK_CORESIGHT_WriteAPDPReg(AP reg 0x01, 0x80011120)
T748C 000:884.690 - 0.253ms returns 0
T748C 000:884.698 JLINK_CORESIGHT_WriteAPDPReg(AP reg 0x03, 0x00000000)
T748C 000:884.892 - 0.194ms returns 0
T748C 000:884.901 JLINK_CORESIGHT_WriteAPDPReg(AP reg 0x00, 0x80000002)
T748C 000:885.096 - 0.194ms returns 0
T748C 000:885.108 JLINK_CORESIGHT_WriteAPDPReg(AP reg 0x01, 0x80011140)
T748C 000:885.303 - 0.194ms returns 0
T748C 000:885.312 JLINK_CORESIGHT_ReadAPDPReg(AP reg 0x03)
T748C 000:885.569   Value=0x00000002
T748C 000:885.577 - 0.265ms returns 0
T748C 000:885.585 JLINK_CORESIGHT_WriteAPDPReg(AP reg 0x00, 0x80000002)
T748C 000:885.808 - 0.223ms returns 0
T748C 000:885.816 JLINK_CORESIGHT_WriteAPDPReg(AP reg 0x01, 0x80011120)
T748C 000:886.028 - 0.212ms returns 0
T748C 000:886.037 JLINK_CORESIGHT_WriteAPDPReg(AP reg 0x03, 0x03670000)
T748C 000:886.236 - 0.198ms returns 0
T748C 000:886.244 JLINK_CORESIGHT_WriteAPDPReg(AP reg 0x00, 0x80000002)
T748C 000:886.448 - 0.203ms returns 0
T748C 000:886.455 JLINK_CORESIGHT_WriteAPDPReg(AP reg 0x01, 0x80011140)
T748C 000:886.667 - 0.212ms returns 0
T748C 000:886.675 JLINK_CORESIGHT_ReadAPDPReg(AP reg 0x03)
T748C 000:886.926   Value=0x00000002
T748C 000:886.935 - 0.259ms returns 0
T748C 000:886.959 JLINK_CORESIGHT_ReadAPDPReg(AP reg 0x03)
T748C 000:887.206   Value=0x00000002
T748C 000:887.216 - 0.257ms returns 0
T748C 000:887.231 JLINK_CORESIGHT_ReadAPDPReg(AP reg 0x03)
T748C 000:887.474   Value=0x00000002
T748C 000:887.483 - 0.252ms returns 0
T748C 000:887.493 JLINK_CORESIGHT_ReadAPDPReg(AP reg 0x03)
T748C 000:887.739   Value=0x00000002
T748C 000:887.747 - 0.254ms returns 0
T748C 000:887.756 JLINK_CORESIGHT_ReadAPDPReg(AP reg 0x03)
T748C 000:888.020   Value=0x00000002
T748C 000:888.065 - 0.308ms returns 0
T748C 000:888.086 JLINK_CORESIGHT_ReadAPDPReg(AP reg 0x03)
T748C 000:888.377   Value=0x00000002
T748C 000:888.394 - 0.308ms returns 0
T748C 000:888.410 JLINK_CORESIGHT_ReadAPDPReg(AP reg 0x03)
T748C 000:888.718   Value=0x00000002
T748C 000:888.730 - 0.320ms returns 0
T748C 000:888.743 JLINK_CORESIGHT_ReadAPDPReg(AP reg 0x03)
T748C 000:889.014   Value=0x00000002
T748C 000:889.030 - 0.287ms returns 0
T748C 000:889.045 JLINK_CORESIGHT_ReadAPDPReg(AP reg 0x03)
T748C 000:889.308   Value=0x00000002
T748C 000:889.329 - 0.283ms returns 0
T748C 000:889.347 JLINK_CORESIGHT_ReadAPDPReg(AP reg 0x03)
T748C 000:889.623   Value=0x00000002
T748C 000:889.645 - 0.297ms returns 0
T748C 000:889.664 JLINK_CORESIGHT_ReadAPDPReg(AP reg 0x03)
T748C 000:889.920   Value=0x00000002
T748C 000:889.935 - 0.270ms returns 0
T748C 000:889.947 JLINK_CORESIGHT_ReadAPDPReg(AP reg 0x03)
T748C 000:890.215   Value=0x00000002
T748C 000:890.224 - 0.277ms returns 0
T748C 000:890.235 JLINK_CORESIGHT_ReadAPDPReg(AP reg 0x03)
T748C 000:890.555   Value=0x00000002
T748C 000:890.563 - 0.328ms returns 0
T748C 000:890.573 JLINK_CORESIGHT_ReadAPDPReg(AP reg 0x03)
T748C 000:890.809   Value=0x00000002
T748C 000:890.817 - 0.244ms returns 0
T748C 000:890.827 JLINK_CORESIGHT_ReadAPDPReg(AP reg 0x03)
T748C 000:891.095   Value=0x00000002
T748C 000:891.103 - 0.276ms returns 0
T748C 000:891.113 JLINK_CORESIGHT_ReadAPDPReg(AP reg 0x03)
T748C 000:891.387   Value=0x00000002
T748C 000:891.399 - 0.285ms returns 0
T748C 000:891.409 JLINK_CORESIGHT_ReadAPDPReg(AP reg 0x03)
T748C 000:891.700   Value=0x00000002
T748C 000:891.709 - 0.300ms returns 0
T748C 000:891.719 JLINK_CORESIGHT_ReadAPDPReg(AP reg 0x03)
T748C 000:891.981   Value=0x00000002
T748C 000:892.001 - 0.282ms returns 0
T748C 000:892.018 JLINK_CORESIGHT_ReadAPDPReg(AP reg 0x03)
T748C 000:892.529   Value=0x00000002
T748C 000:892.541 - 0.522ms returns 0
T748C 000:892.552 JLINK_CORESIGHT_ReadAPDPReg(AP reg 0x03)
T748C 000:892.798   Value=0x00000002
T748C 000:892.807 - 0.255ms returns 0
T748C 000:892.817 JLINK_CORESIGHT_ReadAPDPReg(AP reg 0x03)
T748C 000:893.099   Value=0x00000002
T748C 000:893.118 - 0.301ms returns 0
T748C 000:893.134 JLINK_CORESIGHT_ReadAPDPReg(AP reg 0x03)
T748C 000:893.385   Value=0x00000000
T748C 000:893.398 - 0.264ms returns 0
T748C 000:893.410 JLINK_CORESIGHT_WriteAPDPReg(AP reg 0x00, 0x80000002)
T748C 000:893.678 - 0.268ms returns 0
T748C 000:893.689 JLINK_CORESIGHT_WriteAPDPReg(AP reg 0x01, 0x80011130)
T748C 000:893.917 - 0.227ms returns 0
T748C 000:893.945 JLINK_CORESIGHT_ReadAPDPReg(AP reg 0x03)
T748C 000:894.216   Value=0x4E0A0081
T748C 000:894.227 - 0.281ms returns 0
T748C 000:894.238 JLINK_CORESIGHT_WriteAPDPReg(AP reg 0x00, 0x80000002)
T748C 000:894.448 - 0.210ms returns 0
T748C 000:894.459 JLINK_CORESIGHT_WriteAPDPReg(AP reg 0x01, 0x80011140)
T748C 000:894.691 - 0.232ms returns 0
T748C 000:894.703 JLINK_CORESIGHT_ReadAPDPReg(AP reg 0x03)
T748C 000:894.940   Value=0x00000000
T748C 000:894.949 - 0.245ms returns 0
T748C 000:894.958 JLINK_CORESIGHT_WriteAPDPReg(AP reg 0x00, 0x80000002)
T748C 000:895.172 - 0.213ms returns 0
T748C 000:895.185 JLINK_CORESIGHT_WriteAPDPReg(AP reg 0x01, 0x80011130)
T748C 000:895.395 - 0.209ms returns 0
T748C 000:895.408 JLINK_CORESIGHT_ReadAPDPReg(AP reg 0x03)
T748C 000:895.725   Value=0xFFFFFF00
T748C 000:895.736 - 0.327ms returns 0
T748C 000:895.749 JLINK_CORESIGHT_WriteAPDPReg(AP reg 0x00, 0x80000002)
T748C 000:895.963 - 0.214ms returns 0
T748C 000:895.976 JLINK_CORESIGHT_WriteAPDPReg(AP reg 0x01, 0x80011140)
T748C 000:896.189 - 0.213ms returns 0
T748C 000:896.203 JLINK_CORESIGHT_ReadAPDPReg(AP reg 0x03)
T748C 000:896.474   Value=0x00000000
T748C 000:896.514 - 0.310ms returns 0
T748C 000:896.526 JLINK_CORESIGHT_WriteAPDPReg(AP reg 0x00, 0x80000002)
T748C 000:896.741 - 0.216ms returns 0
T748C 000:896.754 JLINK_CORESIGHT_WriteAPDPReg(AP reg 0x01, 0x80011130)
T748C 000:896.954 - 0.199ms returns 0
T748C 000:896.967 JLINK_CORESIGHT_ReadAPDPReg(AP reg 0x03)
T748C 000:897.227   Value=0xFFFFFFFF
T748C 000:897.238 - 0.271ms returns 0
T748C 000:897.250 JLINK_CORESIGHT_WriteAPDPReg(AP reg 0x00, 0x80000002)
T748C 000:897.453 - 0.203ms returns 0
T748C 000:897.467 JLINK_CORESIGHT_WriteAPDPReg(AP reg 0x01, 0x80011140)
T748C 000:897.711 - 0.243ms returns 0
T748C 000:897.742 JLINK_CORESIGHT_ReadAPDPReg(AP reg 0x03)
T748C 000:898.017   Value=0x00000000
T748C 000:898.036 - 0.294ms returns 0
T748C 000:898.051 JLINK_CORESIGHT_WriteAPDPReg(AP reg 0x00, 0x80000002)
T748C 000:898.278 - 0.227ms returns 0
T748C 000:898.292 JLINK_CORESIGHT_WriteAPDPReg(AP reg 0x01, 0x80011130)
T748C 000:898.559 - 0.267ms returns 0
T748C 000:898.573 JLINK_CORESIGHT_ReadAPDPReg(AP reg 0x03)
T748C 000:898.823   Value=0x0003B0FF
T748C 000:898.831 - 0.258ms returns 0
T748C 000:898.843 JLINK_CORESIGHT_WriteAPDPReg(AP reg 0x00, 0x80000002)
T748C 000:899.043 - 0.200ms returns 0
T748C 000:899.055 JLINK_CORESIGHT_WriteAPDPReg(AP reg 0x01, 0x80011140)
T748C 000:899.244 - 0.188ms returns 0
T748C 000:899.258 JLINK_CORESIGHT_ReadAPDPReg(AP reg 0x03)
T748C 000:899.550   Value=0x00000002
T748C 000:899.559 - 0.301ms returns 0
T748C 000:899.569 JLINK_CORESIGHT_WriteAPDPReg(AP reg 0x00, 0x80000002)
T748C 000:899.762 - 0.193ms returns 0
T748C 000:899.773 JLINK_CORESIGHT_WriteAPDPReg(AP reg 0x01, 0x80011120)
T748C 000:899.964 - 0.191ms returns 0
T748C 000:899.976 JLINK_CORESIGHT_WriteAPDPReg(AP reg 0x03, 0x4F010001)
T748C 000:900.187 - 0.211ms returns 0
T748C 000:900.199 JLINK_CORESIGHT_WriteAPDPReg(AP reg 0x00, 0x80000002)
T748C 000:900.388 - 0.189ms returns 0
T748C 000:900.399 JLINK_CORESIGHT_WriteAPDPReg(AP reg 0x01, 0x80011140)
T748C 000:900.590 - 0.190ms returns 0
T748C 000:900.601 JLINK_CORESIGHT_ReadAPDPReg(AP reg 0x03)
T748C 000:900.846   Value=0x00000002
T748C 000:900.855 - 0.254ms returns 0
T748C 000:900.865 JLINK_CORESIGHT_WriteAPDPReg(AP reg 0x00, 0x80000002)
T748C 000:901.059 - 0.195ms returns 0
T748C 000:901.070 JLINK_CORESIGHT_WriteAPDPReg(AP reg 0x01, 0x80011120)
T748C 000:901.261 - 0.191ms returns 0
T748C 000:901.272 JLINK_CORESIGHT_WriteAPDPReg(AP reg 0x03, 0x000003B0)
T748C 000:901.468 - 0.195ms returns 0
T748C 000:901.480 JLINK_CORESIGHT_WriteAPDPReg(AP reg 0x00, 0x80000002)
T748C 000:901.686 - 0.206ms returns 0
T748C 000:901.697 JLINK_CORESIGHT_WriteAPDPReg(AP reg 0x01, 0x80011140)
T748C 000:901.890 - 0.193ms returns 0
T748C 000:901.902 JLINK_CORESIGHT_ReadAPDPReg(AP reg 0x03)
T748C 000:902.141   Value=0x00000000
T748C 000:902.150 - 0.248ms returns 0
T748C 000:902.159 JLINK_CORESIGHT_WriteAPDPReg(AP reg 0x00, 0x80000002)
T748C 000:902.425 - 0.265ms returns 0
T748C 000:902.437 JLINK_CORESIGHT_WriteAPDPReg(AP reg 0x01, 0x80011130)
T748C 000:902.689 - 0.251ms returns 0
T748C 000:902.701 JLINK_CORESIGHT_ReadAPDPReg(AP reg 0x03)
T748C 000:902.943   Value=0x4F0B0081
T748C 000:902.952 - 0.251ms returns 0
T748C 000:902.961 JLINK_CORESIGHT_WriteAPDPReg(AP reg 0x00, 0x80000002)
T748C 000:903.160 - 0.198ms returns 0
T748C 000:903.170 JLINK_CORESIGHT_WriteAPDPReg(AP reg 0x01, 0x80011140)
T748C 000:903.367 - 0.196ms returns 0
T748C 000:903.378 JLINK_CORESIGHT_ReadAPDPReg(AP reg 0x03)
T748C 000:903.644   Value=0x00000000
T748C 000:903.665 - 0.287ms returns 0
T748C 000:903.686 JLINK_CORESIGHT_WriteAPDPReg(AP reg 0x00, 0x80000002)
T748C 000:903.950 - 0.264ms returns 0
T748C 000:903.975 JLINK_CORESIGHT_WriteAPDPReg(AP reg 0x01, 0x80011130)
T748C 000:904.208 - 0.232ms returns 0
T748C 000:904.222 JLINK_CORESIGHT_ReadAPDPReg(AP reg 0x03)
T748C 000:904.470   Value=0x40000000
T748C 000:904.481 - 0.259ms returns 0
T748C 000:904.493 JLINK_CORESIGHT_WriteAPDPReg(AP reg 0x00, 0x80000002)
T748C 000:904.696 - 0.203ms returns 0
T748C 000:904.707 JLINK_CORESIGHT_WriteAPDPReg(AP reg 0x01, 0x80011140)
T748C 000:904.901 - 0.193ms returns 0
T748C 000:904.913 JLINK_CORESIGHT_ReadAPDPReg(AP reg 0x03)
T748C 000:905.165   Value=0x00000000
T748C 000:905.173 - 0.260ms returns 0
T748C 000:905.183 JLINK_CORESIGHT_WriteAPDPReg(AP reg 0x00, 0x80000002)
T748C 000:905.412 - 0.229ms returns 0
T748C 000:905.425 JLINK_CORESIGHT_WriteAPDPReg(AP reg 0x01, 0x80011130)
T748C 000:905.658 - 0.232ms returns 0
T748C 000:905.679 JLINK_CORESIGHT_ReadAPDPReg(AP reg 0x03)
T748C 000:905.976   Value=0x00000000
T748C 000:905.996 - 0.317ms returns 0
T748C 000:906.020 JLINK_CORESIGHT_WriteAPDPReg(AP reg 0x00, 0x80000002)
T748C 000:906.275 - 0.255ms returns 0
T748C 000:906.295 JLINK_CORESIGHT_WriteAPDPReg(AP reg 0x01, 0x80011140)
T748C 000:906.554 - 0.259ms returns 0
T748C 000:906.568 JLINK_CORESIGHT_ReadAPDPReg(AP reg 0x03)
T748C 000:906.822   Value=0x00000000
T748C 000:906.830 - 0.262ms returns 0
T748C 000:906.840 JLINK_CORESIGHT_WriteAPDPReg(AP reg 0x00, 0x80000002)
T748C 000:907.046 - 0.205ms returns 0
T748C 000:907.065 JLINK_CORESIGHT_WriteAPDPReg(AP reg 0x01, 0x80011130)
T748C 000:907.253 - 0.187ms returns 0
T748C 000:907.264 JLINK_CORESIGHT_ReadAPDPReg(AP reg 0x03)
T748C 000:907.551   Value=0x03660000
T748C 000:907.559 - 0.295ms returns 0
T748C 000:908.031 JLINK_CORESIGHT_WriteAPDPReg(AP reg 0x00, 0x80000002)
T748C 000:908.248 - 0.216ms returns 0
T748C 000:908.257 JLINK_CORESIGHT_WriteAPDPReg(AP reg 0x01, 0x80011140)
T748C 000:908.441 - 0.184ms returns 0
T748C 000:908.452 JLINK_CORESIGHT_ReadAPDPReg(AP reg 0x03)
T748C 000:908.722   Value=0x00000002
T748C 000:908.735 - 0.283ms returns 0
T748C 000:908.743 JLINK_CORESIGHT_WriteAPDPReg(AP reg 0x00, 0x80000002)
T748C 000:908.941 - 0.197ms returns 0
T748C 000:908.950 JLINK_CORESIGHT_WriteAPDPReg(AP reg 0x01, 0x80011120)
T748C 000:909.143 - 0.192ms returns 0
T748C 000:909.153 JLINK_CORESIGHT_WriteAPDPReg(AP reg 0x03, 0x4F010001)
T748C 000:909.353 - 0.200ms returns 0
T748C 000:909.363 JLINK_CORESIGHT_WriteAPDPReg(AP reg 0x00, 0x80000002)
T748C 000:909.568 - 0.205ms returns 0
T748C 000:909.578 JLINK_CORESIGHT_WriteAPDPReg(AP reg 0x01, 0x80011140)
T748C 000:909.792 - 0.213ms returns 0
T748C 000:909.801 JLINK_CORESIGHT_ReadAPDPReg(AP reg 0x03)
T748C 000:910.058   Value=0x00000002
T748C 000:910.069 - 0.267ms returns 0
T748C 000:910.076 JLINK_CORESIGHT_WriteAPDPReg(AP reg 0x00, 0x80000002)
T748C 000:910.261 - 0.185ms returns 0
T748C 000:910.270 JLINK_CORESIGHT_WriteAPDPReg(AP reg 0x01, 0x80011120)
T748C 000:910.477 - 0.206ms returns 0
T748C 000:910.486 JLINK_CORESIGHT_WriteAPDPReg(AP reg 0x03, 0x000003B0)
T748C 000:910.690 - 0.203ms returns 0
T748C 000:910.699 JLINK_CORESIGHT_WriteAPDPReg(AP reg 0x00, 0x80000002)
T748C 000:910.911 - 0.212ms returns 0
T748C 000:910.921 JLINK_CORESIGHT_WriteAPDPReg(AP reg 0x01, 0x80011140)
T748C 000:911.119 - 0.197ms returns 0
T748C 000:911.136 JLINK_CORESIGHT_ReadAPDPReg(AP reg 0x03)
T748C 000:911.389   Value=0x00000002
T748C 000:911.401 - 0.265ms returns 0
T748C 000:911.410 JLINK_CORESIGHT_ReadAPDPReg(AP reg 0x03)
T748C 000:911.713   Value=0x00000002
T748C 000:911.724 - 0.314ms returns 0
T748C 000:911.732 JLINK_CORESIGHT_ReadAPDPReg(AP reg 0x03)
T748C 000:911.975   Value=0x00000002
T748C 000:911.983 - 0.251ms returns 0
T748C 000:911.990 JLINK_CORESIGHT_ReadAPDPReg(AP reg 0x03)
T748C 000:912.233   Value=0x00000002
T748C 000:912.242 - 0.252ms returns 0
T748C 000:912.248 JLINK_CORESIGHT_ReadAPDPReg(AP reg 0x03)
T748C 000:912.663   Value=0x00000002
T748C 000:912.684 - 0.436ms returns 0
T748C 000:912.695 JLINK_CORESIGHT_ReadAPDPReg(AP reg 0x03)
T748C 000:913.204   Value=0x00000000
T748C 000:913.218 - 0.523ms returns 0
T748C 000:913.227 JLINK_CORESIGHT_WriteAPDPReg(AP reg 0x00, 0x80000002)
T748C 000:913.434 - 0.206ms returns 0
T748C 000:913.445 JLINK_CORESIGHT_WriteAPDPReg(AP reg 0x01, 0x80011130)
T748C 000:913.668 - 0.223ms returns 0
T748C 000:913.678 JLINK_CORESIGHT_ReadAPDPReg(AP reg 0x03)
T748C 000:913.928   Value=0x4F0B0081
T748C 000:913.938 - 0.260ms returns 0
T748C 000:913.946 JLINK_CORESIGHT_WriteAPDPReg(AP reg 0x00, 0x80000002)
T748C 000:914.556 - 0.609ms returns 0
T748C 000:914.567 JLINK_CORESIGHT_WriteAPDPReg(AP reg 0x01, 0x80011140)
T748C 000:914.753 - 0.186ms returns 0
T748C 000:914.762 JLINK_CORESIGHT_ReadAPDPReg(AP reg 0x03)
T748C 000:915.003   Value=0x00000000
T748C 000:915.010 - 0.248ms returns 0
T748C 000:915.017 JLINK_CORESIGHT_WriteAPDPReg(AP reg 0x00, 0x80000002)
T748C 000:915.211 - 0.193ms returns 0
T748C 000:915.218 JLINK_CORESIGHT_WriteAPDPReg(AP reg 0x01, 0x80011130)
T748C 000:915.430 - 0.211ms returns 0
T748C 000:915.438 JLINK_CORESIGHT_ReadAPDPReg(AP reg 0x03)
T748C 000:915.719   Value=0x40000000
T748C 000:915.728 - 0.289ms returns 0
T748C 000:915.734 JLINK_CORESIGHT_WriteAPDPReg(AP reg 0x00, 0x80000002)
T748C 000:915.935 - 0.200ms returns 0
T748C 000:915.943 JLINK_CORESIGHT_WriteAPDPReg(AP reg 0x01, 0x80011140)
T748C 000:916.132 - 0.189ms returns 0
T748C 000:916.139 JLINK_CORESIGHT_ReadAPDPReg(AP reg 0x03)
T748C 000:916.382   Value=0x00000000
T748C 000:916.390 - 0.251ms returns 0
T748C 000:916.397 JLINK_CORESIGHT_WriteAPDPReg(AP reg 0x00, 0x80000002)
T748C 000:916.589 - 0.192ms returns 0
T748C 000:916.597 JLINK_CORESIGHT_WriteAPDPReg(AP reg 0x01, 0x80011130)
T748C 000:916.813 - 0.216ms returns 0
T748C 000:916.821 JLINK_CORESIGHT_ReadAPDPReg(AP reg 0x03)
T748C 000:917.067   Value=0x00000000
T748C 000:917.075 - 0.254ms returns 0
T748C 000:917.081 JLINK_CORESIGHT_WriteAPDPReg(AP reg 0x00, 0x80000002)
T748C 000:917.296 - 0.214ms returns 0
T748C 000:917.304 JLINK_CORESIGHT_WriteAPDPReg(AP reg 0x01, 0x80011140)
T748C 000:917.554 - 0.249ms returns 0
T748C 000:917.564 JLINK_CORESIGHT_ReadAPDPReg(AP reg 0x03)
T748C 000:917.816   Value=0x00000000
T748C 000:917.825 - 0.261ms returns 0
T748C 000:917.831 JLINK_CORESIGHT_WriteAPDPReg(AP reg 0x00, 0x80000002)
T748C 000:918.026 - 0.195ms returns 0
T748C 000:918.034 JLINK_CORESIGHT_WriteAPDPReg(AP reg 0x01, 0x80011130)
T748C 000:918.225 - 0.190ms returns 0
T748C 000:918.232 JLINK_CORESIGHT_ReadAPDPReg(AP reg 0x03)
T748C 000:918.483   Value=0x03660000
T748C 000:918.492 - 0.259ms returns 0
T748C 000:918.503 JLINK_CORESIGHT_ReadAPDPReg(DP reg 0x01)
T748C 000:918.691   Value=0xF0000F40
T748C 000:918.699 - 0.196ms returns 0
T748C 000:918.705 JLINK_CORESIGHT_WriteAPDPReg(DP reg 0x01, 0xA0000F40)
T748C 000:918.897 - 0.192ms returns 0
T748C 000:918.906 JLINK_CORESIGHT_ReadAPDPReg(DP reg 0x01)
T748C 000:919.108   Value=0x00000F40
T748C 000:919.116 - 0.210ms returns 0
T748C 000:919.123 JLINK_ClrRESET()
T748C 000:919.291 - 0.167ms 
T748C 001:025.913 JLINK_Close()
T748C 001:041.061 - 15.146ms
T748C 001:041.112   
T748C 001:041.117   Closed
